Archive member included because of file (symbol)

/usr/lib/gcc/avr/4.5.3/avr51/libgcc.a(_exit.o)
                              /usr/lib/gcc/avr/4.5.3/../../../avr/lib/avr51/crtusb1286.o (exit)
/usr/lib/gcc/avr/4.5.3/avr51/libgcc.a(_copy_data.o)
                              Magstripe.o (__do_copy_data)
/usr/lib/gcc/avr/4.5.3/avr51/libgcc.a(_clear_bss.o)
                              Magstripe.o (__do_clear_bss)
/usr/lib/gcc/avr/4.5.3/../../../avr/lib/avr51/libc.a(memcpy_P.o)
                              ../../LUFA/Drivers/USB/Class/Device/RNDISClassDevice.o (memcpy_P)
/usr/lib/gcc/avr/4.5.3/../../../avr/lib/avr51/libc.a(memcmp.o)
                              ../../LUFA/Drivers/USB/Class/Device/HIDClassDevice.o (memcmp)
/usr/lib/gcc/avr/4.5.3/../../../avr/lib/avr51/libc.a(memcpy.o)
                              ../../LUFA/Drivers/USB/Class/Device/HIDClassDevice.o (memcpy)
/usr/lib/gcc/avr/4.5.3/../../../avr/lib/avr51/libc.a(memset.o)
                              ../../LUFA/Drivers/USB/Class/Device/HIDClassDevice.o (memset)
/usr/lib/gcc/avr/4.5.3/../../../avr/lib/avr51/libc.a(eerd_byte_at90usb1287.o)
                              ../../LUFA/Drivers/USB/Core/AVR8/EndpointStream_AVR8.o (__eerd_byte_usb1287)
/usr/lib/gcc/avr/4.5.3/../../../avr/lib/avr51/libc.a(eeupd_byte_at90usb1287.o)
                              ../../LUFA/Drivers/USB/Core/AVR8/EndpointStream_AVR8.o (__eeupd_byte_usb1287)

Allocating common symbols
Common symbol       size              file

USB_IsInitialized   0x1               ../../LUFA/Drivers/USB/Core/USBTask.o
USB_Device_ConfigurationNumber
                    0x1               ../../LUFA/Drivers/USB/Core/DeviceStandardReq.o
USB_Device_CurrentlySelfPowered
                    0x1               ../../LUFA/Drivers/USB/Core/DeviceStandardReq.o
USB_ControlRequest  0x8               ../../LUFA/Drivers/USB/Core/USBTask.o
USB_Device_RemoteWakeupEnabled
                    0x1               ../../LUFA/Drivers/USB/Core/DeviceStandardReq.o

Discarded input sections

 .data          0x00000000        0x0 /usr/lib/gcc/avr/4.5.3/../../../avr/lib/avr51/crtusb1286.o
 .bss           0x00000000        0x0 /usr/lib/gcc/avr/4.5.3/../../../avr/lib/avr51/crtusb1286.o
 .text          0x00000000        0x0 Magstripe.o
 .text          0x00000000        0x0 Descriptors.o
 .data          0x00000000        0x0 Descriptors.o
 .bss           0x00000000        0x0 Descriptors.o
 .text          0x00000000        0x0 Lib/CircularBitBuffer.o
 .data          0x00000000        0x0 Lib/CircularBitBuffer.o
 .bss           0x00000000        0x0 Lib/CircularBitBuffer.o
 .text          0x00000000        0x0 ../../LUFA/Drivers/USB/Class/Common/HIDParser.o
 .data          0x00000000        0x0 ../../LUFA/Drivers/USB/Class/Common/HIDParser.o
 .bss           0x00000000        0x0 ../../LUFA/Drivers/USB/Class/Common/HIDParser.o
 .text.USB_ProcessHIDReport
                0x00000000      0x816 ../../LUFA/Drivers/USB/Class/Common/HIDParser.o
 .text.USB_GetHIDReportItemInfo
                0x00000000       0xbc ../../LUFA/Drivers/USB/Class/Common/HIDParser.o
 .text.USB_SetHIDReportItemInfo
                0x00000000       0xc8 ../../LUFA/Drivers/USB/Class/Common/HIDParser.o
 .text.USB_GetHIDReportSize
                0x00000000       0x58 ../../LUFA/Drivers/USB/Class/Common/HIDParser.o
 .text          0x00000000        0x0 ../../LUFA/Drivers/USB/Core/AVR8/Device_AVR8.o
 .data          0x00000000        0x0 ../../LUFA/Drivers/USB/Core/AVR8/Device_AVR8.o
 .bss           0x00000000        0x0 ../../LUFA/Drivers/USB/Core/AVR8/Device_AVR8.o
 .text.USB_Device_SendRemoteWakeup
                0x00000000       0x2c ../../LUFA/Drivers/USB/Core/AVR8/Device_AVR8.o
 .text          0x00000000        0x0 ../../LUFA/Drivers/USB/Core/AVR8/EndpointStream_AVR8.o
 .data          0x00000000        0x0 ../../LUFA/Drivers/USB/Core/AVR8/EndpointStream_AVR8.o
 .bss           0x00000000        0x0 ../../LUFA/Drivers/USB/Core/AVR8/EndpointStream_AVR8.o
 .text.Endpoint_Discard_Stream
                0x00000000       0x8e ../../LUFA/Drivers/USB/Core/AVR8/EndpointStream_AVR8.o
 .text.Endpoint_Null_Stream
                0x00000000       0x8e ../../LUFA/Drivers/USB/Core/AVR8/EndpointStream_AVR8.o
 .text.Endpoint_Write_Stream_BE
                0x00000000       0xb2 ../../LUFA/Drivers/USB/Core/AVR8/EndpointStream_AVR8.o
 .text.Endpoint_Read_Stream_LE
                0x00000000       0xc2 ../../LUFA/Drivers/USB/Core/AVR8/EndpointStream_AVR8.o
 .text.Endpoint_Read_Stream_BE
                0x00000000       0xb2 ../../LUFA/Drivers/USB/Core/AVR8/EndpointStream_AVR8.o
 .text.Endpoint_Write_PStream_LE
                0x00000000       0xc8 ../../LUFA/Drivers/USB/Core/AVR8/EndpointStream_AVR8.o
 .text.Endpoint_Write_PStream_BE
                0x00000000       0xb4 ../../LUFA/Drivers/USB/Core/AVR8/EndpointStream_AVR8.o
 .text.Endpoint_Write_EStream_LE
                0x00000000       0xc8 ../../LUFA/Drivers/USB/Core/AVR8/EndpointStream_AVR8.o
 .text.Endpoint_Write_EStream_BE
                0x00000000       0xb4 ../../LUFA/Drivers/USB/Core/AVR8/EndpointStream_AVR8.o
 .text.Endpoint_Read_EStream_LE
                0x00000000       0xc6 ../../LUFA/Drivers/USB/Core/AVR8/EndpointStream_AVR8.o
 .text.Endpoint_Read_EStream_BE
                0x00000000       0xb8 ../../LUFA/Drivers/USB/Core/AVR8/EndpointStream_AVR8.o
 .text.Endpoint_Write_Control_Stream_BE
                0x00000000       0xbc ../../LUFA/Drivers/USB/Core/AVR8/EndpointStream_AVR8.o
 .text.Endpoint_Read_Control_Stream_BE
                0x00000000       0x7e ../../LUFA/Drivers/USB/Core/AVR8/EndpointStream_AVR8.o
 .text.Endpoint_Write_Control_PStream_BE
                0x00000000       0xbc ../../LUFA/Drivers/USB/Core/AVR8/EndpointStream_AVR8.o
 .text.Endpoint_Write_Control_EStream_LE
                0x00000000       0xd2 ../../LUFA/Drivers/USB/Core/AVR8/EndpointStream_AVR8.o
 .text.Endpoint_Write_Control_EStream_BE
                0x00000000       0xdc ../../LUFA/Drivers/USB/Core/AVR8/EndpointStream_AVR8.o
 .text.Endpoint_Read_Control_EStream_LE
                0x00000000       0x88 ../../LUFA/Drivers/USB/Core/AVR8/EndpointStream_AVR8.o
 .text.Endpoint_Read_Control_EStream_BE
                0x00000000       0x8e ../../LUFA/Drivers/USB/Core/AVR8/EndpointStream_AVR8.o
 .text          0x00000000        0x0 ../../LUFA/Drivers/USB/Core/AVR8/Endpoint_AVR8.o
 .data          0x00000000        0x0 ../../LUFA/Drivers/USB/Core/AVR8/Endpoint_AVR8.o
 .bss           0x00000000        0x0 ../../LUFA/Drivers/USB/Core/AVR8/Endpoint_AVR8.o
 .text.Endpoint_ClearEndpoints
                0x00000000       0x2c ../../LUFA/Drivers/USB/Core/AVR8/Endpoint_AVR8.o
 .text          0x00000000        0x0 ../../LUFA/Drivers/USB/Core/AVR8/Host_AVR8.o
 .data          0x00000000        0x0 ../../LUFA/Drivers/USB/Core/AVR8/Host_AVR8.o
 .bss           0x00000000        0x0 ../../LUFA/Drivers/USB/Core/AVR8/Host_AVR8.o
 .text          0x00000000        0x0 ../../LUFA/Drivers/USB/Core/AVR8/PipeStream_AVR8.o
 .data          0x00000000        0x0 ../../LUFA/Drivers/USB/Core/AVR8/PipeStream_AVR8.o
 .bss           0x00000000        0x0 ../../LUFA/Drivers/USB/Core/AVR8/PipeStream_AVR8.o
 .text          0x00000000        0x0 ../../LUFA/Drivers/USB/Core/AVR8/Pipe_AVR8.o
 .data          0x00000000        0x0 ../../LUFA/Drivers/USB/Core/AVR8/Pipe_AVR8.o
 .bss           0x00000000        0x0 ../../LUFA/Drivers/USB/Core/AVR8/Pipe_AVR8.o
 .text          0x00000000        0x0 ../../LUFA/Drivers/USB/Core/AVR8/USBController_AVR8.o
 .data          0x00000000        0x0 ../../LUFA/Drivers/USB/Core/AVR8/USBController_AVR8.o
 .bss           0x00000000        0x0 ../../LUFA/Drivers/USB/Core/AVR8/USBController_AVR8.o
 .text.USB_Disable
                0x00000000       0x34 ../../LUFA/Drivers/USB/Core/AVR8/USBController_AVR8.o
 .text          0x00000000        0x0 ../../LUFA/Drivers/USB/Core/AVR8/USBInterrupt_AVR8.o
 .data          0x00000000        0x0 ../../LUFA/Drivers/USB/Core/AVR8/USBInterrupt_AVR8.o
 .bss           0x00000000        0x0 ../../LUFA/Drivers/USB/Core/AVR8/USBInterrupt_AVR8.o
 .text          0x00000000        0x0 ../../LUFA/Drivers/USB/Core/ConfigDescriptors.o
 .data          0x00000000        0x0 ../../LUFA/Drivers/USB/Core/ConfigDescriptors.o
 .bss           0x00000000        0x0 ../../LUFA/Drivers/USB/Core/ConfigDescriptors.o
 .text.USB_GetNextDescriptorOfType
                0x00000000       0x4c ../../LUFA/Drivers/USB/Core/ConfigDescriptors.o
 .text.USB_GetNextDescriptorOfTypeBefore
                0x00000000       0x56 ../../LUFA/Drivers/USB/Core/ConfigDescriptors.o
 .text.USB_GetNextDescriptorOfTypeAfter
                0x00000000       0x34 ../../LUFA/Drivers/USB/Core/ConfigDescriptors.o
 .text.USB_GetNextDescriptorComp
                0x00000000       0x86 ../../LUFA/Drivers/USB/Core/ConfigDescriptors.o
 .text          0x00000000        0x0 ../../LUFA/Drivers/USB/Core/DeviceStandardReq.o
 .data          0x00000000        0x0 ../../LUFA/Drivers/USB/Core/DeviceStandardReq.o
 .bss           0x00000000        0x0 ../../LUFA/Drivers/USB/Core/DeviceStandardReq.o
 .text          0x00000000        0x0 ../../LUFA/Drivers/USB/Core/Events.o
 .data          0x00000000        0x0 ../../LUFA/Drivers/USB/Core/Events.o
 .bss           0x00000000        0x0 ../../LUFA/Drivers/USB/Core/Events.o
 .text          0x00000000        0x0 ../../LUFA/Drivers/USB/Core/HostStandardReq.o
 .data          0x00000000        0x0 ../../LUFA/Drivers/USB/Core/HostStandardReq.o
 .bss           0x00000000        0x0 ../../LUFA/Drivers/USB/Core/HostStandardReq.o
 .text          0x00000000        0x0 ../../LUFA/Drivers/USB/Core/USBTask.o
 .data          0x00000000        0x0 ../../LUFA/Drivers/USB/Core/USBTask.o
 .bss           0x00000000        0x0 ../../LUFA/Drivers/USB/Core/USBTask.o
 .text          0x00000000        0x0 ../../LUFA/Drivers/USB/Class/Device/AudioClassDevice.o
 .data          0x00000000        0x0 ../../LUFA/Drivers/USB/Class/Device/AudioClassDevice.o
 .bss           0x00000000        0x0 ../../LUFA/Drivers/USB/Class/Device/AudioClassDevice.o
 .text.Audio_Device_ProcessControlRequest
                0x00000000      0x316 ../../LUFA/Drivers/USB/Class/Device/AudioClassDevice.o
 .text.Audio_Device_ConfigureEndpoints
                0x00000000       0x30 ../../LUFA/Drivers/USB/Class/Device/AudioClassDevice.o
 .text.Audio_Device_Event_Stub
                0x00000000        0x2 ../../LUFA/Drivers/USB/Class/Device/AudioClassDevice.o
 .text          0x00000000        0x0 ../../LUFA/Drivers/USB/Class/Device/CDCClassDevice.o
 .data          0x00000000        0x8 ../../LUFA/Drivers/USB/Class/Device/CDCClassDevice.o
 .bss           0x00000000        0x0 ../../LUFA/Drivers/USB/Class/Device/CDCClassDevice.o
 .text.CDC_Device_ProcessControlRequest
                0x00000000      0x166 ../../LUFA/Drivers/USB/Class/Device/CDCClassDevice.o
 .text.CDC_Device_ConfigureEndpoints
                0x00000000       0x4e ../../LUFA/Drivers/USB/Class/Device/CDCClassDevice.o
 .text.CDC_Device_SendString
                0x00000000       0x46 ../../LUFA/Drivers/USB/Class/Device/CDCClassDevice.o
 .text.CDC_Device_SendData
                0x00000000       0x38 ../../LUFA/Drivers/USB/Class/Device/CDCClassDevice.o
 .text.CDC_Device_SendByte
                0x00000000       0x5c ../../LUFA/Drivers/USB/Class/Device/CDCClassDevice.o
 .text.CDC_Device_putchar
                0x00000000       0x20 ../../LUFA/Drivers/USB/Class/Device/CDCClassDevice.o
 .text.CDC_Device_Flush
                0x00000000       0x60 ../../LUFA/Drivers/USB/Class/Device/CDCClassDevice.o
 .text.CDC_Device_USBTask
                0x00000000       0x30 ../../LUFA/Drivers/USB/Class/Device/CDCClassDevice.o
 .text.CDC_Device_BytesReceived
                0x00000000       0x54 ../../LUFA/Drivers/USB/Class/Device/CDCClassDevice.o
 .text.CDC_Device_ReceiveByte
                0x00000000       0x62 ../../LUFA/Drivers/USB/Class/Device/CDCClassDevice.o
 .text.CDC_Device_getchar_Blocking
                0x00000000       0x36 ../../LUFA/Drivers/USB/Class/Device/CDCClassDevice.o
 .text.CDC_Device_getchar
                0x00000000       0x18 ../../LUFA/Drivers/USB/Class/Device/CDCClassDevice.o
 .text.CDC_Device_SendControlLineStateChange
                0x00000000       0x8c ../../LUFA/Drivers/USB/Class/Device/CDCClassDevice.o
 .text.CDC_Device_CreateStream
                0x00000000       0x26 ../../LUFA/Drivers/USB/Class/Device/CDCClassDevice.o
 .text.CDC_Device_CreateBlockingStream
                0x00000000       0x26 ../../LUFA/Drivers/USB/Class/Device/CDCClassDevice.o
 .text.CDC_Device_Event_Stub
                0x00000000        0x2 ../../LUFA/Drivers/USB/Class/Device/CDCClassDevice.o
 .text          0x00000000        0x0 ../../LUFA/Drivers/USB/Class/Device/HIDClassDevice.o
 .data          0x00000000        0x0 ../../LUFA/Drivers/USB/Class/Device/HIDClassDevice.o
 .bss           0x00000000        0x0 ../../LUFA/Drivers/USB/Class/Device/HIDClassDevice.o
 .text          0x00000000        0x0 ../../LUFA/Drivers/USB/Class/Device/MassStorageClassDevice.o
 .data          0x00000000        0x0 ../../LUFA/Drivers/USB/Class/Device/MassStorageClassDevice.o
 .bss           0x00000000        0x0 ../../LUFA/Drivers/USB/Class/Device/MassStorageClassDevice.o
 .text.MS_Device_ProcessControlRequest
                0x00000000       0x7e ../../LUFA/Drivers/USB/Class/Device/MassStorageClassDevice.o
 .text.MS_Device_ConfigureEndpoints
                0x00000000       0x3c ../../LUFA/Drivers/USB/Class/Device/MassStorageClassDevice.o
 .text.MS_Device_USBTask
                0x00000000      0x26e ../../LUFA/Drivers/USB/Class/Device/MassStorageClassDevice.o
 .text          0x00000000        0x0 ../../LUFA/Drivers/USB/Class/Device/MIDIClassDevice.o
 .data          0x00000000        0x0 ../../LUFA/Drivers/USB/Class/Device/MIDIClassDevice.o
 .bss           0x00000000        0x0 ../../LUFA/Drivers/USB/Class/Device/MIDIClassDevice.o
 .text.MIDI_Device_ConfigureEndpoints
                0x00000000       0x30 ../../LUFA/Drivers/USB/Class/Device/MIDIClassDevice.o
 .text.MIDI_Device_SendEventPacket
                0x00000000       0x3a ../../LUFA/Drivers/USB/Class/Device/MIDIClassDevice.o
 .text.MIDI_Device_Flush
                0x00000000       0x34 ../../LUFA/Drivers/USB/Class/Device/MIDIClassDevice.o
 .text.MIDI_Device_USBTask
                0x00000000       0x1e ../../LUFA/Drivers/USB/Class/Device/MIDIClassDevice.o
 .text.MIDI_Device_ReceiveEventPacket
                0x00000000       0x44 ../../LUFA/Drivers/USB/Class/Device/MIDIClassDevice.o
 .text          0x00000000        0x0 ../../LUFA/Drivers/USB/Class/Device/RNDISClassDevice.o
 .data          0x00000000        0x8 ../../LUFA/Drivers/USB/Class/Device/RNDISClassDevice.o
 .bss           0x00000000        0x0 ../../LUFA/Drivers/USB/Class/Device/RNDISClassDevice.o
 .text.RNDIS_Device_ProcessControlRequest
                0x00000000      0x5bc ../../LUFA/Drivers/USB/Class/Device/RNDISClassDevice.o
 .text.RNDIS_Device_ConfigureEndpoints
                0x00000000       0x4e ../../LUFA/Drivers/USB/Class/Device/RNDISClassDevice.o
 .text.RNDIS_Device_USBTask
                0x00000000       0x86 ../../LUFA/Drivers/USB/Class/Device/RNDISClassDevice.o
 .text.RNDIS_Device_IsPacketReceived
                0x00000000       0x2e ../../LUFA/Drivers/USB/Class/Device/RNDISClassDevice.o
 .text.RNDIS_Device_ReadPacket
                0x00000000       0xbe ../../LUFA/Drivers/USB/Class/Device/RNDISClassDevice.o
 .text.RNDIS_Device_SendPacket
                0x00000000       0xde ../../LUFA/Drivers/USB/Class/Device/RNDISClassDevice.o
 .progmem.data  0x00000000       0x6c ../../LUFA/Drivers/USB/Class/Device/RNDISClassDevice.o
 .text          0x00000000        0x0 ../../LUFA/Drivers/USB/Class/Host/AndroidAccessoryClassHost.o
 .data          0x00000000        0x0 ../../LUFA/Drivers/USB/Class/Host/AndroidAccessoryClassHost.o
 .bss           0x00000000        0x0 ../../LUFA/Drivers/USB/Class/Host/AndroidAccessoryClassHost.o
 .text          0x00000000        0x0 ../../LUFA/Drivers/USB/Class/Host/AudioClassHost.o
 .data          0x00000000        0x0 ../../LUFA/Drivers/USB/Class/Host/AudioClassHost.o
 .bss           0x00000000        0x0 ../../LUFA/Drivers/USB/Class/Host/AudioClassHost.o
 .text          0x00000000        0x0 ../../LUFA/Drivers/USB/Class/Host/CDCClassHost.o
 .data          0x00000000        0x0 ../../LUFA/Drivers/USB/Class/Host/CDCClassHost.o
 .bss           0x00000000        0x0 ../../LUFA/Drivers/USB/Class/Host/CDCClassHost.o
 .text          0x00000000        0x0 ../../LUFA/Drivers/USB/Class/Host/HIDClassHost.o
 .data          0x00000000        0x0 ../../LUFA/Drivers/USB/Class/Host/HIDClassHost.o
 .bss           0x00000000        0x0 ../../LUFA/Drivers/USB/Class/Host/HIDClassHost.o
 .text          0x00000000        0x0 ../../LUFA/Drivers/USB/Class/Host/MassStorageClassHost.o
 .data          0x00000000        0x0 ../../LUFA/Drivers/USB/Class/Host/MassStorageClassHost.o
 .bss           0x00000000        0x0 ../../LUFA/Drivers/USB/Class/Host/MassStorageClassHost.o
 .text          0x00000000        0x0 ../../LUFA/Drivers/USB/Class/Host/MIDIClassHost.o
 .data          0x00000000        0x0 ../../LUFA/Drivers/USB/Class/Host/MIDIClassHost.o
 .bss           0x00000000        0x0 ../../LUFA/Drivers/USB/Class/Host/MIDIClassHost.o
 .text          0x00000000        0x0 ../../LUFA/Drivers/USB/Class/Host/PrinterClassHost.o
 .data          0x00000000        0x0 ../../LUFA/Drivers/USB/Class/Host/PrinterClassHost.o
 .bss           0x00000000        0x0 ../../LUFA/Drivers/USB/Class/Host/PrinterClassHost.o
 .text          0x00000000        0x0 ../../LUFA/Drivers/USB/Class/Host/RNDISClassHost.o
 .data          0x00000000        0x0 ../../LUFA/Drivers/USB/Class/Host/RNDISClassHost.o
 .bss           0x00000000        0x0 ../../LUFA/Drivers/USB/Class/Host/RNDISClassHost.o
 .text          0x00000000        0x0 ../../LUFA/Drivers/USB/Class/Host/StillImageClassHost.o
 .data          0x00000000        0x0 ../../LUFA/Drivers/USB/Class/Host/StillImageClassHost.o
 .bss           0x00000000        0x0 ../../LUFA/Drivers/USB/Class/Host/StillImageClassHost.o
 .text          0x00000000        0x0 /usr/lib/gcc/avr/4.5.3/avr51/libgcc.a(_exit.o)
 .data          0x00000000        0x0 /usr/lib/gcc/avr/4.5.3/avr51/libgcc.a(_exit.o)
 .bss           0x00000000        0x0 /usr/lib/gcc/avr/4.5.3/avr51/libgcc.a(_exit.o)
 .text.libgcc   0x00000000        0x0 /usr/lib/gcc/avr/4.5.3/avr51/libgcc.a(_exit.o)
 .text          0x00000000        0x0 /usr/lib/gcc/avr/4.5.3/avr51/libgcc.a(_copy_data.o)
 .data          0x00000000        0x0 /usr/lib/gcc/avr/4.5.3/avr51/libgcc.a(_copy_data.o)
 .bss           0x00000000        0x0 /usr/lib/gcc/avr/4.5.3/avr51/libgcc.a(_copy_data.o)
 .text.libgcc   0x00000000        0x0 /usr/lib/gcc/avr/4.5.3/avr51/libgcc.a(_copy_data.o)
 .text          0x00000000        0x0 /usr/lib/gcc/avr/4.5.3/avr51/libgcc.a(_clear_bss.o)
 .data          0x00000000        0x0 /usr/lib/gcc/avr/4.5.3/avr51/libgcc.a(_clear_bss.o)
 .bss           0x00000000        0x0 /usr/lib/gcc/avr/4.5.3/avr51/libgcc.a(_clear_bss.o)
 .text.libgcc   0x00000000        0x0 /usr/lib/gcc/avr/4.5.3/avr51/libgcc.a(_clear_bss.o)
 .text          0x00000000        0x0 /usr/lib/gcc/avr/4.5.3/../../../avr/lib/avr51/libc.a(memcpy_P.o)
 .data          0x00000000        0x0 /usr/lib/gcc/avr/4.5.3/../../../avr/lib/avr51/libc.a(memcpy_P.o)
 .bss           0x00000000        0x0 /usr/lib/gcc/avr/4.5.3/../../../avr/lib/avr51/libc.a(memcpy_P.o)
 .text.avr-libc
                0x00000000       0x12 /usr/lib/gcc/avr/4.5.3/../../../avr/lib/avr51/libc.a(memcpy_P.o)
 .text          0x00000000        0x0 /usr/lib/gcc/avr/4.5.3/../../../avr/lib/avr51/libc.a(memcmp.o)
 .data          0x00000000        0x0 /usr/lib/gcc/avr/4.5.3/../../../avr/lib/avr51/libc.a(memcmp.o)
 .bss           0x00000000        0x0 /usr/lib/gcc/avr/4.5.3/../../../avr/lib/avr51/libc.a(memcmp.o)
 .text          0x00000000        0x0 /usr/lib/gcc/avr/4.5.3/../../../avr/lib/avr51/libc.a(memcpy.o)
 .data          0x00000000        0x0 /usr/lib/gcc/avr/4.5.3/../../../avr/lib/avr51/libc.a(memcpy.o)
 .bss           0x00000000        0x0 /usr/lib/gcc/avr/4.5.3/../../../avr/lib/avr51/libc.a(memcpy.o)
 .text          0x00000000        0x0 /usr/lib/gcc/avr/4.5.3/../../../avr/lib/avr51/libc.a(memset.o)
 .data          0x00000000        0x0 /usr/lib/gcc/avr/4.5.3/../../../avr/lib/avr51/libc.a(memset.o)
 .bss           0x00000000        0x0 /usr/lib/gcc/avr/4.5.3/../../../avr/lib/avr51/libc.a(memset.o)
 .text          0x00000000        0x0 /usr/lib/gcc/avr/4.5.3/../../../avr/lib/avr51/libc.a(eerd_byte_at90usb1287.o)
 .data          0x00000000        0x0 /usr/lib/gcc/avr/4.5.3/../../../avr/lib/avr51/libc.a(eerd_byte_at90usb1287.o)
 .bss           0x00000000        0x0 /usr/lib/gcc/avr/4.5.3/../../../avr/lib/avr51/libc.a(eerd_byte_at90usb1287.o)
 .text.avr-libc
                0x00000000       0x10 /usr/lib/gcc/avr/4.5.3/../../../avr/lib/avr51/libc.a(eerd_byte_at90usb1287.o)
 .text          0x00000000        0x0 /usr/lib/gcc/avr/4.5.3/../../../avr/lib/avr51/libc.a(eeupd_byte_at90usb1287.o)
 .data          0x00000000        0x0 /usr/lib/gcc/avr/4.5.3/../../../avr/lib/avr51/libc.a(eeupd_byte_at90usb1287.o)
 .bss           0x00000000        0x0 /usr/lib/gcc/avr/4.5.3/../../../avr/lib/avr51/libc.a(eeupd_byte_at90usb1287.o)
 .text.avr-libc
                0x00000000       0x24 /usr/lib/gcc/avr/4.5.3/../../../avr/lib/avr51/libc.a(eeupd_byte_at90usb1287.o)

Memory Configuration

Name             Origin             Length             Attributes
text             0x00000000         0x00020000         xr
data             0x00800100         0x0000ff00         rw !x
eeprom           0x00810000         0x00010000         rw !x
fuse             0x00820000         0x00000400         rw !x
lock             0x00830000         0x00000400         rw !x
signature        0x00840000         0x00000400         rw !x
*default*        0x00000000         0xffffffff

Linker script and memory map

Address of section .data set to 0x800100
LOAD /usr/lib/gcc/avr/4.5.3/../../../avr/lib/avr51/crtusb1286.o
LOAD Magstripe.o
LOAD Descriptors.o
LOAD Lib/CircularBitBuffer.o
LOAD ../../LUFA/Drivers/USB/Class/Common/HIDParser.o
LOAD ../../LUFA/Drivers/USB/Core/AVR8/Device_AVR8.o
LOAD ../../LUFA/Drivers/USB/Core/AVR8/EndpointStream_AVR8.o
LOAD ../../LUFA/Drivers/USB/Core/AVR8/Endpoint_AVR8.o
LOAD ../../LUFA/Drivers/USB/Core/AVR8/Host_AVR8.o
LOAD ../../LUFA/Drivers/USB/Core/AVR8/PipeStream_AVR8.o
LOAD ../../LUFA/Drivers/USB/Core/AVR8/Pipe_AVR8.o
LOAD ../../LUFA/Drivers/USB/Core/AVR8/USBController_AVR8.o
LOAD ../../LUFA/Drivers/USB/Core/AVR8/USBInterrupt_AVR8.o
LOAD ../../LUFA/Drivers/USB/Core/ConfigDescriptors.o
LOAD ../../LUFA/Drivers/USB/Core/DeviceStandardReq.o
LOAD ../../LUFA/Drivers/USB/Core/Events.o
LOAD ../../LUFA/Drivers/USB/Core/HostStandardReq.o
LOAD ../../LUFA/Drivers/USB/Core/USBTask.o
LOAD ../../LUFA/Drivers/USB/Class/Device/AudioClassDevice.o
LOAD ../../LUFA/Drivers/USB/Class/Device/CDCClassDevice.o
LOAD ../../LUFA/Drivers/USB/Class/Device/HIDClassDevice.o
LOAD ../../LUFA/Drivers/USB/Class/Device/MassStorageClassDevice.o
LOAD ../../LUFA/Drivers/USB/Class/Device/MIDIClassDevice.o
LOAD ../../LUFA/Drivers/USB/Class/Device/RNDISClassDevice.o
LOAD ../../LUFA/Drivers/USB/Class/Host/AndroidAccessoryClassHost.o
LOAD ../../LUFA/Drivers/USB/Class/Host/AudioClassHost.o
LOAD ../../LUFA/Drivers/USB/Class/Host/CDCClassHost.o
LOAD ../../LUFA/Drivers/USB/Class/Host/HIDClassHost.o
LOAD ../../LUFA/Drivers/USB/Class/Host/MassStorageClassHost.o
LOAD ../../LUFA/Drivers/USB/Class/Host/MIDIClassHost.o
LOAD ../../LUFA/Drivers/USB/Class/Host/PrinterClassHost.o
LOAD ../../LUFA/Drivers/USB/Class/Host/RNDISClassHost.o
LOAD ../../LUFA/Drivers/USB/Class/Host/StillImageClassHost.o
LOAD /usr/lib/gcc/avr/4.5.3/../../../avr/lib/avr51/libm.a
LOAD /usr/lib/gcc/avr/4.5.3/avr51/libgcc.a
LOAD /usr/lib/gcc/avr/4.5.3/../../../avr/lib/avr51/libc.a
LOAD /usr/lib/gcc/avr/4.5.3/avr51/libgcc.a

.hash
 *(.hash)

.dynsym
 *(.dynsym)

.dynstr
 *(.dynstr)

.gnu.version
 *(.gnu.version)

.gnu.version_d
 *(.gnu.version_d)

.gnu.version_r
 *(.gnu.version_r)

.rel.init
 *(.rel.init)

.rela.init
 *(.rela.init)

.rel.text
 *(.rel.text)
 *(.rel.text.*)
 *(.rel.gnu.linkonce.t*)

.rela.text
 *(.rela.text)
 *(.rela.text.*)
 *(.rela.gnu.linkonce.t*)

.rel.fini
 *(.rel.fini)

.rela.fini
 *(.rela.fini)

.rel.rodata
 *(.rel.rodata)
 *(.rel.rodata.*)
 *(.rel.gnu.linkonce.r*)

.rela.rodata
 *(.rela.rodata)
 *(.rela.rodata.*)
 *(.rela.gnu.linkonce.r*)

.rel.data
 *(.rel.data)
 *(.rel.data.*)
 *(.rel.gnu.linkonce.d*)

.rela.data
 *(.rela.data)
 *(.rela.data.*)
 *(.rela.gnu.linkonce.d*)

.rel.ctors
 *(.rel.ctors)

.rela.ctors
 *(.rela.ctors)

.rel.dtors
 *(.rel.dtors)

.rela.dtors
 *(.rela.dtors)

.rel.got
 *(.rel.got)

.rela.got
 *(.rela.got)

.rel.bss
 *(.rel.bss)

.rela.bss
 *(.rela.bss)

.rel.plt
 *(.rel.plt)

.rela.plt
 *(.rela.plt)

.text           0x00000000     0x1308
 *(.vectors)
 .vectors       0x00000000       0x98 /usr/lib/gcc/avr/4.5.3/../../../avr/lib/avr51/crtusb1286.o
                0x00000000                __vectors
                0x00000000                __vector_default
 *(.vectors)
 *(.progmem.gcc*)
 *(.progmem*)
 .progmem.data  0x00000098       0xe7 Descriptors.o
                0x00000098                KeyboardReport
                0x000000d7                DeviceDescriptor
                0x000000e9                ConfigurationDescriptor
                0x0000010b                LanguageString
                0x0000010f                ManufacturerString
                0x00000153                ProductString
                0x00000180                . = ALIGN (0x2)
 *fill*         0x0000017f        0x1 00
                0x00000180                __trampolines_start = .
 *(.trampolines)
 .trampolines   0x00000180        0x0 linker stubs
 *(.trampolines*)
                0x00000180                __trampolines_end = .
 *(.jumptables)
 *(.jumptables*)
 *(.lowtext)
 *(.lowtext*)
                0x00000180                __ctors_start = .
 *(.ctors)
                0x00000180                __ctors_end = .
                0x00000180                __dtors_start = .
 *(.dtors)
                0x00000180                __dtors_end = .
 SORT(*)(.ctors)
 SORT(*)(.dtors)
 *(.init0)
 .init0         0x00000180        0x0 /usr/lib/gcc/avr/4.5.3/../../../avr/lib/avr51/crtusb1286.o
                0x00000180                __init
 *(.init0)
 *(.init1)
 *(.init1)
 *(.init2)
 .init2         0x00000180        0xc /usr/lib/gcc/avr/4.5.3/../../../avr/lib/avr51/crtusb1286.o
 *(.init2)
 *(.init3)
 *(.init3)
 *(.init4)
 .init4         0x0000018c       0x1a /usr/lib/gcc/avr/4.5.3/avr51/libgcc.a(_copy_data.o)
                0x0000018c                __do_copy_data
 .init4         0x000001a6       0x10 /usr/lib/gcc/avr/4.5.3/avr51/libgcc.a(_clear_bss.o)
                0x000001a6                __do_clear_bss
 *(.init4)
 *(.init5)
 *(.init5)
 *(.init6)
 *(.init6)
 *(.init7)
 *(.init7)
 *(.init8)
 *(.init8)
 *(.init9)
 .init9         0x000001b6        0x6 /usr/lib/gcc/avr/4.5.3/../../../avr/lib/avr51/crtusb1286.o
 *(.init9)
 *(.text)
 .text          0x000001bc        0x2 /usr/lib/gcc/avr/4.5.3/../../../avr/lib/avr51/crtusb1286.o
                0x000001bc                __vector_22
                0x000001bc                __vector_28
                0x000001bc                __vector_1
                0x000001bc                __vector_32
                0x000001bc                __vector_34
                0x000001bc                __vector_24
                0x000001bc                __vector_12
                0x000001bc                __bad_interrupt
                0x000001bc                __vector_6
                0x000001bc                __vector_31
                0x000001bc                __vector_35
                0x000001bc                __vector_3
                0x000001bc                __vector_23
                0x000001bc                __vector_30
                0x000001bc                __vector_25
                0x000001bc                __vector_11
                0x000001bc                __vector_13
                0x000001bc                __vector_17
                0x000001bc                __vector_19
                0x000001bc                __vector_7
                0x000001bc                __vector_27
                0x000001bc                __vector_5
                0x000001bc                __vector_33
                0x000001bc                __vector_37
                0x000001bc                __vector_4
                0x000001bc                __vector_9
                0x000001bc                __vector_2
                0x000001bc                __vector_21
                0x000001bc                __vector_15
                0x000001bc                __vector_36
                0x000001bc                __vector_29
                0x000001bc                __vector_8
                0x000001bc                __vector_26
                0x000001bc                __vector_14
                0x000001bc                __vector_16
                0x000001bc                __vector_18
                0x000001bc                __vector_20
                0x000001be                . = ALIGN (0x2)
 *(.text.*)
 .text.SetupHardware
                0x000001be       0x36 Magstripe.o
                0x000001be                SetupHardware
 .text.ReadMagstripeData
                0x000001f4       0xde Magstripe.o
                0x000001f4                ReadMagstripeData
 .text.main     0x000002d2       0x2c Magstripe.o
                0x000002d2                main
 .text.EVENT_USB_Device_ConfigurationChanged
                0x000002fe       0x12 Magstripe.o
                0x000002fe                EVENT_USB_Device_ConfigurationChanged
 .text.EVENT_USB_Device_ControlRequest
                0x00000310        0x6 Magstripe.o
                0x00000310                EVENT_USB_Device_ControlRequest
 .text.EVENT_USB_Device_StartOfFrame
                0x00000316       0x18 Magstripe.o
                0x00000316                EVENT_USB_Device_StartOfFrame
 .text.CALLBACK_HID_Device_CreateHIDReport
                0x0000032e       0x84 Magstripe.o
                0x0000032e                CALLBACK_HID_Device_CreateHIDReport
 .text.CALLBACK_HID_Device_ProcessHIDReport
                0x000003b2        0x2 Magstripe.o
                0x000003b2                CALLBACK_HID_Device_ProcessHIDReport
 .text.CALLBACK_USB_GetDescriptor
                0x000003b4       0x7c Descriptors.o
                0x000003b4                CALLBACK_USB_GetDescriptor
 .text.BitBuffer_Init
                0x00000430       0x32 Lib/CircularBitBuffer.o
                0x00000430                BitBuffer_Init
 .text.BitBuffer_StoreNextBit
                0x00000462       0x70 Lib/CircularBitBuffer.o
                0x00000462                BitBuffer_StoreNextBit
 .text.BitBuffer_GetNextBit
                0x000004d2       0x7c Lib/CircularBitBuffer.o
                0x000004d2                BitBuffer_GetNextBit
 .text.Endpoint_Write_Stream_LE
                0x0000054e       0xbc ../../LUFA/Drivers/USB/Core/AVR8/EndpointStream_AVR8.o
                0x0000054e                Endpoint_Write_Stream_LE
 .text.Endpoint_Write_Control_Stream_LE
                0x0000060a       0xb6 ../../LUFA/Drivers/USB/Core/AVR8/EndpointStream_AVR8.o
                0x0000060a                Endpoint_Write_Control_Stream_LE
 .text.Endpoint_Read_Control_Stream_LE
                0x000006c0       0x7e ../../LUFA/Drivers/USB/Core/AVR8/EndpointStream_AVR8.o
                0x000006c0                Endpoint_Read_Control_Stream_LE
 .text.Endpoint_Write_Control_PStream_LE
                0x0000073e       0xb8 ../../LUFA/Drivers/USB/Core/AVR8/EndpointStream_AVR8.o
                0x0000073e                Endpoint_Write_Control_PStream_LE
 .text.Endpoint_ConfigureEndpoint_Prv
                0x000007f6       0x28 ../../LUFA/Drivers/USB/Core/AVR8/Endpoint_AVR8.o
                0x000007f6                Endpoint_ConfigureEndpoint_Prv
 .text.Endpoint_ConfigureEndpointTable
                0x0000081e       0x88 ../../LUFA/Drivers/USB/Core/AVR8/Endpoint_AVR8.o
                0x0000081e                Endpoint_ConfigureEndpointTable
 .text.Endpoint_ClearStatusStage
                0x000008a6       0x3e ../../LUFA/Drivers/USB/Core/AVR8/Endpoint_AVR8.o
                0x000008a6                Endpoint_ClearStatusStage
 .text.Endpoint_WaitUntilReady
                0x000008e4       0x66 ../../LUFA/Drivers/USB/Core/AVR8/Endpoint_AVR8.o
                0x000008e4                Endpoint_WaitUntilReady
 .text.USB_ResetInterface
                0x0000094a       0x88 ../../LUFA/Drivers/USB/Core/AVR8/USBController_AVR8.o
                0x0000094a                USB_ResetInterface
 .text.USB_Init
                0x000009d2       0x1c ../../LUFA/Drivers/USB/Core/AVR8/USBController_AVR8.o
                0x000009d2                USB_Init
 .text.USB_INT_DisableAllInterrupts
                0x000009ee       0x10 ../../LUFA/Drivers/USB/Core/AVR8/USBInterrupt_AVR8.o
                0x000009ee                USB_INT_DisableAllInterrupts
 .text.USB_INT_ClearAllInterrupts
                0x000009fe        0xa ../../LUFA/Drivers/USB/Core/AVR8/USBInterrupt_AVR8.o
                0x000009fe                USB_INT_ClearAllInterrupts
 .text.__vector_10
                0x00000a08      0x186 ../../LUFA/Drivers/USB/Core/AVR8/USBInterrupt_AVR8.o
                0x00000a08                __vector_10
 .text.USB_Device_ProcessControlRequest
                0x00000b8e      0x2c2 ../../LUFA/Drivers/USB/Core/DeviceStandardReq.o
                0x00000b8e                USB_Device_ProcessControlRequest
 .text.USB_Event_Stub
                0x00000e50        0x2 ../../LUFA/Drivers/USB/Core/Events.o
                0x00000e50                EVENT_USB_Device_Connect
                0x00000e50                EVENT_USB_Device_WakeUp
                0x00000e50                USB_Event_Stub
                0x00000e50                EVENT_USB_Device_Suspend
                0x00000e50                EVENT_USB_Device_Disconnect
                0x00000e50                EVENT_USB_Device_Reset
 .text.USB_USBTask
                0x00000e52       0x36 ../../LUFA/Drivers/USB/Core/USBTask.o
                0x00000e52                USB_USBTask
 .text.HID_Device_ProcessControlRequest
                0x00000e88      0x27a ../../LUFA/Drivers/USB/Class/Device/HIDClassDevice.o
                0x00000e88                HID_Device_ProcessControlRequest
 .text.HID_Device_ConfigureEndpoints
                0x00001102       0x32 ../../LUFA/Drivers/USB/Class/Device/HIDClassDevice.o
                0x00001102                HID_Device_ConfigureEndpoints
 .text.HID_Device_USBTask
                0x00001134      0x196 ../../LUFA/Drivers/USB/Class/Device/HIDClassDevice.o
                0x00001134                HID_Device_USBTask
 .text.avr-libc
                0x000012ca       0x1a /usr/lib/gcc/avr/4.5.3/../../../avr/lib/avr51/libc.a(memcmp.o)
                0x000012ca                memcmp
 .text.avr-libc
                0x000012e4       0x12 /usr/lib/gcc/avr/4.5.3/../../../avr/lib/avr51/libc.a(memcpy.o)
                0x000012e4                memcpy
 .text.avr-libc
                0x000012f6        0xe /usr/lib/gcc/avr/4.5.3/../../../avr/lib/avr51/libc.a(memset.o)
                0x000012f6                memset
                0x00001304                . = ALIGN (0x2)
 *(.fini9)
 .fini9         0x00001304        0x0 /usr/lib/gcc/avr/4.5.3/avr51/libgcc.a(_exit.o)
                0x00001304                exit
                0x00001304                _exit
 *(.fini9)
 *(.fini8)
 *(.fini8)
 *(.fini7)
 *(.fini7)
 *(.fini6)
 *(.fini6)
 *(.fini5)
 *(.fini5)
 *(.fini4)
 *(.fini4)
 *(.fini3)
 *(.fini3)
 *(.fini2)
 *(.fini2)
 *(.fini1)
 *(.fini1)
 *(.fini0)
 .fini0         0x00001304        0x4 /usr/lib/gcc/avr/4.5.3/avr51/libgcc.a(_exit.o)
 *(.fini0)
                0x00001308                _etext = .

.data           0x00800100       0x18 load address 0x00001308
                0x00800100                PROVIDE (__data_start, .)
 *(.data)
 .data          0x00800100       0x18 Magstripe.o
                0x00800100                Keyboard_HID_Interface
 *(.data*)
 *(.rodata)
 *(.rodata*)
 *(.gnu.linkonce.d*)
                0x00800118                . = ALIGN (0x2)
                0x00800118                _edata = .
                0x00800118                PROVIDE (__data_end, .)

.bss            0x00800118      0xc2d
                0x00800118                PROVIDE (__bss_start, .)
 *(.bss)
 .bss           0x00800118      0xc21 Magstripe.o
 *(.bss*)
 *(COMMON)
 COMMON         0x00800d39        0x3 ../../LUFA/Drivers/USB/Core/DeviceStandardReq.o
                0x00800d39                USB_Device_ConfigurationNumber
                0x00800d3a                USB_Device_CurrentlySelfPowered
                0x00800d3b                USB_Device_RemoteWakeupEnabled
 COMMON         0x00800d3c        0x9 ../../LUFA/Drivers/USB/Core/USBTask.o
                0x00800d3c                USB_IsInitialized
                0x00800d3d                USB_ControlRequest
                0x00800d45                PROVIDE (__bss_end, .)
                0x00001308                __data_load_start = LOADADDR (.data)
                0x00001320                __data_load_end = (__data_load_start + SIZEOF (.data))

.noinit         0x00800d45        0x0
                0x00800d45                PROVIDE (__noinit_start, .)
 *(.noinit*)
                0x00800d45                PROVIDE (__noinit_end, .)
                0x00800d45                _end = .
                0x00800d45                PROVIDE (__heap_start, .)

.eeprom         0x00810000        0x0
 *(.eeprom*)
                0x00810000                __eeprom_end = .

.fuse
 *(.fuse)
 *(.lfuse)
 *(.hfuse)
 *(.efuse)

.lock
 *(.lock*)

.signature
 *(.signature*)

.stab           0x00000000      0xa98
 *(.stab)
 .stab          0x00000000      0x6cc /usr/lib/gcc/avr/4.5.3/../../../avr/lib/avr51/crtusb1286.o
 .stab          0x000006cc       0x84 /usr/lib/gcc/avr/4.5.3/../../../avr/lib/avr51/libc.a(memcpy_P.o)
                                 0x90 (size before relaxing)
 .stab          0x00000750       0xb4 /usr/lib/gcc/avr/4.5.3/../../../avr/lib/avr51/libc.a(memcmp.o)
                                 0xc0 (size before relaxing)
 .stab          0x00000804       0x84 /usr/lib/gcc/avr/4.5.3/../../../avr/lib/avr51/libc.a(memcpy.o)
                                 0x90 (size before relaxing)
 .stab          0x00000888       0x6c /usr/lib/gcc/avr/4.5.3/../../../avr/lib/avr51/libc.a(memset.o)
                                 0x78 (size before relaxing)
 .stab          0x000008f4       0x90 /usr/lib/gcc/avr/4.5.3/../../../avr/lib/avr51/libc.a(eerd_byte_at90usb1287.o)
                                 0x9c (size before relaxing)
 .stab          0x00000984      0x114 /usr/lib/gcc/avr/4.5.3/../../../avr/lib/avr51/libc.a(eeupd_byte_at90usb1287.o)
                                0x120 (size before relaxing)

.stabstr        0x00000000      0x16f
 *(.stabstr)
 .stabstr       0x00000000      0x16f /usr/lib/gcc/avr/4.5.3/../../../avr/lib/avr51/crtusb1286.o

.stab.excl
 *(.stab.excl)

.stab.exclstr
 *(.stab.exclstr)

.stab.index
 *(.stab.index)

.stab.indexstr
 *(.stab.indexstr)

.comment
 *(.comment)

.debug
 *(.debug)

.line
 *(.line)

.debug_srcinfo
 *(.debug_srcinfo)

.debug_sfnames
 *(.debug_sfnames)

.debug_aranges  0x00000000      0x4b0
 *(.debug_aranges)
 .debug_aranges
                0x00000000       0x58 Magstripe.o
 .debug_aranges
                0x00000058       0x20 Descriptors.o
 .debug_aranges
                0x00000078       0x30 Lib/CircularBitBuffer.o
 .debug_aranges
                0x000000a8       0x38 ../../LUFA/Drivers/USB/Class/Common/HIDParser.o
 .debug_aranges
                0x000000e0       0x20 ../../LUFA/Drivers/USB/Core/AVR8/Device_AVR8.o
 .debug_aranges
                0x00000100       0xc8 ../../LUFA/Drivers/USB/Core/AVR8/EndpointStream_AVR8.o
 .debug_aranges
                0x000001c8       0x40 ../../LUFA/Drivers/USB/Core/AVR8/Endpoint_AVR8.o
 .debug_aranges
                0x00000208       0x30 ../../LUFA/Drivers/USB/Core/AVR8/USBController_AVR8.o
 .debug_aranges
                0x00000238       0x30 ../../LUFA/Drivers/USB/Core/AVR8/USBInterrupt_AVR8.o
 .debug_aranges
                0x00000268       0x38 ../../LUFA/Drivers/USB/Core/ConfigDescriptors.o
 .debug_aranges
                0x000002a0       0x20 ../../LUFA/Drivers/USB/Core/DeviceStandardReq.o
 .debug_aranges
                0x000002c0       0x20 ../../LUFA/Drivers/USB/Core/Events.o
 .debug_aranges
                0x000002e0       0x20 ../../LUFA/Drivers/USB/Core/USBTask.o
 .debug_aranges
                0x00000300       0x30 ../../LUFA/Drivers/USB/Class/Device/AudioClassDevice.o
 .debug_aranges
                0x00000330       0x98 ../../LUFA/Drivers/USB/Class/Device/CDCClassDevice.o
 .debug_aranges
                0x000003c8       0x30 ../../LUFA/Drivers/USB/Class/Device/HIDClassDevice.o
 .debug_aranges
                0x000003f8       0x30 ../../LUFA/Drivers/USB/Class/Device/MassStorageClassDevice.o
 .debug_aranges
                0x00000428       0x40 ../../LUFA/Drivers/USB/Class/Device/MIDIClassDevice.o
 .debug_aranges
                0x00000468       0x48 ../../LUFA/Drivers/USB/Class/Device/RNDISClassDevice.o

.debug_pubnames
                0x00000000      0xd16
 *(.debug_pubnames)
 .debug_pubnames
                0x00000000      0x11f Magstripe.o
 .debug_pubnames
                0x0000011f       0xb1 Descriptors.o
 .debug_pubnames
                0x000001d0       0x59 Lib/CircularBitBuffer.o
 .debug_pubnames
                0x00000229       0x7e ../../LUFA/Drivers/USB/Class/Common/HIDParser.o
 .debug_pubnames
                0x000002a7       0x32 ../../LUFA/Drivers/USB/Core/AVR8/Device_AVR8.o
 .debug_pubnames
                0x000002d9      0x2df ../../LUFA/Drivers/USB/Core/AVR8/EndpointStream_AVR8.o
 .debug_pubnames
                0x000005b8       0xaf ../../LUFA/Drivers/USB/Core/AVR8/Endpoint_AVR8.o
 .debug_pubnames
                0x00000667       0x46 ../../LUFA/Drivers/USB/Core/AVR8/USBController_AVR8.o
 .debug_pubnames
                0x000006ad       0x62 ../../LUFA/Drivers/USB/Core/AVR8/USBInterrupt_AVR8.o
 .debug_pubnames
                0x0000070f       0x9b ../../LUFA/Drivers/USB/Core/ConfigDescriptors.o
 .debug_pubnames
                0x000007aa       0xa1 ../../LUFA/Drivers/USB/Core/DeviceStandardReq.o
 .debug_pubnames
                0x0000084b       0x25 ../../LUFA/Drivers/USB/Core/Events.o
 .debug_pubnames
                0x00000870       0x4f ../../LUFA/Drivers/USB/Core/USBTask.o
 .debug_pubnames
                0x000008bf       0x79 ../../LUFA/Drivers/USB/Class/Device/AudioClassDevice.o
 .debug_pubnames
                0x00000938      0x18b ../../LUFA/Drivers/USB/Class/Device/CDCClassDevice.o
 .debug_pubnames
                0x00000ac3       0x70 ../../LUFA/Drivers/USB/Class/Device/HIDClassDevice.o
 .debug_pubnames
                0x00000b33       0x6d ../../LUFA/Drivers/USB/Class/Device/MassStorageClassDevice.o
 .debug_pubnames
                0x00000ba0       0xa6 ../../LUFA/Drivers/USB/Class/Device/MIDIClassDevice.o
 .debug_pubnames
                0x00000c46       0xd0 ../../LUFA/Drivers/USB/Class/Device/RNDISClassDevice.o

.debug_info     0x00000000     0x8581
 *(.debug_info)
 .debug_info    0x00000000      0x733 Magstripe.o
 .debug_info    0x00000733      0x6f5 Descriptors.o
 .debug_info    0x00000e28      0x1c8 Lib/CircularBitBuffer.o
 .debug_info    0x00000ff0      0x6f9 ../../LUFA/Drivers/USB/Class/Common/HIDParser.o
 .debug_info    0x000016e9       0xd8 ../../LUFA/Drivers/USB/Core/AVR8/Device_AVR8.o
 .debug_info    0x000017c1     0x154c ../../LUFA/Drivers/USB/Core/AVR8/EndpointStream_AVR8.o
 .debug_info    0x00002d0d      0x593 ../../LUFA/Drivers/USB/Core/AVR8/Endpoint_AVR8.o
 .debug_info    0x000032a0       0x6c ../../LUFA/Drivers/USB/Core/AVR8/Host_AVR8.o
 .debug_info    0x0000330c       0x6c ../../LUFA/Drivers/USB/Core/AVR8/PipeStream_AVR8.o
 .debug_info    0x00003378       0x6c ../../LUFA/Drivers/USB/Core/AVR8/Pipe_AVR8.o
 .debug_info    0x000033e4      0x477 ../../LUFA/Drivers/USB/Core/AVR8/USBController_AVR8.o
 .debug_info    0x0000385b      0x5bd ../../LUFA/Drivers/USB/Core/AVR8/USBInterrupt_AVR8.o
 .debug_info    0x00003e18      0x38c ../../LUFA/Drivers/USB/Core/ConfigDescriptors.o
 .debug_info    0x000041a4      0x973 ../../LUFA/Drivers/USB/Core/DeviceStandardReq.o
 .debug_info    0x00004b17       0x85 ../../LUFA/Drivers/USB/Core/Events.o
 .debug_info    0x00004b9c       0x6c ../../LUFA/Drivers/USB/Core/HostStandardReq.o
 .debug_info    0x00004c08      0x245 ../../LUFA/Drivers/USB/Core/USBTask.o
 .debug_info    0x00004e4d      0x56c ../../LUFA/Drivers/USB/Class/Device/AudioClassDevice.o
 .debug_info    0x000053b9      0xc3b ../../LUFA/Drivers/USB/Class/Device/CDCClassDevice.o
 .debug_info    0x00005ff4      0x67a ../../LUFA/Drivers/USB/Class/Device/HIDClassDevice.o
 .debug_info    0x0000666e      0x7ca ../../LUFA/Drivers/USB/Class/Device/MassStorageClassDevice.o
 .debug_info    0x00006e38      0x4c1 ../../LUFA/Drivers/USB/Class/Device/MIDIClassDevice.o
 .debug_info    0x000072f9      0xebc ../../LUFA/Drivers/USB/Class/Device/RNDISClassDevice.o
 .debug_info    0x000081b5       0x6c ../../LUFA/Drivers/USB/Class/Host/AndroidAccessoryClassHost.o
 .debug_info    0x00008221       0x6c ../../LUFA/Drivers/USB/Class/Host/AudioClassHost.o
 .debug_info    0x0000828d       0x6c ../../LUFA/Drivers/USB/Class/Host/CDCClassHost.o
 .debug_info    0x000082f9       0x6c ../../LUFA/Drivers/USB/Class/Host/HIDClassHost.o
 .debug_info    0x00008365       0x6c ../../LUFA/Drivers/USB/Class/Host/MassStorageClassHost.o
 .debug_info    0x000083d1       0x6c ../../LUFA/Drivers/USB/Class/Host/MIDIClassHost.o
 .debug_info    0x0000843d       0x6c ../../LUFA/Drivers/USB/Class/Host/PrinterClassHost.o
 .debug_info    0x000084a9       0x6c ../../LUFA/Drivers/USB/Class/Host/RNDISClassHost.o
 .debug_info    0x00008515       0x6c ../../LUFA/Drivers/USB/Class/Host/StillImageClassHost.o
 *(.gnu.linkonce.wi.*)

.debug_abbrev   0x00000000     0x2087
 *(.debug_abbrev)
 .debug_abbrev  0x00000000      0x28c Magstripe.o
 .debug_abbrev  0x0000028c      0x16b Descriptors.o
 .debug_abbrev  0x000003f7       0xee Lib/CircularBitBuffer.o
 .debug_abbrev  0x000004e5      0x1ec ../../LUFA/Drivers/USB/Class/Common/HIDParser.o
 .debug_abbrev  0x000006d1       0x7d ../../LUFA/Drivers/USB/Core/AVR8/Device_AVR8.o
 .debug_abbrev  0x0000074e      0x18b ../../LUFA/Drivers/USB/Core/AVR8/EndpointStream_AVR8.o
 .debug_abbrev  0x000008d9      0x1e5 ../../LUFA/Drivers/USB/Core/AVR8/Endpoint_AVR8.o
 .debug_abbrev  0x00000abe       0x2a ../../LUFA/Drivers/USB/Core/AVR8/Host_AVR8.o
 .debug_abbrev  0x00000ae8       0x2a ../../LUFA/Drivers/USB/Core/AVR8/PipeStream_AVR8.o
 .debug_abbrev  0x00000b12       0x2a ../../LUFA/Drivers/USB/Core/AVR8/Pipe_AVR8.o
 .debug_abbrev  0x00000b3c      0x12d ../../LUFA/Drivers/USB/Core/AVR8/USBController_AVR8.o
 .debug_abbrev  0x00000c69      0x177 ../../LUFA/Drivers/USB/Core/AVR8/USBInterrupt_AVR8.o
 .debug_abbrev  0x00000de0      0x148 ../../LUFA/Drivers/USB/Core/ConfigDescriptors.o
 .debug_abbrev  0x00000f28      0x20b ../../LUFA/Drivers/USB/Core/DeviceStandardReq.o
 .debug_abbrev  0x00001133       0x41 ../../LUFA/Drivers/USB/Core/Events.o
 .debug_abbrev  0x00001174       0x2a ../../LUFA/Drivers/USB/Core/HostStandardReq.o
 .debug_abbrev  0x0000119e      0x14b ../../LUFA/Drivers/USB/Core/USBTask.o
 .debug_abbrev  0x000012e9      0x160 ../../LUFA/Drivers/USB/Class/Device/AudioClassDevice.o
 .debug_abbrev  0x00001449      0x2ec ../../LUFA/Drivers/USB/Class/Device/CDCClassDevice.o
 .debug_abbrev  0x00001735      0x1b5 ../../LUFA/Drivers/USB/Class/Device/HIDClassDevice.o
 .debug_abbrev  0x000018ea      0x205 ../../LUFA/Drivers/USB/Class/Device/MassStorageClassDevice.o
 .debug_abbrev  0x00001aef      0x16c ../../LUFA/Drivers/USB/Class/Device/MIDIClassDevice.o
 .debug_abbrev  0x00001c5b      0x2b2 ../../LUFA/Drivers/USB/Class/Device/RNDISClassDevice.o
 .debug_abbrev  0x00001f0d       0x2a ../../LUFA/Drivers/USB/Class/Host/AndroidAccessoryClassHost.o
 .debug_abbrev  0x00001f37       0x2a ../../LUFA/Drivers/USB/Class/Host/AudioClassHost.o
 .debug_abbrev  0x00001f61       0x2a ../../LUFA/Drivers/USB/Class/Host/CDCClassHost.o
 .debug_abbrev  0x00001f8b       0x2a ../../LUFA/Drivers/USB/Class/Host/HIDClassHost.o
 .debug_abbrev  0x00001fb5       0x2a ../../LUFA/Drivers/USB/Class/Host/MassStorageClassHost.o
 .debug_abbrev  0x00001fdf       0x2a ../../LUFA/Drivers/USB/Class/Host/MIDIClassHost.o
 .debug_abbrev  0x00002009       0x2a ../../LUFA/Drivers/USB/Class/Host/PrinterClassHost.o
 .debug_abbrev  0x00002033       0x2a ../../LUFA/Drivers/USB/Class/Host/RNDISClassHost.o
 .debug_abbrev  0x0000205d       0x2a ../../LUFA/Drivers/USB/Class/Host/StillImageClassHost.o

.debug_line     0x00000000     0x6c74
 *(.debug_line)
 .debug_line    0x00000000      0x4f9 Magstripe.o
 .debug_line    0x000004f9      0x209 Descriptors.o
 .debug_line    0x00000702      0x1a6 Lib/CircularBitBuffer.o
 .debug_line    0x000008a8      0x752 ../../LUFA/Drivers/USB/Class/Common/HIDParser.o
 .debug_line    0x00000ffa      0x15f ../../LUFA/Drivers/USB/Core/AVR8/Device_AVR8.o
 .debug_line    0x00001159     0x1ad0 ../../LUFA/Drivers/USB/Core/AVR8/EndpointStream_AVR8.o
 .debug_line    0x00002c29      0x502 ../../LUFA/Drivers/USB/Core/AVR8/Endpoint_AVR8.o
 .debug_line    0x0000312b       0x3e ../../LUFA/Drivers/USB/Core/AVR8/Host_AVR8.o
 .debug_line    0x00003169       0x3e ../../LUFA/Drivers/USB/Core/AVR8/PipeStream_AVR8.o
 .debug_line    0x000031a7       0x3e ../../LUFA/Drivers/USB/Core/AVR8/Pipe_AVR8.o
 .debug_line    0x000031e5      0x35c ../../LUFA/Drivers/USB/Core/AVR8/USBController_AVR8.o
 .debug_line    0x00003541      0x521 ../../LUFA/Drivers/USB/Core/AVR8/USBInterrupt_AVR8.o
 .debug_line    0x00003a62      0x269 ../../LUFA/Drivers/USB/Core/ConfigDescriptors.o
 .debug_line    0x00003ccb      0x5a2 ../../LUFA/Drivers/USB/Core/DeviceStandardReq.o
 .debug_line    0x0000426d       0x80 ../../LUFA/Drivers/USB/Core/Events.o
 .debug_line    0x000042ed       0x3e ../../LUFA/Drivers/USB/Core/HostStandardReq.o
 .debug_line    0x0000432b      0x1ae ../../LUFA/Drivers/USB/Core/USBTask.o
 .debug_line    0x000044d9      0x4be ../../LUFA/Drivers/USB/Class/Device/AudioClassDevice.o
 .debug_line    0x00004997      0x9c2 ../../LUFA/Drivers/USB/Class/Device/CDCClassDevice.o
 .debug_line    0x00005359      0x5c3 ../../LUFA/Drivers/USB/Class/Device/HIDClassDevice.o
 .debug_line    0x0000591c      0x5d6 ../../LUFA/Drivers/USB/Class/Device/MassStorageClassDevice.o
 .debug_line    0x00005ef2      0x3bc ../../LUFA/Drivers/USB/Class/Device/MIDIClassDevice.o
 .debug_line    0x000062ae      0x798 ../../LUFA/Drivers/USB/Class/Device/RNDISClassDevice.o
 .debug_line    0x00006a46       0x3e ../../LUFA/Drivers/USB/Class/Host/AndroidAccessoryClassHost.o
 .debug_line    0x00006a84       0x3e ../../LUFA/Drivers/USB/Class/Host/AudioClassHost.o
 .debug_line    0x00006ac2       0x3e ../../LUFA/Drivers/USB/Class/Host/CDCClassHost.o
 .debug_line    0x00006b00       0x3e ../../LUFA/Drivers/USB/Class/Host/HIDClassHost.o
 .debug_line    0x00006b3e       0x3e ../../LUFA/Drivers/USB/Class/Host/MassStorageClassHost.o
 .debug_line    0x00006b7c       0x3e ../../LUFA/Drivers/USB/Class/Host/MIDIClassHost.o
 .debug_line    0x00006bba       0x3e ../../LUFA/Drivers/USB/Class/Host/PrinterClassHost.o
 .debug_line    0x00006bf8       0x3e ../../LUFA/Drivers/USB/Class/Host/RNDISClassHost.o
 .debug_line    0x00006c36       0x3e ../../LUFA/Drivers/USB/Class/Host/StillImageClassHost.o

.debug_frame    0x00000000      0x700
 *(.debug_frame)
 .debug_frame   0x00000000       0x90 Magstripe.o
 .debug_frame   0x00000090       0x20 Descriptors.o
 .debug_frame   0x000000b0       0x40 Lib/CircularBitBuffer.o
 .debug_frame   0x000000f0       0x50 ../../LUFA/Drivers/USB/Class/Common/HIDParser.o
 .debug_frame   0x00000140       0x20 ../../LUFA/Drivers/USB/Core/AVR8/Device_AVR8.o
 .debug_frame   0x00000160      0x170 ../../LUFA/Drivers/USB/Core/AVR8/EndpointStream_AVR8.o
 .debug_frame   0x000002d0       0x60 ../../LUFA/Drivers/USB/Core/AVR8/Endpoint_AVR8.o
 .debug_frame   0x00000330       0x40 ../../LUFA/Drivers/USB/Core/AVR8/USBController_AVR8.o
 .debug_frame   0x00000370       0x40 ../../LUFA/Drivers/USB/Core/AVR8/USBInterrupt_AVR8.o
 .debug_frame   0x000003b0       0x50 ../../LUFA/Drivers/USB/Core/ConfigDescriptors.o
 .debug_frame   0x00000400       0x20 ../../LUFA/Drivers/USB/Core/DeviceStandardReq.o
 .debug_frame   0x00000420       0x20 ../../LUFA/Drivers/USB/Core/Events.o
 .debug_frame   0x00000440       0x20 ../../LUFA/Drivers/USB/Core/USBTask.o
 .debug_frame   0x00000460       0x40 ../../LUFA/Drivers/USB/Class/Device/AudioClassDevice.o
 .debug_frame   0x000004a0      0x110 ../../LUFA/Drivers/USB/Class/Device/CDCClassDevice.o
 .debug_frame   0x000005b0       0x40 ../../LUFA/Drivers/USB/Class/Device/HIDClassDevice.o
 .debug_frame   0x000005f0       0x40 ../../LUFA/Drivers/USB/Class/Device/MassStorageClassDevice.o
 .debug_frame   0x00000630       0x60 ../../LUFA/Drivers/USB/Class/Device/MIDIClassDevice.o
 .debug_frame   0x00000690       0x70 ../../LUFA/Drivers/USB/Class/Device/RNDISClassDevice.o

.debug_str      0x00000000     0x37cb
 *(.debug_str)
 .debug_str     0x00000000      0x52f Magstripe.o
                                0x5cc (size before relaxing)
 .debug_str     0x0000052f      0x687 Descriptors.o
                                0x7f9 (size before relaxing)
 .debug_str     0x00000bb6       0x53 Lib/CircularBitBuffer.o
                                0x180 (size before relaxing)
 .debug_str     0x00000c09      0x46b ../../LUFA/Drivers/USB/Class/Common/HIDParser.o
                                0x5ef (size before relaxing)
 .debug_str     0x00001074       0x77 ../../LUFA/Drivers/USB/Core/AVR8/Device_AVR8.o
                                0x152 (size before relaxing)
 .debug_str     0x000010eb      0x641 ../../LUFA/Drivers/USB/Core/AVR8/EndpointStream_AVR8.o
                                0x768 (size before relaxing)
 .debug_str     0x0000172c      0x2cb ../../LUFA/Drivers/USB/Core/AVR8/Endpoint_AVR8.o
                                0x541 (size before relaxing)
 .debug_str     0x000019f7       0x2d ../../LUFA/Drivers/USB/Core/AVR8/Host_AVR8.o
                                 0xfa (size before relaxing)
 .debug_str     0x00001a24       0x33 ../../LUFA/Drivers/USB/Core/AVR8/PipeStream_AVR8.o
                                0x100 (size before relaxing)
 .debug_str     0x00001a57       0x2d ../../LUFA/Drivers/USB/Core/AVR8/Pipe_AVR8.o
                                 0xfa (size before relaxing)
 .debug_str     0x00001a84      0x1cb ../../LUFA/Drivers/USB/Core/AVR8/USBController_AVR8.o
                                0x44c (size before relaxing)
 .debug_str     0x00001c4f       0xe9 ../../LUFA/Drivers/USB/Core/AVR8/USBInterrupt_AVR8.o
                                0x3be (size before relaxing)
 .debug_str     0x00001d38      0x227 ../../LUFA/Drivers/USB/Core/ConfigDescriptors.o
                                0x33a (size before relaxing)
 .debug_str     0x00001f5f      0x422 ../../LUFA/Drivers/USB/Core/DeviceStandardReq.o
                                0x858 (size before relaxing)
 .debug_str     0x00002381       0x34 ../../LUFA/Drivers/USB/Core/Events.o
                                0x101 (size before relaxing)
 .debug_str     0x000023b5       0x2e ../../LUFA/Drivers/USB/Core/HostStandardReq.o
                                 0xfb (size before relaxing)
 .debug_str     0x000023e3       0x6a ../../LUFA/Drivers/USB/Core/USBTask.o
                                0x2a8 (size before relaxing)
 .debug_str     0x0000244d      0x26f ../../LUFA/Drivers/USB/Class/Device/AudioClassDevice.o
                                0x528 (size before relaxing)
 .debug_str     0x000026bc      0x3b2 ../../LUFA/Drivers/USB/Class/Device/CDCClassDevice.o
                                0x8dc (size before relaxing)
 .debug_str     0x00002a6e      0x14b ../../LUFA/Drivers/USB/Class/Device/HIDClassDevice.o
                                0x557 (size before relaxing)
 .debug_str     0x00002bb9      0x23d ../../LUFA/Drivers/USB/Class/Device/MassStorageClassDevice.o
                                0x6b8 (size before relaxing)
 .debug_str     0x00002df6      0x118 ../../LUFA/Drivers/USB/Class/Device/MIDIClassDevice.o
                                0x53f (size before relaxing)
 .debug_str     0x00002f0e      0x6df ../../LUFA/Drivers/USB/Class/Device/RNDISClassDevice.o
                                0xbf0 (size before relaxing)
 .debug_str     0x000035ed       0x3e ../../LUFA/Drivers/USB/Class/Host/AndroidAccessoryClassHost.o
                                0x10b (size before relaxing)
 .debug_str     0x0000362b       0x33 ../../LUFA/Drivers/USB/Class/Host/AudioClassHost.o
                                0x100 (size before relaxing)
 .debug_str     0x0000365e       0x31 ../../LUFA/Drivers/USB/Class/Host/CDCClassHost.o
                                 0xfe (size before relaxing)
 .debug_str     0x0000368f       0x31 ../../LUFA/Drivers/USB/Class/Host/HIDClassHost.o
                                 0xfe (size before relaxing)
 .debug_str     0x000036c0       0x39 ../../LUFA/Drivers/USB/Class/Host/MassStorageClassHost.o
                                0x106 (size before relaxing)
 .debug_str     0x000036f9       0x32 ../../LUFA/Drivers/USB/Class/Host/MIDIClassHost.o
                                 0xff (size before relaxing)
 .debug_str     0x0000372b       0x35 ../../LUFA/Drivers/USB/Class/Host/PrinterClassHost.o
                                0x102 (size before relaxing)
 .debug_str     0x00003760       0x33 ../../LUFA/Drivers/USB/Class/Host/RNDISClassHost.o
                                0x100 (size before relaxing)
 .debug_str     0x00003793       0x38 ../../LUFA/Drivers/USB/Class/Host/StillImageClassHost.o
                                0x105 (size before relaxing)

.debug_loc      0x00000000     0x4237
 *(.debug_loc)
 .debug_loc     0x00000000      0x157 Magstripe.o
 .debug_loc     0x00000157       0xec Descriptors.o
 .debug_loc     0x00000243       0xb0 Lib/CircularBitBuffer.o
 .debug_loc     0x000002f3      0x8de ../../LUFA/Drivers/USB/Class/Common/HIDParser.o
 .debug_loc     0x00000bd1     0x1982 ../../LUFA/Drivers/USB/Core/AVR8/EndpointStream_AVR8.o
 .debug_loc     0x00002553      0x2b6 ../../LUFA/Drivers/USB/Core/AVR8/Endpoint_AVR8.o
 .debug_loc     0x00002809      0x1a4 ../../LUFA/Drivers/USB/Core/AVR8/USBInterrupt_AVR8.o
 .debug_loc     0x000029ad      0x2bc ../../LUFA/Drivers/USB/Core/ConfigDescriptors.o
 .debug_loc     0x00002c69      0x22a ../../LUFA/Drivers/USB/Core/DeviceStandardReq.o
 .debug_loc     0x00002e93       0x27 ../../LUFA/Drivers/USB/Core/USBTask.o
 .debug_loc     0x00002eba      0x16d ../../LUFA/Drivers/USB/Class/Device/AudioClassDevice.o
 .debug_loc     0x00003027      0x52b ../../LUFA/Drivers/USB/Class/Device/CDCClassDevice.o
 .debug_loc     0x00003552      0x249 ../../LUFA/Drivers/USB/Class/Device/HIDClassDevice.o
 .debug_loc     0x0000379b      0x152 ../../LUFA/Drivers/USB/Class/Device/MassStorageClassDevice.o
 .debug_loc     0x000038ed      0x1f6 ../../LUFA/Drivers/USB/Class/Device/MIDIClassDevice.o
 .debug_loc     0x00003ae3      0x754 ../../LUFA/Drivers/USB/Class/Device/RNDISClassDevice.o

.debug_macinfo
 *(.debug_macinfo)
OUTPUT(Magstripe.elf elf32-avr)
LOAD linker stubs

.debug_pubtypes
                0x00000000     0x10c9
 .debug_pubtypes
                0x00000000       0xcd Magstripe.o
 .debug_pubtypes
                0x000000cd      0x1e4 Descriptors.o
 .debug_pubtypes
                0x000002b1       0x52 Lib/CircularBitBuffer.o
 .debug_pubtypes
                0x00000303      0x145 ../../LUFA/Drivers/USB/Class/Common/HIDParser.o
 .debug_pubtypes
                0x00000448       0x1e ../../LUFA/Drivers/USB/Core/AVR8/Device_AVR8.o
 .debug_pubtypes
                0x00000466       0xab ../../LUFA/Drivers/USB/Core/AVR8/EndpointStream_AVR8.o
 .debug_pubtypes
                0x00000511       0x9e ../../LUFA/Drivers/USB/Core/AVR8/Endpoint_AVR8.o
 .debug_pubtypes
                0x000005af       0x12 ../../LUFA/Drivers/USB/Core/AVR8/Host_AVR8.o
 .debug_pubtypes
                0x000005c1       0x12 ../../LUFA/Drivers/USB/Core/AVR8/PipeStream_AVR8.o
 .debug_pubtypes
                0x000005d3       0x12 ../../LUFA/Drivers/USB/Core/AVR8/Pipe_AVR8.o
 .debug_pubtypes
                0x000005e5       0x68 ../../LUFA/Drivers/USB/Core/AVR8/USBController_AVR8.o
 .debug_pubtypes
                0x0000064d       0x58 ../../LUFA/Drivers/USB/Core/AVR8/USBInterrupt_AVR8.o
 .debug_pubtypes
                0x000006a5       0xb4 ../../LUFA/Drivers/USB/Core/ConfigDescriptors.o
 .debug_pubtypes
                0x00000759       0xd7 ../../LUFA/Drivers/USB/Core/DeviceStandardReq.o
 .debug_pubtypes
                0x00000830       0x12 ../../LUFA/Drivers/USB/Core/Events.o
 .debug_pubtypes
                0x00000842       0x12 ../../LUFA/Drivers/USB/Core/HostStandardReq.o
 .debug_pubtypes
                0x00000854       0x5c ../../LUFA/Drivers/USB/Core/USBTask.o
 .debug_pubtypes
                0x000008b0       0xb2 ../../LUFA/Drivers/USB/Class/Device/AudioClassDevice.o
 .debug_pubtypes
                0x00000962      0x151 ../../LUFA/Drivers/USB/Class/Device/CDCClassDevice.o
 .debug_pubtypes
                0x00000ab3       0xc6 ../../LUFA/Drivers/USB/Class/Device/HIDClassDevice.o
 .debug_pubtypes
                0x00000b79      0x132 ../../LUFA/Drivers/USB/Class/Device/MassStorageClassDevice.o
 .debug_pubtypes
                0x00000cab       0xe0 ../../LUFA/Drivers/USB/Class/Device/MIDIClassDevice.o
 .debug_pubtypes
                0x00000d8b      0x29c ../../LUFA/Drivers/USB/Class/Device/RNDISClassDevice.o
 .debug_pubtypes
                0x00001027       0x12 ../../LUFA/Drivers/USB/Class/Host/AndroidAccessoryClassHost.o
 .debug_pubtypes
                0x00001039       0x12 ../../LUFA/Drivers/USB/Class/Host/AudioClassHost.o
 .debug_pubtypes
                0x0000104b       0x12 ../../LUFA/Drivers/USB/Class/Host/CDCClassHost.o
 .debug_pubtypes
                0x0000105d       0x12 ../../LUFA/Drivers/USB/Class/Host/HIDClassHost.o
 .debug_pubtypes
                0x0000106f       0x12 ../../LUFA/Drivers/USB/Class/Host/MassStorageClassHost.o
 .debug_pubtypes
                0x00001081       0x12 ../../LUFA/Drivers/USB/Class/Host/MIDIClassHost.o
 .debug_pubtypes
                0x00001093       0x12 ../../LUFA/Drivers/USB/Class/Host/PrinterClassHost.o
 .debug_pubtypes
                0x000010a5       0x12 ../../LUFA/Drivers/USB/Class/Host/RNDISClassHost.o
 .debug_pubtypes
                0x000010b7       0x12 ../../LUFA/Drivers/USB/Class/Host/StillImageClassHost.o

.debug_ranges   0x00000000      0x708
 .debug_ranges  0x00000000       0x88 Magstripe.o
 .debug_ranges  0x00000088       0x10 Descriptors.o
 .debug_ranges  0x00000098       0x20 Lib/CircularBitBuffer.o
 .debug_ranges  0x000000b8      0x100 ../../LUFA/Drivers/USB/Class/Common/HIDParser.o
 .debug_ranges  0x000001b8       0x10 ../../LUFA/Drivers/USB/Core/AVR8/Device_AVR8.o
 .debug_ranges  0x000001c8      0x298 ../../LUFA/Drivers/USB/Core/AVR8/EndpointStream_AVR8.o
 .debug_ranges  0x00000460       0x78 ../../LUFA/Drivers/USB/Core/AVR8/Endpoint_AVR8.o
 .debug_ranges  0x000004d8       0x20 ../../LUFA/Drivers/USB/Core/AVR8/USBController_AVR8.o
 .debug_ranges  0x000004f8       0x20 ../../LUFA/Drivers/USB/Core/AVR8/USBInterrupt_AVR8.o
 .debug_ranges  0x00000518       0x28 ../../LUFA/Drivers/USB/Core/ConfigDescriptors.o
 .debug_ranges  0x00000540       0x10 ../../LUFA/Drivers/USB/Core/DeviceStandardReq.o
 .debug_ranges  0x00000550       0x10 ../../LUFA/Drivers/USB/Core/Events.o
 .debug_ranges  0x00000560       0x10 ../../LUFA/Drivers/USB/Core/USBTask.o
 .debug_ranges  0x00000570       0x20 ../../LUFA/Drivers/USB/Class/Device/AudioClassDevice.o
 .debug_ranges  0x00000590       0x88 ../../LUFA/Drivers/USB/Class/Device/CDCClassDevice.o
 .debug_ranges  0x00000618       0x20 ../../LUFA/Drivers/USB/Class/Device/HIDClassDevice.o
 .debug_ranges  0x00000638       0x20 ../../LUFA/Drivers/USB/Class/Device/MassStorageClassDevice.o
 .debug_ranges  0x00000658       0x30 ../../LUFA/Drivers/USB/Class/Device/MIDIClassDevice.o
 .debug_ranges  0x00000688       0x80 ../../LUFA/Drivers/USB/Class/Device/RNDISClassDevice.o

Cross Reference Table

Symbol                                            File
Audio_Device_ConfigureEndpoints                   ../../LUFA/Drivers/USB/Class/Device/AudioClassDevice.o
Audio_Device_Event_Stub                           ../../LUFA/Drivers/USB/Class/Device/AudioClassDevice.o
Audio_Device_ProcessControlRequest                ../../LUFA/Drivers/USB/Class/Device/AudioClassDevice.o
BitBuffer_GetNextBit                              Lib/CircularBitBuffer.o
                                                  Magstripe.o
BitBuffer_Init                                    Lib/CircularBitBuffer.o
                                                  Magstripe.o
BitBuffer_StoreNextBit                            Lib/CircularBitBuffer.o
                                                  Magstripe.o
CALLBACK_Audio_Device_GetSetEndpointProperty      ../../LUFA/Drivers/USB/Class/Device/AudioClassDevice.o
CALLBACK_Audio_Device_GetSetInterfaceProperty     ../../LUFA/Drivers/USB/Class/Device/AudioClassDevice.o
CALLBACK_HIDParser_FilterHIDReportItem            ../../LUFA/Drivers/USB/Class/Common/HIDParser.o
CALLBACK_HID_Device_CreateHIDReport               Magstripe.o
                                                  ../../LUFA/Drivers/USB/Class/Device/HIDClassDevice.o
CALLBACK_HID_Device_ProcessHIDReport              Magstripe.o
                                                  ../../LUFA/Drivers/USB/Class/Device/HIDClassDevice.o
CALLBACK_MS_Device_SCSICommandReceived            ../../LUFA/Drivers/USB/Class/Device/MassStorageClassDevice.o
CALLBACK_USB_GetDescriptor                        Descriptors.o
                                                  ../../LUFA/Drivers/USB/Core/DeviceStandardReq.o
CDC_Device_BytesReceived                          ../../LUFA/Drivers/USB/Class/Device/CDCClassDevice.o
CDC_Device_ConfigureEndpoints                     ../../LUFA/Drivers/USB/Class/Device/CDCClassDevice.o
CDC_Device_CreateBlockingStream                   ../../LUFA/Drivers/USB/Class/Device/CDCClassDevice.o
CDC_Device_CreateStream                           ../../LUFA/Drivers/USB/Class/Device/CDCClassDevice.o
CDC_Device_Event_Stub                             ../../LUFA/Drivers/USB/Class/Device/CDCClassDevice.o
CDC_Device_Flush                                  ../../LUFA/Drivers/USB/Class/Device/CDCClassDevice.o
CDC_Device_ProcessControlRequest                  ../../LUFA/Drivers/USB/Class/Device/CDCClassDevice.o
CDC_Device_ReceiveByte                            ../../LUFA/Drivers/USB/Class/Device/CDCClassDevice.o
CDC_Device_SendByte                               ../../LUFA/Drivers/USB/Class/Device/CDCClassDevice.o
CDC_Device_SendControlLineStateChange             ../../LUFA/Drivers/USB/Class/Device/CDCClassDevice.o
CDC_Device_SendData                               ../../LUFA/Drivers/USB/Class/Device/CDCClassDevice.o
CDC_Device_SendString                             ../../LUFA/Drivers/USB/Class/Device/CDCClassDevice.o
CDC_Device_USBTask                                ../../LUFA/Drivers/USB/Class/Device/CDCClassDevice.o
ConfigurationDescriptor                           Descriptors.o
DeviceDescriptor                                  Descriptors.o
EVENT_Audio_Device_StreamStartStop                ../../LUFA/Drivers/USB/Class/Device/AudioClassDevice.o
EVENT_CDC_Device_BreakSent                        ../../LUFA/Drivers/USB/Class/Device/CDCClassDevice.o
EVENT_CDC_Device_ControLineStateChanged           ../../LUFA/Drivers/USB/Class/Device/CDCClassDevice.o
EVENT_CDC_Device_LineEncodingChanged              ../../LUFA/Drivers/USB/Class/Device/CDCClassDevice.o
EVENT_USB_Device_ConfigurationChanged             Magstripe.o
                                                  ../../LUFA/Drivers/USB/Core/DeviceStandardReq.o
EVENT_USB_Device_Connect                          ../../LUFA/Drivers/USB/Core/Events.o
                                                  ../../LUFA/Drivers/USB/Core/AVR8/USBInterrupt_AVR8.o
EVENT_USB_Device_ControlRequest                   Magstripe.o
                                                  ../../LUFA/Drivers/USB/Core/DeviceStandardReq.o
EVENT_USB_Device_Disconnect                       ../../LUFA/Drivers/USB/Core/Events.o
                                                  ../../LUFA/Drivers/USB/Core/AVR8/USBInterrupt_AVR8.o
EVENT_USB_Device_Reset                            ../../LUFA/Drivers/USB/Core/Events.o
                                                  ../../LUFA/Drivers/USB/Core/AVR8/USBInterrupt_AVR8.o
EVENT_USB_Device_StartOfFrame                     Magstripe.o
                                                  ../../LUFA/Drivers/USB/Core/AVR8/USBInterrupt_AVR8.o
EVENT_USB_Device_Suspend                          ../../LUFA/Drivers/USB/Core/Events.o
                                                  ../../LUFA/Drivers/USB/Core/AVR8/USBInterrupt_AVR8.o
EVENT_USB_Device_WakeUp                           ../../LUFA/Drivers/USB/Core/Events.o
                                                  ../../LUFA/Drivers/USB/Core/AVR8/USBInterrupt_AVR8.o
Endpoint_ClearEndpoints                           ../../LUFA/Drivers/USB/Core/AVR8/Endpoint_AVR8.o
Endpoint_ClearStatusStage                         ../../LUFA/Drivers/USB/Core/AVR8/Endpoint_AVR8.o
                                                  ../../LUFA/Drivers/USB/Class/Device/MassStorageClassDevice.o
                                                  ../../LUFA/Drivers/USB/Class/Device/HIDClassDevice.o
                                                  ../../LUFA/Drivers/USB/Class/Device/CDCClassDevice.o
                                                  ../../LUFA/Drivers/USB/Class/Device/AudioClassDevice.o
                                                  ../../LUFA/Drivers/USB/Core/DeviceStandardReq.o
Endpoint_ConfigureEndpointTable                   ../../LUFA/Drivers/USB/Core/AVR8/Endpoint_AVR8.o
                                                  ../../LUFA/Drivers/USB/Class/Device/RNDISClassDevice.o
                                                  ../../LUFA/Drivers/USB/Class/Device/MIDIClassDevice.o
                                                  ../../LUFA/Drivers/USB/Class/Device/MassStorageClassDevice.o
                                                  ../../LUFA/Drivers/USB/Class/Device/HIDClassDevice.o
                                                  ../../LUFA/Drivers/USB/Class/Device/CDCClassDevice.o
                                                  ../../LUFA/Drivers/USB/Class/Device/AudioClassDevice.o
Endpoint_ConfigureEndpoint_Prv                    ../../LUFA/Drivers/USB/Core/AVR8/Endpoint_AVR8.o
                                                  ../../LUFA/Drivers/USB/Core/AVR8/USBInterrupt_AVR8.o
                                                  ../../LUFA/Drivers/USB/Core/AVR8/USBController_AVR8.o
Endpoint_Discard_Stream                           ../../LUFA/Drivers/USB/Core/AVR8/EndpointStream_AVR8.o
Endpoint_Null_Stream                              ../../LUFA/Drivers/USB/Core/AVR8/EndpointStream_AVR8.o
Endpoint_Read_Control_EStream_BE                  ../../LUFA/Drivers/USB/Core/AVR8/EndpointStream_AVR8.o
Endpoint_Read_Control_EStream_LE                  ../../LUFA/Drivers/USB/Core/AVR8/EndpointStream_AVR8.o
Endpoint_Read_Control_Stream_BE                   ../../LUFA/Drivers/USB/Core/AVR8/EndpointStream_AVR8.o
Endpoint_Read_Control_Stream_LE                   ../../LUFA/Drivers/USB/Core/AVR8/EndpointStream_AVR8.o
                                                  ../../LUFA/Drivers/USB/Class/Device/RNDISClassDevice.o
                                                  ../../LUFA/Drivers/USB/Class/Device/HIDClassDevice.o
                                                  ../../LUFA/Drivers/USB/Class/Device/AudioClassDevice.o
Endpoint_Read_EStream_BE                          ../../LUFA/Drivers/USB/Core/AVR8/EndpointStream_AVR8.o
Endpoint_Read_EStream_LE                          ../../LUFA/Drivers/USB/Core/AVR8/EndpointStream_AVR8.o
Endpoint_Read_Stream_BE                           ../../LUFA/Drivers/USB/Core/AVR8/EndpointStream_AVR8.o
Endpoint_Read_Stream_LE                           ../../LUFA/Drivers/USB/Core/AVR8/EndpointStream_AVR8.o
                                                  ../../LUFA/Drivers/USB/Class/Device/RNDISClassDevice.o
                                                  ../../LUFA/Drivers/USB/Class/Device/MIDIClassDevice.o
                                                  ../../LUFA/Drivers/USB/Class/Device/MassStorageClassDevice.o
Endpoint_WaitUntilReady                           ../../LUFA/Drivers/USB/Core/AVR8/Endpoint_AVR8.o
                                                  ../../LUFA/Drivers/USB/Class/Device/RNDISClassDevice.o
                                                  ../../LUFA/Drivers/USB/Class/Device/MIDIClassDevice.o
                                                  ../../LUFA/Drivers/USB/Class/Device/CDCClassDevice.o
                                                  ../../LUFA/Drivers/USB/Core/AVR8/EndpointStream_AVR8.o
Endpoint_Write_Control_EStream_BE                 ../../LUFA/Drivers/USB/Core/AVR8/EndpointStream_AVR8.o
Endpoint_Write_Control_EStream_LE                 ../../LUFA/Drivers/USB/Core/AVR8/EndpointStream_AVR8.o
Endpoint_Write_Control_PStream_BE                 ../../LUFA/Drivers/USB/Core/AVR8/EndpointStream_AVR8.o
Endpoint_Write_Control_PStream_LE                 ../../LUFA/Drivers/USB/Core/AVR8/EndpointStream_AVR8.o
                                                  ../../LUFA/Drivers/USB/Core/DeviceStandardReq.o
Endpoint_Write_Control_Stream_BE                  ../../LUFA/Drivers/USB/Core/AVR8/EndpointStream_AVR8.o
Endpoint_Write_Control_Stream_LE                  ../../LUFA/Drivers/USB/Core/AVR8/EndpointStream_AVR8.o
                                                  ../../LUFA/Drivers/USB/Class/Device/RNDISClassDevice.o
                                                  ../../LUFA/Drivers/USB/Class/Device/HIDClassDevice.o
                                                  ../../LUFA/Drivers/USB/Class/Device/AudioClassDevice.o
                                                  ../../LUFA/Drivers/USB/Core/DeviceStandardReq.o
Endpoint_Write_EStream_BE                         ../../LUFA/Drivers/USB/Core/AVR8/EndpointStream_AVR8.o
Endpoint_Write_EStream_LE                         ../../LUFA/Drivers/USB/Core/AVR8/EndpointStream_AVR8.o
Endpoint_Write_PStream_BE                         ../../LUFA/Drivers/USB/Core/AVR8/EndpointStream_AVR8.o
Endpoint_Write_PStream_LE                         ../../LUFA/Drivers/USB/Core/AVR8/EndpointStream_AVR8.o
Endpoint_Write_Stream_BE                          ../../LUFA/Drivers/USB/Core/AVR8/EndpointStream_AVR8.o
Endpoint_Write_Stream_LE                          ../../LUFA/Drivers/USB/Core/AVR8/EndpointStream_AVR8.o
                                                  ../../LUFA/Drivers/USB/Class/Device/RNDISClassDevice.o
                                                  ../../LUFA/Drivers/USB/Class/Device/MIDIClassDevice.o
                                                  ../../LUFA/Drivers/USB/Class/Device/MassStorageClassDevice.o
                                                  ../../LUFA/Drivers/USB/Class/Device/HIDClassDevice.o
                                                  ../../LUFA/Drivers/USB/Class/Device/CDCClassDevice.o
HID_Device_ConfigureEndpoints                     ../../LUFA/Drivers/USB/Class/Device/HIDClassDevice.o
                                                  Magstripe.o
HID_Device_ProcessControlRequest                  ../../LUFA/Drivers/USB/Class/Device/HIDClassDevice.o
                                                  Magstripe.o
HID_Device_USBTask                                ../../LUFA/Drivers/USB/Class/Device/HIDClassDevice.o
                                                  Magstripe.o
KeyboardReport                                    Descriptors.o
Keyboard_HID_Interface                            Magstripe.o
LanguageString                                    Descriptors.o
MIDI_Device_ConfigureEndpoints                    ../../LUFA/Drivers/USB/Class/Device/MIDIClassDevice.o
MIDI_Device_Flush                                 ../../LUFA/Drivers/USB/Class/Device/MIDIClassDevice.o
MIDI_Device_ReceiveEventPacket                    ../../LUFA/Drivers/USB/Class/Device/MIDIClassDevice.o
MIDI_Device_SendEventPacket                       ../../LUFA/Drivers/USB/Class/Device/MIDIClassDevice.o
MIDI_Device_USBTask                               ../../LUFA/Drivers/USB/Class/Device/MIDIClassDevice.o
MS_Device_ConfigureEndpoints                      ../../LUFA/Drivers/USB/Class/Device/MassStorageClassDevice.o
MS_Device_ProcessControlRequest                   ../../LUFA/Drivers/USB/Class/Device/MassStorageClassDevice.o
MS_Device_USBTask                                 ../../LUFA/Drivers/USB/Class/Device/MassStorageClassDevice.o
ManufacturerString                                Descriptors.o
ProductString                                     Descriptors.o
RNDIS_Device_ConfigureEndpoints                   ../../LUFA/Drivers/USB/Class/Device/RNDISClassDevice.o
RNDIS_Device_IsPacketReceived                     ../../LUFA/Drivers/USB/Class/Device/RNDISClassDevice.o
RNDIS_Device_ProcessControlRequest                ../../LUFA/Drivers/USB/Class/Device/RNDISClassDevice.o
RNDIS_Device_ReadPacket                           ../../LUFA/Drivers/USB/Class/Device/RNDISClassDevice.o
RNDIS_Device_SendPacket                           ../../LUFA/Drivers/USB/Class/Device/RNDISClassDevice.o
RNDIS_Device_USBTask                              ../../LUFA/Drivers/USB/Class/Device/RNDISClassDevice.o
ReadMagstripeData                                 Magstripe.o
SetupHardware                                     Magstripe.o
USB_ControlRequest                                ../../LUFA/Drivers/USB/Class/Device/RNDISClassDevice.o
                                                  ../../LUFA/Drivers/USB/Class/Device/MassStorageClassDevice.o
                                                  ../../LUFA/Drivers/USB/Class/Device/HIDClassDevice.o
                                                  ../../LUFA/Drivers/USB/Class/Device/CDCClassDevice.o
                                                  ../../LUFA/Drivers/USB/Class/Device/AudioClassDevice.o
                                                  ../../LUFA/Drivers/USB/Core/USBTask.o
                                                  ../../LUFA/Drivers/USB/Core/DeviceStandardReq.o
                                                  ../../LUFA/Drivers/USB/Core/AVR8/Endpoint_AVR8.o
                                                  ../../LUFA/Drivers/USB/Core/AVR8/EndpointStream_AVR8.o
USB_Device_ConfigurationNumber                    ../../LUFA/Drivers/USB/Core/DeviceStandardReq.o
                                                  ../../LUFA/Drivers/USB/Core/AVR8/USBInterrupt_AVR8.o
                                                  ../../LUFA/Drivers/USB/Core/AVR8/USBController_AVR8.o
USB_Device_CurrentlySelfPowered                   ../../LUFA/Drivers/USB/Core/DeviceStandardReq.o
                                                  ../../LUFA/Drivers/USB/Core/AVR8/USBController_AVR8.o
USB_Device_ProcessControlRequest                  ../../LUFA/Drivers/USB/Core/DeviceStandardReq.o
                                                  ../../LUFA/Drivers/USB/Core/USBTask.o
USB_Device_RemoteWakeupEnabled                    ../../LUFA/Drivers/USB/Core/DeviceStandardReq.o
                                                  ../../LUFA/Drivers/USB/Core/AVR8/USBController_AVR8.o
USB_Device_SendRemoteWakeup                       ../../LUFA/Drivers/USB/Core/AVR8/Device_AVR8.o
USB_Disable                                       ../../LUFA/Drivers/USB/Core/AVR8/USBController_AVR8.o
USB_Event_Stub                                    ../../LUFA/Drivers/USB/Core/Events.o
USB_GetHIDReportItemInfo                          ../../LUFA/Drivers/USB/Class/Common/HIDParser.o
USB_GetHIDReportSize                              ../../LUFA/Drivers/USB/Class/Common/HIDParser.o
USB_GetNextDescriptorComp                         ../../LUFA/Drivers/USB/Core/ConfigDescriptors.o
USB_GetNextDescriptorOfType                       ../../LUFA/Drivers/USB/Core/ConfigDescriptors.o
USB_GetNextDescriptorOfTypeAfter                  ../../LUFA/Drivers/USB/Core/ConfigDescriptors.o
USB_GetNextDescriptorOfTypeBefore                 ../../LUFA/Drivers/USB/Core/ConfigDescriptors.o
USB_INT_ClearAllInterrupts                        ../../LUFA/Drivers/USB/Core/AVR8/USBInterrupt_AVR8.o
                                                  ../../LUFA/Drivers/USB/Core/AVR8/USBController_AVR8.o
USB_INT_DisableAllInterrupts                      ../../LUFA/Drivers/USB/Core/AVR8/USBInterrupt_AVR8.o
                                                  ../../LUFA/Drivers/USB/Core/AVR8/USBController_AVR8.o
USB_Init                                          ../../LUFA/Drivers/USB/Core/AVR8/USBController_AVR8.o
                                                  Magstripe.o
USB_IsInitialized                                 ../../LUFA/Drivers/USB/Core/USBTask.o
                                                  ../../LUFA/Drivers/USB/Core/AVR8/USBController_AVR8.o
USB_ProcessHIDReport                              ../../LUFA/Drivers/USB/Class/Common/HIDParser.o
USB_ResetInterface                                ../../LUFA/Drivers/USB/Core/AVR8/USBController_AVR8.o
USB_SetHIDReportItemInfo                          ../../LUFA/Drivers/USB/Class/Common/HIDParser.o
USB_USBTask                                       ../../LUFA/Drivers/USB/Core/USBTask.o
                                                  ../../LUFA/Drivers/USB/Class/Device/MassStorageClassDevice.o
                                                  ../../LUFA/Drivers/USB/Class/Device/CDCClassDevice.o
                                                  ../../LUFA/Drivers/USB/Core/AVR8/EndpointStream_AVR8.o
                                                  Magstripe.o
__bad_interrupt                                   /usr/lib/gcc/avr/4.5.3/../../../avr/lib/avr51/crtusb1286.o
__bss_end                                         /usr/lib/gcc/avr/4.5.3/avr51/libgcc.a(_clear_bss.o)
__bss_start                                       /usr/lib/gcc/avr/4.5.3/avr51/libgcc.a(_clear_bss.o)
__data_end                                        /usr/lib/gcc/avr/4.5.3/avr51/libgcc.a(_copy_data.o)
__data_load_start                                 /usr/lib/gcc/avr/4.5.3/avr51/libgcc.a(_copy_data.o)
__data_start                                      /usr/lib/gcc/avr/4.5.3/avr51/libgcc.a(_copy_data.o)
__do_clear_bss                                    /usr/lib/gcc/avr/4.5.3/avr51/libgcc.a(_clear_bss.o)
                                                  ../../LUFA/Drivers/USB/Core/USBTask.o
                                                  ../../LUFA/Drivers/USB/Core/DeviceStandardReq.o
                                                  Magstripe.o
__do_copy_data                                    /usr/lib/gcc/avr/4.5.3/avr51/libgcc.a(_copy_data.o)
                                                  ../../LUFA/Drivers/USB/Class/Device/RNDISClassDevice.o
                                                  ../../LUFA/Drivers/USB/Class/Device/CDCClassDevice.o
                                                  Magstripe.o
__eerd_byte_usb1287                               /usr/lib/gcc/avr/4.5.3/../../../avr/lib/avr51/libc.a(eerd_byte_at90usb1287.o)
                                                  ../../LUFA/Drivers/USB/Core/AVR8/EndpointStream_AVR8.o
__eeupd_byte_usb1287                              /usr/lib/gcc/avr/4.5.3/../../../avr/lib/avr51/libc.a(eeupd_byte_at90usb1287.o)
                                                  ../../LUFA/Drivers/USB/Core/AVR8/EndpointStream_AVR8.o
__eeupd_r18_usb1287                               /usr/lib/gcc/avr/4.5.3/../../../avr/lib/avr51/libc.a(eeupd_byte_at90usb1287.o)
__heap_end                                        /usr/lib/gcc/avr/4.5.3/../../../avr/lib/avr51/crtusb1286.o
__init                                            /usr/lib/gcc/avr/4.5.3/../../../avr/lib/avr51/crtusb1286.o
__stack                                           /usr/lib/gcc/avr/4.5.3/../../../avr/lib/avr51/crtusb1286.o
__vector_1                                        /usr/lib/gcc/avr/4.5.3/../../../avr/lib/avr51/crtusb1286.o
__vector_10                                       ../../LUFA/Drivers/USB/Core/AVR8/USBInterrupt_AVR8.o
                                                  /usr/lib/gcc/avr/4.5.3/../../../avr/lib/avr51/crtusb1286.o
__vector_11                                       /usr/lib/gcc/avr/4.5.3/../../../avr/lib/avr51/crtusb1286.o
__vector_12                                       /usr/lib/gcc/avr/4.5.3/../../../avr/lib/avr51/crtusb1286.o
__vector_13                                       /usr/lib/gcc/avr/4.5.3/../../../avr/lib/avr51/crtusb1286.o
__vector_14                                       /usr/lib/gcc/avr/4.5.3/../../../avr/lib/avr51/crtusb1286.o
__vector_15                                       /usr/lib/gcc/avr/4.5.3/../../../avr/lib/avr51/crtusb1286.o
__vector_16                                       /usr/lib/gcc/avr/4.5.3/../../../avr/lib/avr51/crtusb1286.o
__vector_17                                       /usr/lib/gcc/avr/4.5.3/../../../avr/lib/avr51/crtusb1286.o
__vector_18                                       /usr/lib/gcc/avr/4.5.3/../../../avr/lib/avr51/crtusb1286.o
__vector_19                                       /usr/lib/gcc/avr/4.5.3/../../../avr/lib/avr51/crtusb1286.o
__vector_2                                        /usr/lib/gcc/avr/4.5.3/../../../avr/lib/avr51/crtusb1286.o
__vector_20                                       /usr/lib/gcc/avr/4.5.3/../../../avr/lib/avr51/crtusb1286.o
__vector_21                                       /usr/lib/gcc/avr/4.5.3/../../../avr/lib/avr51/crtusb1286.o
__vector_22                                       /usr/lib/gcc/avr/4.5.3/../../../avr/lib/avr51/crtusb1286.o
__vector_23                                       /usr/lib/gcc/avr/4.5.3/../../../avr/lib/avr51/crtusb1286.o
__vector_24                                       /usr/lib/gcc/avr/4.5.3/../../../avr/lib/avr51/crtusb1286.o
__vector_25                                       /usr/lib/gcc/avr/4.5.3/../../../avr/lib/avr51/crtusb1286.o
__vector_26                                       /usr/lib/gcc/avr/4.5.3/../../../avr/lib/avr51/crtusb1286.o
__vector_27                                       /usr/lib/gcc/avr/4.5.3/../../../avr/lib/avr51/crtusb1286.o
__vector_28                                       /usr/lib/gcc/avr/4.5.3/../../../avr/lib/avr51/crtusb1286.o
__vector_29                                       /usr/lib/gcc/avr/4.5.3/../../../avr/lib/avr51/crtusb1286.o
__vector_3                                        /usr/lib/gcc/avr/4.5.3/../../../avr/lib/avr51/crtusb1286.o
__vector_30                                       /usr/lib/gcc/avr/4.5.3/../../../avr/lib/avr51/crtusb1286.o
__vector_31                                       /usr/lib/gcc/avr/4.5.3/../../../avr/lib/avr51/crtusb1286.o
__vector_32                                       /usr/lib/gcc/avr/4.5.3/../../../avr/lib/avr51/crtusb1286.o
__vector_33                                       /usr/lib/gcc/avr/4.5.3/../../../avr/lib/avr51/crtusb1286.o
__vector_34                                       /usr/lib/gcc/avr/4.5.3/../../../avr/lib/avr51/crtusb1286.o
__vector_35                                       /usr/lib/gcc/avr/4.5.3/../../../avr/lib/avr51/crtusb1286.o
__vector_36                                       /usr/lib/gcc/avr/4.5.3/../../../avr/lib/avr51/crtusb1286.o
__vector_37                                       /usr/lib/gcc/avr/4.5.3/../../../avr/lib/avr51/crtusb1286.o
__vector_4                                        /usr/lib/gcc/avr/4.5.3/../../../avr/lib/avr51/crtusb1286.o
__vector_5                                        /usr/lib/gcc/avr/4.5.3/../../../avr/lib/avr51/crtusb1286.o
__vector_6                                        /usr/lib/gcc/avr/4.5.3/../../../avr/lib/avr51/crtusb1286.o
__vector_7                                        /usr/lib/gcc/avr/4.5.3/../../../avr/lib/avr51/crtusb1286.o
__vector_8                                        /usr/lib/gcc/avr/4.5.3/../../../avr/lib/avr51/crtusb1286.o
__vector_9                                        /usr/lib/gcc/avr/4.5.3/../../../avr/lib/avr51/crtusb1286.o
__vector_default                                  /usr/lib/gcc/avr/4.5.3/../../../avr/lib/avr51/crtusb1286.o
__vectors                                         /usr/lib/gcc/avr/4.5.3/../../../avr/lib/avr51/crtusb1286.o
_exit                                             /usr/lib/gcc/avr/4.5.3/avr51/libgcc.a(_exit.o)
exit                                              /usr/lib/gcc/avr/4.5.3/avr51/libgcc.a(_exit.o)
                                                  /usr/lib/gcc/avr/4.5.3/../../../avr/lib/avr51/crtusb1286.o
main                                              Magstripe.o
                                                  /usr/lib/gcc/avr/4.5.3/../../../avr/lib/avr51/crtusb1286.o
memcmp                                            /usr/lib/gcc/avr/4.5.3/../../../avr/lib/avr51/libc.a(memcmp.o)
                                                  ../../LUFA/Drivers/USB/Class/Device/HIDClassDevice.o
memcpy                                            /usr/lib/gcc/avr/4.5.3/../../../avr/lib/avr51/libc.a(memcpy.o)
                                                  ../../LUFA/Drivers/USB/Class/Device/RNDISClassDevice.o
                                                  ../../LUFA/Drivers/USB/Class/Device/HIDClassDevice.o
memcpy_P                                          /usr/lib/gcc/avr/4.5.3/../../../avr/lib/avr51/libc.a(memcpy_P.o)
                                                  ../../LUFA/Drivers/USB/Class/Device/RNDISClassDevice.o
memset                                            /usr/lib/gcc/avr/4.5.3/../../../avr/lib/avr51/libc.a(memset.o)
                                                  ../../LUFA/Drivers/USB/Class/Device/HIDClassDevice.o
