Archive member included because of file (symbol)

/usr/lib/gcc/avr/4.5.3/avr35/libgcc.a(_mulhi3.o)
                              ../../LUFA/Drivers/USB/Class/Common/HIDParser.o (__mulhi3)
/usr/lib/gcc/avr/4.5.3/avr35/libgcc.a(_exit.o)
                              /usr/lib/gcc/avr/4.5.3/../../../avr/lib/avr35/crtusb162.o (exit)
/usr/lib/gcc/avr/4.5.3/avr35/libgcc.a(_copy_data.o)
                              AVRISPDescriptors.o (__do_copy_data)
/usr/lib/gcc/avr/4.5.3/avr35/libgcc.a(_clear_bss.o)
                              Lib/V2Protocol.o (__do_clear_bss)
/usr/lib/gcc/avr/4.5.3/../../../avr/lib/avr35/libc.a(eerd_byte_at90usb162.o)
                              Lib/V2ProtocolParams.o (__eerd_byte_usb162)
/usr/lib/gcc/avr/4.5.3/../../../avr/lib/avr35/libc.a(eeupd_byte_at90usb162.o)
                              Lib/V2ProtocolParams.o (__eeupd_byte_usb162)

Allocating common symbols
Common symbol       size              file

USB_IsInitialized   0x1               ../../LUFA/Drivers/USB/Core/USBTask.o
MustLoadExtendedAddress
                    0x1               Lib/V2Protocol.o
USB_Device_ConfigurationNumber
                    0x1               ../../LUFA/Drivers/USB/Core/DeviceStandardReq.o
USB_ControlRequest  0x8               ../../LUFA/Drivers/USB/Core/USBTask.o
CurrentAddress      0x4               Lib/V2Protocol.o
IsSending           0x1               Lib/XPROG/XPROGTarget.o

Discarded input sections

 .data          0x00000000        0x0 /usr/lib/gcc/avr/4.5.3/../../../avr/lib/avr35/crtusb162.o
 .bss           0x00000000        0x0 /usr/lib/gcc/avr/4.5.3/../../../avr/lib/avr35/crtusb162.o
 .text          0x00000000        0x0 AVRISP-MKII.o
 .data          0x00000000        0x0 AVRISP-MKII.o
 .bss           0x00000000        0x0 AVRISP-MKII.o
 .text          0x00000000        0x0 AVRISPDescriptors.o
 .bss           0x00000000        0x0 AVRISPDescriptors.o
 .text          0x00000000        0x0 Lib/V2Protocol.o
 .bss           0x00000000        0x0 Lib/V2Protocol.o
 .text          0x00000000        0x0 Lib/V2ProtocolParams.o
 .bss           0x00000000        0x0 Lib/V2ProtocolParams.o
 .text          0x00000000        0x0 Lib/ISP/ISPProtocol.o
 .data          0x00000000        0x0 Lib/ISP/ISPProtocol.o
 .bss           0x00000000        0x0 Lib/ISP/ISPProtocol.o
 .text          0x00000000        0x0 Lib/ISP/ISPTarget.o
 .text          0x00000000        0x0 Lib/XPROG/XPROGProtocol.o
 .text          0x00000000        0x0 Lib/XPROG/XPROGTarget.o
 .data          0x00000000        0x0 Lib/XPROG/XPROGTarget.o
 .bss           0x00000000        0x0 Lib/XPROG/XPROGTarget.o
 .text          0x00000000        0x0 Lib/XPROG/XMEGANVM.o
 .bss           0x00000000        0x0 Lib/XPROG/XMEGANVM.o
 .text          0x00000000        0x0 Lib/XPROG/TINYNVM.o
 .bss           0x00000000        0x0 Lib/XPROG/TINYNVM.o
 .text          0x00000000        0x0 ../../LUFA/Drivers/USB/Class/Common/HIDParser.o
 .data          0x00000000        0x0 ../../LUFA/Drivers/USB/Class/Common/HIDParser.o
 .bss           0x00000000        0x0 ../../LUFA/Drivers/USB/Class/Common/HIDParser.o
 .text.USB_ProcessHIDReport
                0x00000000      0x836 ../../LUFA/Drivers/USB/Class/Common/HIDParser.o
 .text.USB_GetHIDReportItemInfo
                0x00000000       0xbc ../../LUFA/Drivers/USB/Class/Common/HIDParser.o
 .text.USB_SetHIDReportItemInfo
                0x00000000       0xc8 ../../LUFA/Drivers/USB/Class/Common/HIDParser.o
 .text.USB_GetHIDReportSize
                0x00000000       0x58 ../../LUFA/Drivers/USB/Class/Common/HIDParser.o
 .text          0x00000000        0x0 ../../LUFA/Drivers/USB/Core/AVR8/Device_AVR8.o
 .data          0x00000000        0x0 ../../LUFA/Drivers/USB/Core/AVR8/Device_AVR8.o
 .bss           0x00000000        0x0 ../../LUFA/Drivers/USB/Core/AVR8/Device_AVR8.o
 .text.USB_Device_SendRemoteWakeup
                0x00000000       0x2c ../../LUFA/Drivers/USB/Core/AVR8/Device_AVR8.o
 .text          0x00000000        0x0 ../../LUFA/Drivers/USB/Core/AVR8/EndpointStream_AVR8.o
 .data          0x00000000        0x0 ../../LUFA/Drivers/USB/Core/AVR8/EndpointStream_AVR8.o
 .bss           0x00000000        0x0 ../../LUFA/Drivers/USB/Core/AVR8/EndpointStream_AVR8.o
 .text.Endpoint_Discard_Stream
                0x00000000       0x8e ../../LUFA/Drivers/USB/Core/AVR8/EndpointStream_AVR8.o
 .text.Endpoint_Null_Stream
                0x00000000       0x8e ../../LUFA/Drivers/USB/Core/AVR8/EndpointStream_AVR8.o
 .text.Endpoint_Write_Stream_BE
                0x00000000       0xb2 ../../LUFA/Drivers/USB/Core/AVR8/EndpointStream_AVR8.o
 .text.Endpoint_Write_PStream_LE
                0x00000000       0xc8 ../../LUFA/Drivers/USB/Core/AVR8/EndpointStream_AVR8.o
 .text.Endpoint_Write_PStream_BE
                0x00000000       0xb4 ../../LUFA/Drivers/USB/Core/AVR8/EndpointStream_AVR8.o
 .text.Endpoint_Write_EStream_LE
                0x00000000       0xc8 ../../LUFA/Drivers/USB/Core/AVR8/EndpointStream_AVR8.o
 .text.Endpoint_Write_EStream_BE
                0x00000000       0xb4 ../../LUFA/Drivers/USB/Core/AVR8/EndpointStream_AVR8.o
 .text.Endpoint_Read_EStream_LE
                0x00000000       0xc6 ../../LUFA/Drivers/USB/Core/AVR8/EndpointStream_AVR8.o
 .text.Endpoint_Read_EStream_BE
                0x00000000       0xb8 ../../LUFA/Drivers/USB/Core/AVR8/EndpointStream_AVR8.o
 .text.Endpoint_Write_Control_Stream_BE
                0x00000000       0xb8 ../../LUFA/Drivers/USB/Core/AVR8/EndpointStream_AVR8.o
 .text.Endpoint_Read_Control_Stream_LE
                0x00000000       0x78 ../../LUFA/Drivers/USB/Core/AVR8/EndpointStream_AVR8.o
 .text.Endpoint_Read_Control_Stream_BE
                0x00000000       0x7a ../../LUFA/Drivers/USB/Core/AVR8/EndpointStream_AVR8.o
 .text.Endpoint_Write_Control_PStream_BE
                0x00000000       0xba ../../LUFA/Drivers/USB/Core/AVR8/EndpointStream_AVR8.o
 .text.Endpoint_Write_Control_EStream_BE
                0x00000000       0xda ../../LUFA/Drivers/USB/Core/AVR8/EndpointStream_AVR8.o
 .text.Endpoint_Read_Control_EStream_LE
                0x00000000       0x84 ../../LUFA/Drivers/USB/Core/AVR8/EndpointStream_AVR8.o
 .text.Endpoint_Read_Control_EStream_BE
                0x00000000       0x8a ../../LUFA/Drivers/USB/Core/AVR8/EndpointStream_AVR8.o
 .text          0x00000000        0x0 ../../LUFA/Drivers/USB/Core/AVR8/Endpoint_AVR8.o
 .data          0x00000000        0x0 ../../LUFA/Drivers/USB/Core/AVR8/Endpoint_AVR8.o
 .bss           0x00000000        0x0 ../../LUFA/Drivers/USB/Core/AVR8/Endpoint_AVR8.o
 .text.Endpoint_ConfigureEndpointTable
                0x00000000       0x8a ../../LUFA/Drivers/USB/Core/AVR8/Endpoint_AVR8.o
 .text.Endpoint_ClearEndpoints
                0x00000000       0x2c ../../LUFA/Drivers/USB/Core/AVR8/Endpoint_AVR8.o
 .text          0x00000000        0x0 ../../LUFA/Drivers/USB/Core/AVR8/Host_AVR8.o
 .data          0x00000000        0x0 ../../LUFA/Drivers/USB/Core/AVR8/Host_AVR8.o
 .bss           0x00000000        0x0 ../../LUFA/Drivers/USB/Core/AVR8/Host_AVR8.o
 .text          0x00000000        0x0 ../../LUFA/Drivers/USB/Core/AVR8/PipeStream_AVR8.o
 .data          0x00000000        0x0 ../../LUFA/Drivers/USB/Core/AVR8/PipeStream_AVR8.o
 .bss           0x00000000        0x0 ../../LUFA/Drivers/USB/Core/AVR8/PipeStream_AVR8.o
 .text          0x00000000        0x0 ../../LUFA/Drivers/USB/Core/AVR8/Pipe_AVR8.o
 .data          0x00000000        0x0 ../../LUFA/Drivers/USB/Core/AVR8/Pipe_AVR8.o
 .bss           0x00000000        0x0 ../../LUFA/Drivers/USB/Core/AVR8/Pipe_AVR8.o
 .text          0x00000000        0x0 ../../LUFA/Drivers/USB/Core/AVR8/USBController_AVR8.o
 .data          0x00000000        0x0 ../../LUFA/Drivers/USB/Core/AVR8/USBController_AVR8.o
 .bss           0x00000000        0x0 ../../LUFA/Drivers/USB/Core/AVR8/USBController_AVR8.o
 .text.USB_Disable
                0x00000000       0x2e ../../LUFA/Drivers/USB/Core/AVR8/USBController_AVR8.o
 .text          0x00000000        0x0 ../../LUFA/Drivers/USB/Core/AVR8/USBInterrupt_AVR8.o
 .data          0x00000000        0x0 ../../LUFA/Drivers/USB/Core/AVR8/USBInterrupt_AVR8.o
 .bss           0x00000000        0x0 ../../LUFA/Drivers/USB/Core/AVR8/USBInterrupt_AVR8.o
 .text          0x00000000        0x0 ../../LUFA/Drivers/USB/Core/ConfigDescriptors.o
 .data          0x00000000        0x0 ../../LUFA/Drivers/USB/Core/ConfigDescriptors.o
 .bss           0x00000000        0x0 ../../LUFA/Drivers/USB/Core/ConfigDescriptors.o
 .text.USB_GetNextDescriptorOfType
                0x00000000       0x4c ../../LUFA/Drivers/USB/Core/ConfigDescriptors.o
 .text.USB_GetNextDescriptorOfTypeBefore
                0x00000000       0x56 ../../LUFA/Drivers/USB/Core/ConfigDescriptors.o
 .text.USB_GetNextDescriptorOfTypeAfter
                0x00000000       0x34 ../../LUFA/Drivers/USB/Core/ConfigDescriptors.o
 .text.USB_GetNextDescriptorComp
                0x00000000       0x86 ../../LUFA/Drivers/USB/Core/ConfigDescriptors.o
 .text          0x00000000        0x0 ../../LUFA/Drivers/USB/Core/DeviceStandardReq.o
 .data          0x00000000        0x0 ../../LUFA/Drivers/USB/Core/DeviceStandardReq.o
 .bss           0x00000000        0x0 ../../LUFA/Drivers/USB/Core/DeviceStandardReq.o
 .text          0x00000000        0x0 ../../LUFA/Drivers/USB/Core/Events.o
 .data          0x00000000        0x0 ../../LUFA/Drivers/USB/Core/Events.o
 .bss           0x00000000        0x0 ../../LUFA/Drivers/USB/Core/Events.o
 .text          0x00000000        0x0 ../../LUFA/Drivers/USB/Core/HostStandardReq.o
 .data          0x00000000        0x0 ../../LUFA/Drivers/USB/Core/HostStandardReq.o
 .bss           0x00000000        0x0 ../../LUFA/Drivers/USB/Core/HostStandardReq.o
 .text          0x00000000        0x0 ../../LUFA/Drivers/USB/Core/USBTask.o
 .data          0x00000000        0x0 ../../LUFA/Drivers/USB/Core/USBTask.o
 .bss           0x00000000        0x0 ../../LUFA/Drivers/USB/Core/USBTask.o
 .text          0x00000000        0x0 /usr/lib/gcc/avr/4.5.3/avr35/libgcc.a(_mulhi3.o)
 .data          0x00000000        0x0 /usr/lib/gcc/avr/4.5.3/avr35/libgcc.a(_mulhi3.o)
 .bss           0x00000000        0x0 /usr/lib/gcc/avr/4.5.3/avr35/libgcc.a(_mulhi3.o)
 .text.libgcc   0x00000000       0x24 /usr/lib/gcc/avr/4.5.3/avr35/libgcc.a(_mulhi3.o)
 .text          0x00000000        0x0 /usr/lib/gcc/avr/4.5.3/avr35/libgcc.a(_exit.o)
 .data          0x00000000        0x0 /usr/lib/gcc/avr/4.5.3/avr35/libgcc.a(_exit.o)
 .bss           0x00000000        0x0 /usr/lib/gcc/avr/4.5.3/avr35/libgcc.a(_exit.o)
 .text.libgcc   0x00000000        0x0 /usr/lib/gcc/avr/4.5.3/avr35/libgcc.a(_exit.o)
 .text          0x00000000        0x0 /usr/lib/gcc/avr/4.5.3/avr35/libgcc.a(_copy_data.o)
 .data          0x00000000        0x0 /usr/lib/gcc/avr/4.5.3/avr35/libgcc.a(_copy_data.o)
 .bss           0x00000000        0x0 /usr/lib/gcc/avr/4.5.3/avr35/libgcc.a(_copy_data.o)
 .text.libgcc   0x00000000        0x0 /usr/lib/gcc/avr/4.5.3/avr35/libgcc.a(_copy_data.o)
 .text          0x00000000        0x0 /usr/lib/gcc/avr/4.5.3/avr35/libgcc.a(_clear_bss.o)
 .data          0x00000000        0x0 /usr/lib/gcc/avr/4.5.3/avr35/libgcc.a(_clear_bss.o)
 .bss           0x00000000        0x0 /usr/lib/gcc/avr/4.5.3/avr35/libgcc.a(_clear_bss.o)
 .text.libgcc   0x00000000        0x0 /usr/lib/gcc/avr/4.5.3/avr35/libgcc.a(_clear_bss.o)
 .text          0x00000000        0x0 /usr/lib/gcc/avr/4.5.3/../../../avr/lib/avr35/libc.a(eerd_byte_at90usb162.o)
 .data          0x00000000        0x0 /usr/lib/gcc/avr/4.5.3/../../../avr/lib/avr35/libc.a(eerd_byte_at90usb162.o)
 .bss           0x00000000        0x0 /usr/lib/gcc/avr/4.5.3/../../../avr/lib/avr35/libc.a(eerd_byte_at90usb162.o)
 .text          0x00000000        0x0 /usr/lib/gcc/avr/4.5.3/../../../avr/lib/avr35/libc.a(eeupd_byte_at90usb162.o)
 .data          0x00000000        0x0 /usr/lib/gcc/avr/4.5.3/../../../avr/lib/avr35/libc.a(eeupd_byte_at90usb162.o)
 .bss           0x00000000        0x0 /usr/lib/gcc/avr/4.5.3/../../../avr/lib/avr35/libc.a(eeupd_byte_at90usb162.o)

Memory Configuration

Name             Origin             Length             Attributes
text             0x00000000         0x00010000         xr
data             0x00800060         0x0000ffa0         rw !x
eeprom           0x00810000         0x00010000         rw !x
fuse             0x00820000         0x00000400         rw !x
lock             0x00830000         0x00000400         rw !x
signature        0x00840000         0x00000400         rw !x
*default*        0x00000000         0xffffffff

Linker script and memory map

Address of section .data set to 0x800100
LOAD /usr/lib/gcc/avr/4.5.3/../../../avr/lib/avr35/crtusb162.o
LOAD AVRISP-MKII.o
LOAD AVRISPDescriptors.o
LOAD Lib/V2Protocol.o
LOAD Lib/V2ProtocolParams.o
LOAD Lib/ISP/ISPProtocol.o
LOAD Lib/ISP/ISPTarget.o
LOAD Lib/XPROG/XPROGProtocol.o
LOAD Lib/XPROG/XPROGTarget.o
LOAD Lib/XPROG/XMEGANVM.o
LOAD Lib/XPROG/TINYNVM.o
LOAD ../../LUFA/Drivers/USB/Class/Common/HIDParser.o
LOAD ../../LUFA/Drivers/USB/Core/AVR8/Device_AVR8.o
LOAD ../../LUFA/Drivers/USB/Core/AVR8/EndpointStream_AVR8.o
LOAD ../../LUFA/Drivers/USB/Core/AVR8/Endpoint_AVR8.o
LOAD ../../LUFA/Drivers/USB/Core/AVR8/Host_AVR8.o
LOAD ../../LUFA/Drivers/USB/Core/AVR8/PipeStream_AVR8.o
LOAD ../../LUFA/Drivers/USB/Core/AVR8/Pipe_AVR8.o
LOAD ../../LUFA/Drivers/USB/Core/AVR8/USBController_AVR8.o
LOAD ../../LUFA/Drivers/USB/Core/AVR8/USBInterrupt_AVR8.o
LOAD ../../LUFA/Drivers/USB/Core/ConfigDescriptors.o
LOAD ../../LUFA/Drivers/USB/Core/DeviceStandardReq.o
LOAD ../../LUFA/Drivers/USB/Core/Events.o
LOAD ../../LUFA/Drivers/USB/Core/HostStandardReq.o
LOAD ../../LUFA/Drivers/USB/Core/USBTask.o
LOAD /usr/lib/gcc/avr/4.5.3/../../../avr/lib/avr35/libm.a
LOAD /usr/lib/gcc/avr/4.5.3/avr35/libgcc.a
LOAD /usr/lib/gcc/avr/4.5.3/../../../avr/lib/avr35/libc.a
LOAD /usr/lib/gcc/avr/4.5.3/avr35/libgcc.a

.hash
 *(.hash)

.dynsym
 *(.dynsym)

.dynstr
 *(.dynstr)

.gnu.version
 *(.gnu.version)

.gnu.version_d
 *(.gnu.version_d)

.gnu.version_r
 *(.gnu.version_r)

.rel.init
 *(.rel.init)

.rela.init
 *(.rela.init)

.rel.text
 *(.rel.text)
 *(.rel.text.*)
 *(.rel.gnu.linkonce.t*)

.rela.text
 *(.rela.text)
 *(.rela.text.*)
 *(.rela.gnu.linkonce.t*)

.rel.fini
 *(.rel.fini)

.rela.fini
 *(.rela.fini)

.rel.rodata
 *(.rel.rodata)
 *(.rel.rodata.*)
 *(.rel.gnu.linkonce.r*)

.rela.rodata
 *(.rela.rodata)
 *(.rela.rodata.*)
 *(.rela.gnu.linkonce.r*)

.rel.data
 *(.rel.data)
 *(.rel.data.*)
 *(.rel.gnu.linkonce.d*)

.rela.data
 *(.rela.data)
 *(.rela.data.*)
 *(.rela.gnu.linkonce.d*)

.rel.ctors
 *(.rel.ctors)

.rela.ctors
 *(.rela.ctors)

.rel.dtors
 *(.rel.dtors)

.rela.dtors
 *(.rela.dtors)

.rel.got
 *(.rel.got)

.rela.got
 *(.rela.got)

.rel.bss
 *(.rel.bss)

.rela.bss
 *(.rela.bss)

.rel.plt
 *(.rel.plt)

.rela.plt
 *(.rela.plt)

.text           0x00000000     0x27c2
 *(.vectors)
 .vectors       0x00000000       0x74 /usr/lib/gcc/avr/4.5.3/../../../avr/lib/avr35/crtusb162.o
                0x00000000                __vectors
                0x00000000                __vector_default
 *(.vectors)
 *(.progmem.gcc*)
 *(.progmem*)
 .progmem.data  0x00000074       0x3e AVRISPDescriptors.o
                0x00000074                AVRISP_DeviceDescriptor
                0x00000086                AVRISP_LanguageString
                0x0000008a                AVRISP_ManufacturerString
                0x00000098                AVRISP_ProductString
 .progmem.data  0x000000b2      0x141 Lib/ISP/ISPTarget.o
                0x000001f4                . = ALIGN (0x2)
 *fill*         0x000001f3        0x1 00
                0x000001f4                __trampolines_start = .
 *(.trampolines)
 .trampolines   0x000001f4        0x0 linker stubs
 *(.trampolines*)
                0x000001f4                __trampolines_end = .
 *(.jumptables)
 *(.jumptables*)
 *(.lowtext)
 *(.lowtext*)
                0x000001f4                __ctors_start = .
 *(.ctors)
                0x000001f4                __ctors_end = .
                0x000001f4                __dtors_start = .
 *(.dtors)
                0x000001f4                __dtors_end = .
 SORT(*)(.ctors)
 SORT(*)(.dtors)
 *(.init0)
 .init0         0x000001f4        0x0 /usr/lib/gcc/avr/4.5.3/../../../avr/lib/avr35/crtusb162.o
                0x000001f4                __init
 *(.init0)
 *(.init1)
 *(.init1)
 *(.init2)
 .init2         0x000001f4        0xc /usr/lib/gcc/avr/4.5.3/../../../avr/lib/avr35/crtusb162.o
 *(.init2)
 *(.init3)
 *(.init3)
 *(.init4)
 .init4         0x00000200       0x16 /usr/lib/gcc/avr/4.5.3/avr35/libgcc.a(_copy_data.o)
                0x00000200                __do_copy_data
 .init4         0x00000216       0x10 /usr/lib/gcc/avr/4.5.3/avr35/libgcc.a(_clear_bss.o)
                0x00000216                __do_clear_bss
 *(.init4)
 *(.init5)
 *(.init5)
 *(.init6)
 *(.init6)
 *(.init7)
 *(.init7)
 *(.init8)
 *(.init8)
 *(.init9)
 .init9         0x00000226        0x6 /usr/lib/gcc/avr/4.5.3/../../../avr/lib/avr35/crtusb162.o
 *(.init9)
 *(.text)
 .text          0x0000022c        0x2 /usr/lib/gcc/avr/4.5.3/../../../avr/lib/avr35/crtusb162.o
                0x0000022c                __vector_22
                0x0000022c                __vector_28
                0x0000022c                __vector_1
                0x0000022c                __vector_24
                0x0000022c                __vector_12
                0x0000022c                __bad_interrupt
                0x0000022c                __vector_6
                0x0000022c                __vector_3
                0x0000022c                __vector_23
                0x0000022c                __vector_25
                0x0000022c                __vector_13
                0x0000022c                __vector_17
                0x0000022c                __vector_7
                0x0000022c                __vector_27
                0x0000022c                __vector_5
                0x0000022c                __vector_4
                0x0000022c                __vector_9
                0x0000022c                __vector_2
                0x0000022c                __vector_21
                0x0000022c                __vector_8
                0x0000022c                __vector_26
                0x0000022c                __vector_14
                0x0000022c                __vector_10
                0x0000022c                __vector_16
                0x0000022c                __vector_18
                0x0000022c                __vector_20
                0x0000022e                . = ALIGN (0x2)
 *(.text.*)
 .text.LEDs_SetAllLEDs
                0x0000022e        0xa AVRISP-MKII.o
 .text.SetupHardware
                0x00000238       0x38 AVRISP-MKII.o
                0x00000238                SetupHardware
 .text.EVENT_USB_Device_Connect
                0x00000270        0x4 AVRISP-MKII.o
                0x00000270                EVENT_USB_Device_Connect
 .text.EVENT_USB_Device_Disconnect
                0x00000274        0x4 AVRISP-MKII.o
                0x00000274                EVENT_USB_Device_Disconnect
 .text.EVENT_USB_Device_ConfigurationChanged
                0x00000278       0x16 AVRISP-MKII.o
                0x00000278                EVENT_USB_Device_ConfigurationChanged
 .text.AVRISP_Task
                0x0000028e       0x22 AVRISP-MKII.o
                0x0000028e                AVRISP_Task
 .text.main     0x000002b0       0x24 AVRISP-MKII.o
                0x000002b0                main
 .text.CALLBACK_USB_GetDescriptor
                0x000002d4        0x4 AVRISP-MKII.o
                0x000002d4                CALLBACK_USB_GetDescriptor
 .text.AVRISP_GetDescriptor
                0x000002d8       0x80 AVRISPDescriptors.o
                0x000002d8                AVRISP_GetDescriptor
 .text.__vector_19
                0x00000358       0x2a Lib/V2Protocol.o
                0x00000358                __vector_19
 .text.V2Protocol_Init
                0x00000382       0x10 Lib/V2Protocol.o
                0x00000382                V2Protocol_Init
 .text.V2Protocol_ProcessCommand
                0x00000392      0x240 Lib/V2Protocol.o
                0x00000392                V2Protocol_ProcessCommand
 .text.V2Params_GetParamFromTable
                0x000005d2       0x1e Lib/V2ProtocolParams.o
 .text.V2Params_LoadNonVolatileParamValues
                0x000005f0       0x36 Lib/V2ProtocolParams.o
                0x000005f0                V2Params_LoadNonVolatileParamValues
 .text.V2Params_UpdateParamValues
                0x00000626        0x2 Lib/V2ProtocolParams.o
                0x00000626                V2Params_UpdateParamValues
 .text.V2Params_GetParameterPrivileges
                0x00000628       0x10 Lib/V2ProtocolParams.o
                0x00000628                V2Params_GetParameterPrivileges
 .text.V2Params_GetParameterValue
                0x00000638       0x10 Lib/V2ProtocolParams.o
                0x00000638                V2Params_GetParameterValue
 .text.V2Params_SetParameterValue
                0x00000648       0x3c Lib/V2ProtocolParams.o
                0x00000648                V2Params_SetParameterValue
 .text.SwapEndian_16
                0x00000684        0x8 Lib/ISP/ISPProtocol.o
 .text.ISPTarget_SendByte
                0x0000068c       0x14 Lib/ISP/ISPProtocol.o
 .text.ISPTarget_TransferByte
                0x000006a0       0x16 Lib/ISP/ISPProtocol.o
 .text.ISPTarget_ReceiveByte
                0x000006b6       0x18 Lib/ISP/ISPProtocol.o
 .text.ISPProtocol_ProgramMemory
                0x000006ce      0x25e Lib/ISP/ISPProtocol.o
                0x000006ce                ISPProtocol_ProgramMemory
 .text.ISPProtocol_ReadMemory
                0x0000092c      0x140 Lib/ISP/ISPProtocol.o
                0x0000092c                ISPProtocol_ReadMemory
 .text.ISPProtocol_ReadFuseLockSigOSCCAL
                0x00000a6c       0xbe Lib/ISP/ISPProtocol.o
                0x00000a6c                ISPProtocol_ReadFuseLockSigOSCCAL
 .text.ISPProtocol_WriteFuseLock
                0x00000b2a       0x8c Lib/ISP/ISPProtocol.o
                0x00000b2a                ISPProtocol_WriteFuseLock
 .text.ISPProtocol_SPIMulti
                0x00000bb6      0x10c Lib/ISP/ISPProtocol.o
                0x00000bb6                ISPProtocol_SPIMulti
 .text.ISPProtocol_DelayMS
                0x00000cc2       0x1c Lib/ISP/ISPProtocol.o
                0x00000cc2                ISPProtocol_DelayMS
 .text.ISPProtocol_ChipErase
                0x00000cde       0x9c Lib/ISP/ISPProtocol.o
                0x00000cde                ISPProtocol_ChipErase
 .text.ISPProtocol_LeaveISPMode
                0x00000d7a       0x68 Lib/ISP/ISPProtocol.o
                0x00000d7a                ISPProtocol_LeaveISPMode
 .text.ISPProtocol_EnterISPMode
                0x00000de2      0x122 Lib/ISP/ISPProtocol.o
                0x00000de2                ISPProtocol_EnterISPMode
 .text.__vector_15
                0x00000f04       0x60 Lib/ISP/ISPTarget.o
                0x00000f04                __vector_15
 .text.ISPTarget_ConfigureRescueClock
                0x00000f64       0x28 Lib/ISP/ISPTarget.o
                0x00000f64                ISPTarget_ConfigureRescueClock
 .text.ISPTarget_DisableTargetISP
                0x00000f8c       0x28 Lib/ISP/ISPTarget.o
                0x00000f8c                ISPTarget_DisableTargetISP
 .text.ISPTarget_ConfigureSoftwareSPI
                0x00000fb4       0x30 Lib/ISP/ISPTarget.o
                0x00000fb4                ISPTarget_ConfigureSoftwareSPI
 .text.ISPTarget_EnableTargetISP
                0x00000fe4       0x52 Lib/ISP/ISPTarget.o
                0x00000fe4                ISPTarget_EnableTargetISP
 .text.ISPTarget_TransferSoftSPIByte
                0x00001036       0x3e Lib/ISP/ISPTarget.o
                0x00001036                ISPTarget_TransferSoftSPIByte
 .text.ISPTarget_SendByte
                0x00001074       0x14 Lib/ISP/ISPTarget.o
 .text.ISPTarget_ChangeTargetResetLine
                0x00001088       0x18 Lib/ISP/ISPTarget.o
                0x00001088                ISPTarget_ChangeTargetResetLine
 .text.ISPTarget_WaitWhileTargetBusy
                0x000010a0       0x3c Lib/ISP/ISPTarget.o
                0x000010a0                ISPTarget_WaitWhileTargetBusy
 .text.ISPTarget_LoadExtendedAddress
                0x000010dc       0x12 Lib/ISP/ISPTarget.o
                0x000010dc                ISPTarget_LoadExtendedAddress
 .text.ISPTarget_WaitForProgComplete
                0x000010ee       0x94 Lib/ISP/ISPTarget.o
                0x000010ee                ISPTarget_WaitForProgComplete
 .text.SwapEndian_32
                0x00001182        0xc Lib/XPROG/XPROGProtocol.o
 .text.SwapEndian_16
                0x0000118e        0x8 Lib/XPROG/XPROGProtocol.o
 .text.XPROGProtocol_WriteMemory
                0x00001196      0x15a Lib/XPROG/XPROGProtocol.o
 .text.XPROGProtocol_ReadMemory
                0x000012f0       0xcc Lib/XPROG/XPROGProtocol.o
 .text.XPROGProtocol_SetMode
                0x000013bc       0x60 Lib/XPROG/XPROGProtocol.o
                0x000013bc                XPROGProtocol_SetMode
 .text.XPROGProtocol_Command
                0x0000141c      0x292 Lib/XPROG/XPROGProtocol.o
                0x0000141c                XPROGProtocol_Command
 .text.XPROGTarget_SetTxMode
                0x000016ae       0x2c Lib/XPROG/XPROGTarget.o
 .text.XPROGTarget_SetRxMode
                0x000016da       0x30 Lib/XPROG/XPROGTarget.o
 .text.XPROGTarget_DisableTargetPDI
                0x0000170a       0x26 Lib/XPROG/XPROGTarget.o
                0x0000170a                XPROGTarget_DisableTargetPDI
 .text.XPROGTarget_DisableTargetTPI
                0x00001730       0x2e Lib/XPROG/XPROGTarget.o
                0x00001730                XPROGTarget_DisableTargetTPI
 .text.XPROGTarget_SendByte
                0x0000175e       0x36 Lib/XPROG/XPROGTarget.o
                0x0000175e                XPROGTarget_SendByte
 .text.XPROGTarget_ReceiveByte
                0x00001794       0x1e Lib/XPROG/XPROGTarget.o
                0x00001794                XPROGTarget_ReceiveByte
 .text.XPROGTarget_SendIdle
                0x000017b2       0x1e Lib/XPROG/XPROGTarget.o
                0x000017b2                XPROGTarget_SendIdle
 .text.XPROGTarget_EnableTargetTPI
                0x000017d0       0x34 Lib/XPROG/XPROGTarget.o
                0x000017d0                XPROGTarget_EnableTargetTPI
 .text.XPROGTarget_EnableTargetPDI
                0x00001804       0x32 Lib/XPROG/XPROGTarget.o
                0x00001804                XPROGTarget_EnableTargetPDI
 .text.XMEGANVM_SendAddress
                0x00001836       0x32 Lib/XPROG/XMEGANVM.o
 .text.XMEGANVM_SendNVMRegAddress
                0x00001868       0x22 Lib/XPROG/XMEGANVM.o
 .text.XMEGANVM_WaitWhileNVMBusBusy
                0x0000188a       0x18 Lib/XPROG/XMEGANVM.o
                0x0000188a                XMEGANVM_WaitWhileNVMBusBusy
 .text.XMEGANVM_WaitWhileNVMControllerBusy
                0x000018a2       0x20 Lib/XPROG/XMEGANVM.o
                0x000018a2                XMEGANVM_WaitWhileNVMControllerBusy
 .text.XMEGANVM_EnablePDI
                0x000018c2       0x84 Lib/XPROG/XMEGANVM.o
                0x000018c2                XMEGANVM_EnablePDI
 .text.XMEGANVM_DisablePDI
                0x00001946       0x16 Lib/XPROG/XMEGANVM.o
                0x00001946                XMEGANVM_DisablePDI
 .text.XMEGANVM_GetMemoryCRC
                0x0000195c       0x6e Lib/XPROG/XMEGANVM.o
                0x0000195c                XMEGANVM_GetMemoryCRC
 .text.XMEGANVM_ReadMemory
                0x000019ca       0x76 Lib/XPROG/XMEGANVM.o
                0x000019ca                XMEGANVM_ReadMemory
 .text.XMEGANVM_WriteByteMemory
                0x00001a40       0x48 Lib/XPROG/XMEGANVM.o
                0x00001a40                XMEGANVM_WriteByteMemory
 .text.XMEGANVM_WritePageMemory
                0x00001a88       0xce Lib/XPROG/XMEGANVM.o
                0x00001a88                XMEGANVM_WritePageMemory
 .text.XMEGANVM_EraseMemory
                0x00001b56       0xd8 Lib/XPROG/XMEGANVM.o
                0x00001b56                XMEGANVM_EraseMemory
 .text.TINYNVM_SendWriteNVMRegister
                0x00001c2e       0x14 Lib/XPROG/TINYNVM.o
 .text.TINYNVM_SendPointerAddress
                0x00001c42       0x2c Lib/XPROG/TINYNVM.o
 .text.TINYNVM_WaitWhileNVMBusBusy
                0x00001c6e       0x18 Lib/XPROG/TINYNVM.o
                0x00001c6e                TINYNVM_WaitWhileNVMBusBusy
 .text.TINYNVM_WaitWhileNVMControllerBusy
                0x00001c86       0x2c Lib/XPROG/TINYNVM.o
                0x00001c86                TINYNVM_WaitWhileNVMControllerBusy
 .text.TINYNVM_EnableTPI
                0x00001cb2       0x7c Lib/XPROG/TINYNVM.o
                0x00001cb2                TINYNVM_EnableTPI
 .text.TINYNVM_DisableTPI
                0x00001d2e       0x16 Lib/XPROG/TINYNVM.o
                0x00001d2e                TINYNVM_DisableTPI
 .text.TINYNVM_ReadMemory
                0x00001d44       0x5a Lib/XPROG/TINYNVM.o
                0x00001d44                TINYNVM_ReadMemory
 .text.TINYNVM_WriteMemory
                0x00001d9e       0x76 Lib/XPROG/TINYNVM.o
                0x00001d9e                TINYNVM_WriteMemory
 .text.TINYNVM_EraseMemory
                0x00001e14       0x36 Lib/XPROG/TINYNVM.o
                0x00001e14                TINYNVM_EraseMemory
 .text.Endpoint_Write_Stream_LE
                0x00001e4a       0xbc ../../LUFA/Drivers/USB/Core/AVR8/EndpointStream_AVR8.o
                0x00001e4a                Endpoint_Write_Stream_LE
 .text.Endpoint_Read_Stream_LE
                0x00001f06       0xbc ../../LUFA/Drivers/USB/Core/AVR8/EndpointStream_AVR8.o
                0x00001f06                Endpoint_Read_Stream_LE
 .text.Endpoint_Read_Stream_BE
                0x00001fc2       0xac ../../LUFA/Drivers/USB/Core/AVR8/EndpointStream_AVR8.o
                0x00001fc2                Endpoint_Read_Stream_BE
 .text.Endpoint_Write_Control_Stream_LE
                0x0000206e       0xb4 ../../LUFA/Drivers/USB/Core/AVR8/EndpointStream_AVR8.o
                0x0000206e                Endpoint_Write_Control_Stream_LE
 .text.Endpoint_Write_Control_PStream_LE
                0x00002122       0xb6 ../../LUFA/Drivers/USB/Core/AVR8/EndpointStream_AVR8.o
                0x00002122                Endpoint_Write_Control_PStream_LE
 .text.Endpoint_Write_Control_EStream_LE
                0x000021d8       0xca ../../LUFA/Drivers/USB/Core/AVR8/EndpointStream_AVR8.o
                0x000021d8                Endpoint_Write_Control_EStream_LE
 .text.Endpoint_ConfigureEndpoint_Prv
                0x000022a2       0x28 ../../LUFA/Drivers/USB/Core/AVR8/Endpoint_AVR8.o
                0x000022a2                Endpoint_ConfigureEndpoint_Prv
 .text.Endpoint_ClearStatusStage
                0x000022ca       0x3e ../../LUFA/Drivers/USB/Core/AVR8/Endpoint_AVR8.o
                0x000022ca                Endpoint_ClearStatusStage
 .text.Endpoint_WaitUntilReady
                0x00002308       0x66 ../../LUFA/Drivers/USB/Core/AVR8/Endpoint_AVR8.o
                0x00002308                Endpoint_WaitUntilReady
 .text.USB_ResetInterface
                0x0000236e       0x68 ../../LUFA/Drivers/USB/Core/AVR8/USBController_AVR8.o
                0x0000236e                USB_ResetInterface
 .text.USB_Init
                0x000023d6       0x12 ../../LUFA/Drivers/USB/Core/AVR8/USBController_AVR8.o
                0x000023d6                USB_Init
 .text.USB_INT_DisableAllInterrupts
                0x000023e8        0x6 ../../LUFA/Drivers/USB/Core/AVR8/USBInterrupt_AVR8.o
                0x000023e8                USB_INT_DisableAllInterrupts
 .text.USB_INT_ClearAllInterrupts
                0x000023ee        0x6 ../../LUFA/Drivers/USB/Core/AVR8/USBInterrupt_AVR8.o
                0x000023ee                USB_INT_ClearAllInterrupts
 .text.__vector_11
                0x000023f4      0x126 ../../LUFA/Drivers/USB/Core/AVR8/USBInterrupt_AVR8.o
                0x000023f4                __vector_11
 .text.USB_Device_ProcessControlRequest
                0x0000251a      0x238 ../../LUFA/Drivers/USB/Core/DeviceStandardReq.o
                0x0000251a                USB_Device_ProcessControlRequest
 .text.USB_Event_Stub
                0x00002752        0x2 ../../LUFA/Drivers/USB/Core/Events.o
                0x00002752                EVENT_USB_Device_WakeUp
                0x00002752                USB_Event_Stub
                0x00002752                EVENT_USB_Device_Suspend
                0x00002752                EVENT_USB_Device_StartOfFrame
                0x00002752                EVENT_USB_Device_Reset
                0x00002752                EVENT_USB_Device_ControlRequest
 .text.USB_USBTask
                0x00002754       0x36 ../../LUFA/Drivers/USB/Core/USBTask.o
                0x00002754                USB_USBTask
 .text.avr-libc
                0x0000278a       0x10 /usr/lib/gcc/avr/4.5.3/../../../avr/lib/avr35/libc.a(eerd_byte_at90usb162.o)
                0x0000278a                __eerd_byte_usb162
 .text.avr-libc
                0x0000279a       0x24 /usr/lib/gcc/avr/4.5.3/../../../avr/lib/avr35/libc.a(eeupd_byte_at90usb162.o)
                0x0000279a                __eeupd_byte_usb162
                0x0000279c                __eeupd_r18_usb162
                0x000027be                . = ALIGN (0x2)
 *(.fini9)
 .fini9         0x000027be        0x0 /usr/lib/gcc/avr/4.5.3/avr35/libgcc.a(_exit.o)
                0x000027be                exit
                0x000027be                _exit
 *(.fini9)
 *(.fini8)
 *(.fini8)
 *(.fini7)
 *(.fini7)
 *(.fini6)
 *(.fini6)
 *(.fini5)
 *(.fini5)
 *(.fini4)
 *(.fini4)
 *(.fini3)
 *(.fini3)
 *(.fini2)
 *(.fini2)
 *(.fini1)
 *(.fini1)
 *(.fini0)
 .fini0         0x000027be        0x4 /usr/lib/gcc/avr/4.5.3/avr35/libgcc.a(_exit.o)
 *(.fini0)
                0x000027c2                _etext = .

.data           0x00800100       0xa2 load address 0x000027c2
                0x00800100                PROVIDE (__data_start, .)
 *(.data)
 .data          0x00800100       0x3e AVRISPDescriptors.o
                0x00800100                AVRISP_ConfigurationDescriptor
                0x00800120                AVRISP_SerialString
 .data          0x0080013e        0xb Lib/V2Protocol.o
 .data          0x00800149       0x1e Lib/V2ProtocolParams.o
 .data          0x00800167        0x1 Lib/ISP/ISPTarget.o
                0x00800167                HardwareSPIMode
 .data          0x00800168       0x2a Lib/XPROG/XPROGProtocol.o
                0x00800168                XPROG_Param_NVMBase
                0x0080016c                XPROG_Param_EEPageSize
                0x0080016e                XPROG_Param_NVMCMDRegAddr
                0x0080016f                XPROG_Param_NVMCSRRegAddr
 .data          0x00800192        0x8 Lib/XPROG/XMEGANVM.o
 .data          0x0080019a        0x8 Lib/XPROG/TINYNVM.o
 *(.data*)
 *(.rodata)
 *(.rodata*)
 *(.gnu.linkonce.d*)
                0x008001a2                . = ALIGN (0x2)
                0x008001a2                _edata = .
                0x008001a2                PROVIDE (__data_end, .)

.bss            0x008001a2       0x13
                0x008001a2                PROVIDE (__bss_start, .)
 *(.bss)
 .bss           0x008001a2        0x2 Lib/ISP/ISPTarget.o
 .bss           0x008001a4        0x1 Lib/XPROG/XPROGProtocol.o
                0x008001a4                XPROG_SelectedProtocol
 *(.bss*)
 *(COMMON)
 COMMON         0x008001a5        0x5 Lib/V2Protocol.o
                0x008001a5                MustLoadExtendedAddress
                0x008001a6                CurrentAddress
 COMMON         0x008001aa        0x1 Lib/XPROG/XPROGTarget.o
                0x008001aa                IsSending
 COMMON         0x008001ab        0x1 ../../LUFA/Drivers/USB/Core/DeviceStandardReq.o
                0x008001ab                USB_Device_ConfigurationNumber
 COMMON         0x008001ac        0x9 ../../LUFA/Drivers/USB/Core/USBTask.o
                0x008001ac                USB_IsInitialized
                0x008001ad                USB_ControlRequest
                0x008001b5                PROVIDE (__bss_end, .)
                0x000027c2                __data_load_start = LOADADDR (.data)
                0x00002864                __data_load_end = (__data_load_start + SIZEOF (.data))

.noinit         0x008001b5        0x0
                0x008001b5                PROVIDE (__noinit_start, .)
 *(.noinit*)
                0x008001b5                PROVIDE (__noinit_end, .)
                0x008001b5                _end = .
                0x008001b5                PROVIDE (__heap_start, .)

.eeprom         0x00810000        0x2
 *(.eeprom*)
 .eeprom        0x00810000        0x2 Lib/V2ProtocolParams.o
                0x00810002                __eeprom_end = .

.fuse
 *(.fuse)
 *(.lfuse)
 *(.hfuse)
 *(.efuse)

.lock
 *(.lock*)

.signature
 *(.signature*)

.stab           0x00000000      0x870
 *(.stab)
 .stab          0x00000000      0x6cc /usr/lib/gcc/avr/4.5.3/../../../avr/lib/avr35/crtusb162.o
 .stab          0x000006cc       0x90 /usr/lib/gcc/avr/4.5.3/../../../avr/lib/avr35/libc.a(eerd_byte_at90usb162.o)
                                 0x9c (size before relaxing)
 .stab          0x0000075c      0x114 /usr/lib/gcc/avr/4.5.3/../../../avr/lib/avr35/libc.a(eeupd_byte_at90usb162.o)
                                0x120 (size before relaxing)

.stabstr        0x00000000       0xb3
 *(.stabstr)
 .stabstr       0x00000000       0xb3 /usr/lib/gcc/avr/4.5.3/../../../avr/lib/avr35/crtusb162.o

.stab.excl
 *(.stab.excl)

.stab.exclstr
 *(.stab.exclstr)

.stab.index
 *(.stab.index)

.stab.indexstr
 *(.stab.indexstr)

.comment
 *(.comment)

.debug
 *(.debug)

.line
 *(.line)

.debug_srcinfo
 *(.debug_srcinfo)

.debug_sfnames
 *(.debug_sfnames)

.debug_aranges  0x00000000      0x5b0
 *(.debug_aranges)
 .debug_aranges
                0x00000000       0x58 AVRISP-MKII.o
 .debug_aranges
                0x00000058       0x20 AVRISPDescriptors.o
 .debug_aranges
                0x00000078       0x30 Lib/V2Protocol.o
 .debug_aranges
                0x000000a8       0x48 Lib/V2ProtocolParams.o
 .debug_aranges
                0x000000f0       0x80 Lib/ISP/ISPProtocol.o
 .debug_aranges
                0x00000170       0x70 Lib/ISP/ISPTarget.o
 .debug_aranges
                0x000001e0       0x48 Lib/XPROG/XPROGProtocol.o
 .debug_aranges
                0x00000228       0x60 Lib/XPROG/XPROGTarget.o
 .debug_aranges
                0x00000288       0x70 Lib/XPROG/XMEGANVM.o
 .debug_aranges
                0x000002f8       0x60 Lib/XPROG/TINYNVM.o
 .debug_aranges
                0x00000358       0x38 ../../LUFA/Drivers/USB/Class/Common/HIDParser.o
 .debug_aranges
                0x00000390       0x20 ../../LUFA/Drivers/USB/Core/AVR8/Device_AVR8.o
 .debug_aranges
                0x000003b0       0xc8 ../../LUFA/Drivers/USB/Core/AVR8/EndpointStream_AVR8.o
 .debug_aranges
                0x00000478       0x40 ../../LUFA/Drivers/USB/Core/AVR8/Endpoint_AVR8.o
 .debug_aranges
                0x000004b8       0x30 ../../LUFA/Drivers/USB/Core/AVR8/USBController_AVR8.o
 .debug_aranges
                0x000004e8       0x30 ../../LUFA/Drivers/USB/Core/AVR8/USBInterrupt_AVR8.o
 .debug_aranges
                0x00000518       0x38 ../../LUFA/Drivers/USB/Core/ConfigDescriptors.o
 .debug_aranges
                0x00000550       0x20 ../../LUFA/Drivers/USB/Core/DeviceStandardReq.o
 .debug_aranges
                0x00000570       0x20 ../../LUFA/Drivers/USB/Core/Events.o
 .debug_aranges
                0x00000590       0x20 ../../LUFA/Drivers/USB/Core/USBTask.o

.debug_pubnames
                0x00000000      0xf38
 *(.debug_pubnames)
 .debug_pubnames
                0x00000000       0xc3 AVRISP-MKII.o
 .debug_pubnames
                0x000000c3       0xd3 AVRISPDescriptors.o
 .debug_pubnames
                0x00000196       0x83 Lib/V2Protocol.o
 .debug_pubnames
                0x00000219       0xbb Lib/V2ProtocolParams.o
 .debug_pubnames
                0x000002d4      0x114 Lib/ISP/ISPProtocol.o
 .debug_pubnames
                0x000003e8      0x165 Lib/ISP/ISPTarget.o
 .debug_pubnames
                0x0000054d       0xd0 Lib/XPROG/XPROGProtocol.o
 .debug_pubnames
                0x0000061d       0xf0 Lib/XPROG/XPROGTarget.o
 .debug_pubnames
                0x0000070d      0x10f Lib/XPROG/XMEGANVM.o
 .debug_pubnames
                0x0000081c       0xcd Lib/XPROG/TINYNVM.o
 .debug_pubnames
                0x000008e9       0x7e ../../LUFA/Drivers/USB/Class/Common/HIDParser.o
 .debug_pubnames
                0x00000967       0x32 ../../LUFA/Drivers/USB/Core/AVR8/Device_AVR8.o
 .debug_pubnames
                0x00000999      0x2df ../../LUFA/Drivers/USB/Core/AVR8/EndpointStream_AVR8.o
 .debug_pubnames
                0x00000c78       0xaf ../../LUFA/Drivers/USB/Core/AVR8/Endpoint_AVR8.o
 .debug_pubnames
                0x00000d27       0x46 ../../LUFA/Drivers/USB/Core/AVR8/USBController_AVR8.o
 .debug_pubnames
                0x00000d6d       0x62 ../../LUFA/Drivers/USB/Core/AVR8/USBInterrupt_AVR8.o
 .debug_pubnames
                0x00000dcf       0x9b ../../LUFA/Drivers/USB/Core/ConfigDescriptors.o
 .debug_pubnames
                0x00000e6a       0x5a ../../LUFA/Drivers/USB/Core/DeviceStandardReq.o
 .debug_pubnames
                0x00000ec4       0x25 ../../LUFA/Drivers/USB/Core/Events.o
 .debug_pubnames
                0x00000ee9       0x4f ../../LUFA/Drivers/USB/Core/USBTask.o

.debug_info     0x00000000     0x786c
 *(.debug_info)
 .debug_info    0x00000000      0x441 AVRISP-MKII.o
 .debug_info    0x00000441      0x647 AVRISPDescriptors.o
 .debug_info    0x00000a88      0x617 Lib/V2Protocol.o
 .debug_info    0x0000109f      0x294 Lib/V2ProtocolParams.o
 .debug_info    0x00001333      0xf8b Lib/ISP/ISPProtocol.o
 .debug_info    0x000022be      0x4df Lib/ISP/ISPTarget.o
 .debug_info    0x0000279d      0xcca Lib/XPROG/XPROGProtocol.o
 .debug_info    0x00003467      0x299 Lib/XPROG/XPROGTarget.o
 .debug_info    0x00003700      0x3f6 Lib/XPROG/XMEGANVM.o
 .debug_info    0x00003af6      0x2fa Lib/XPROG/TINYNVM.o
 .debug_info    0x00003df0      0x6f9 ../../LUFA/Drivers/USB/Class/Common/HIDParser.o
 .debug_info    0x000044e9       0xd8 ../../LUFA/Drivers/USB/Core/AVR8/Device_AVR8.o
 .debug_info    0x000045c1     0x154c ../../LUFA/Drivers/USB/Core/AVR8/EndpointStream_AVR8.o
 .debug_info    0x00005b0d      0x593 ../../LUFA/Drivers/USB/Core/AVR8/Endpoint_AVR8.o
 .debug_info    0x000060a0       0x6c ../../LUFA/Drivers/USB/Core/AVR8/Host_AVR8.o
 .debug_info    0x0000610c       0x6c ../../LUFA/Drivers/USB/Core/AVR8/PipeStream_AVR8.o
 .debug_info    0x00006178       0x6c ../../LUFA/Drivers/USB/Core/AVR8/Pipe_AVR8.o
 .debug_info    0x000061e4      0x3de ../../LUFA/Drivers/USB/Core/AVR8/USBController_AVR8.o
 .debug_info    0x000065c2      0x4d5 ../../LUFA/Drivers/USB/Core/AVR8/USBInterrupt_AVR8.o
 .debug_info    0x00006a97      0x38c ../../LUFA/Drivers/USB/Core/ConfigDescriptors.o
 .debug_info    0x00006e23      0x713 ../../LUFA/Drivers/USB/Core/DeviceStandardReq.o
 .debug_info    0x00007536       0x85 ../../LUFA/Drivers/USB/Core/Events.o
 .debug_info    0x000075bb       0x6c ../../LUFA/Drivers/USB/Core/HostStandardReq.o
 .debug_info    0x00007627      0x245 ../../LUFA/Drivers/USB/Core/USBTask.o
 *(.gnu.linkonce.wi.*)

.debug_abbrev   0x00000000     0x1fa9
 *(.debug_abbrev)
 .debug_abbrev  0x00000000      0x219 AVRISP-MKII.o
 .debug_abbrev  0x00000219      0x153 AVRISPDescriptors.o
 .debug_abbrev  0x0000036c      0x1b8 Lib/V2Protocol.o
 .debug_abbrev  0x00000524      0x11a Lib/V2ProtocolParams.o
 .debug_abbrev  0x0000063e      0x30b Lib/ISP/ISPProtocol.o
 .debug_abbrev  0x00000949      0x216 Lib/ISP/ISPTarget.o
 .debug_abbrev  0x00000b5f      0x2b8 Lib/XPROG/XPROGProtocol.o
 .debug_abbrev  0x00000e17      0x153 Lib/XPROG/XPROGTarget.o
 .debug_abbrev  0x00000f6a      0x117 Lib/XPROG/XMEGANVM.o
 .debug_abbrev  0x00001081      0x107 Lib/XPROG/TINYNVM.o
 .debug_abbrev  0x00001188      0x1ec ../../LUFA/Drivers/USB/Class/Common/HIDParser.o
 .debug_abbrev  0x00001374       0x7d ../../LUFA/Drivers/USB/Core/AVR8/Device_AVR8.o
 .debug_abbrev  0x000013f1      0x18b ../../LUFA/Drivers/USB/Core/AVR8/EndpointStream_AVR8.o
 .debug_abbrev  0x0000157c      0x1e5 ../../LUFA/Drivers/USB/Core/AVR8/Endpoint_AVR8.o
 .debug_abbrev  0x00001761       0x2a ../../LUFA/Drivers/USB/Core/AVR8/Host_AVR8.o
 .debug_abbrev  0x0000178b       0x2a ../../LUFA/Drivers/USB/Core/AVR8/PipeStream_AVR8.o
 .debug_abbrev  0x000017b5       0x2a ../../LUFA/Drivers/USB/Core/AVR8/Pipe_AVR8.o
 .debug_abbrev  0x000017df      0x14d ../../LUFA/Drivers/USB/Core/AVR8/USBController_AVR8.o
 .debug_abbrev  0x0000192c      0x177 ../../LUFA/Drivers/USB/Core/AVR8/USBInterrupt_AVR8.o
 .debug_abbrev  0x00001aa3      0x148 ../../LUFA/Drivers/USB/Core/ConfigDescriptors.o
 .debug_abbrev  0x00001beb      0x208 ../../LUFA/Drivers/USB/Core/DeviceStandardReq.o
 .debug_abbrev  0x00001df3       0x41 ../../LUFA/Drivers/USB/Core/Events.o
 .debug_abbrev  0x00001e34       0x2a ../../LUFA/Drivers/USB/Core/HostStandardReq.o
 .debug_abbrev  0x00001e5e      0x14b ../../LUFA/Drivers/USB/Core/USBTask.o

.debug_line     0x00000000     0x6ce8
 *(.debug_line)
 .debug_line    0x00000000      0x3ce AVRISP-MKII.o
 .debug_line    0x000003ce      0x1ea AVRISPDescriptors.o
 .debug_line    0x000005b8      0x458 Lib/V2Protocol.o
 .debug_line    0x00000a10      0x22d Lib/V2ProtocolParams.o
 .debug_line    0x00000c3d      0xbd2 Lib/ISP/ISPProtocol.o
 .debug_line    0x0000180f      0x563 Lib/ISP/ISPTarget.o
 .debug_line    0x00001d72      0x6f6 Lib/XPROG/XPROGProtocol.o
 .debug_line    0x00002468      0x421 Lib/XPROG/XPROGTarget.o
 .debug_line    0x00002889      0x69b Lib/XPROG/XMEGANVM.o
 .debug_line    0x00002f24      0x3f0 Lib/XPROG/TINYNVM.o
 .debug_line    0x00003314      0x762 ../../LUFA/Drivers/USB/Class/Common/HIDParser.o
 .debug_line    0x00003a76      0x15f ../../LUFA/Drivers/USB/Core/AVR8/Device_AVR8.o
 .debug_line    0x00003bd5     0x1ad0 ../../LUFA/Drivers/USB/Core/AVR8/EndpointStream_AVR8.o
 .debug_line    0x000056a5      0x502 ../../LUFA/Drivers/USB/Core/AVR8/Endpoint_AVR8.o
 .debug_line    0x00005ba7       0x3e ../../LUFA/Drivers/USB/Core/AVR8/Host_AVR8.o
 .debug_line    0x00005be5       0x3e ../../LUFA/Drivers/USB/Core/AVR8/PipeStream_AVR8.o
 .debug_line    0x00005c23       0x3e ../../LUFA/Drivers/USB/Core/AVR8/Pipe_AVR8.o
 .debug_line    0x00005c61      0x302 ../../LUFA/Drivers/USB/Core/AVR8/USBController_AVR8.o
 .debug_line    0x00005f63      0x424 ../../LUFA/Drivers/USB/Core/AVR8/USBInterrupt_AVR8.o
 .debug_line    0x00006387      0x269 ../../LUFA/Drivers/USB/Core/ConfigDescriptors.o
 .debug_line    0x000065f0      0x48c ../../LUFA/Drivers/USB/Core/DeviceStandardReq.o
 .debug_line    0x00006a7c       0x80 ../../LUFA/Drivers/USB/Core/Events.o
 .debug_line    0x00006afc       0x3e ../../LUFA/Drivers/USB/Core/HostStandardReq.o
 .debug_line    0x00006b3a      0x1ae ../../LUFA/Drivers/USB/Core/USBTask.o

.debug_frame    0x00000000      0x8e0
 *(.debug_frame)
 .debug_frame   0x00000000       0x90 AVRISP-MKII.o
 .debug_frame   0x00000090       0x20 AVRISPDescriptors.o
 .debug_frame   0x000000b0       0x40 Lib/V2Protocol.o
 .debug_frame   0x000000f0       0x70 Lib/V2ProtocolParams.o
 .debug_frame   0x00000160       0xe0 Lib/ISP/ISPProtocol.o
 .debug_frame   0x00000240       0xc0 Lib/ISP/ISPTarget.o
 .debug_frame   0x00000300       0x70 Lib/XPROG/XPROGProtocol.o
 .debug_frame   0x00000370       0xa0 Lib/XPROG/XPROGTarget.o
 .debug_frame   0x00000410       0xc0 Lib/XPROG/XMEGANVM.o
 .debug_frame   0x000004d0       0xa0 Lib/XPROG/TINYNVM.o
 .debug_frame   0x00000570       0x50 ../../LUFA/Drivers/USB/Class/Common/HIDParser.o
 .debug_frame   0x000005c0       0x20 ../../LUFA/Drivers/USB/Core/AVR8/Device_AVR8.o
 .debug_frame   0x000005e0      0x170 ../../LUFA/Drivers/USB/Core/AVR8/EndpointStream_AVR8.o
 .debug_frame   0x00000750       0x60 ../../LUFA/Drivers/USB/Core/AVR8/Endpoint_AVR8.o
 .debug_frame   0x000007b0       0x40 ../../LUFA/Drivers/USB/Core/AVR8/USBController_AVR8.o
 .debug_frame   0x000007f0       0x40 ../../LUFA/Drivers/USB/Core/AVR8/USBInterrupt_AVR8.o
 .debug_frame   0x00000830       0x50 ../../LUFA/Drivers/USB/Core/ConfigDescriptors.o
 .debug_frame   0x00000880       0x20 ../../LUFA/Drivers/USB/Core/DeviceStandardReq.o
 .debug_frame   0x000008a0       0x20 ../../LUFA/Drivers/USB/Core/Events.o
 .debug_frame   0x000008c0       0x20 ../../LUFA/Drivers/USB/Core/USBTask.o

.debug_str      0x00000000     0x2f4f
 *(.debug_str)
 .debug_str     0x00000000      0x3ae AVRISP-MKII.o
                                0x406 (size before relaxing)
 .debug_str     0x000003ae      0x5b7 AVRISPDescriptors.o
                                0x71f (size before relaxing)
 .debug_str     0x00000965      0x19d Lib/V2Protocol.o
                                0x2bd (size before relaxing)
 .debug_str     0x00000b02      0x151 Lib/V2ProtocolParams.o
                                0x268 (size before relaxing)
 .debug_str     0x00000c53      0x49b Lib/ISP/ISPProtocol.o
                                0x673 (size before relaxing)
 .debug_str     0x000010ee      0x1bc Lib/ISP/ISPTarget.o
                                0x3ad (size before relaxing)
 .debug_str     0x000012aa      0x2f0 Lib/XPROG/XPROGProtocol.o
                                0x4d0 (size before relaxing)
 .debug_str     0x0000159a      0x111 Lib/XPROG/XPROGTarget.o
                                0x255 (size before relaxing)
 .debug_str     0x000016ab      0x197 Lib/XPROG/XMEGANVM.o
                                0x337 (size before relaxing)
 .debug_str     0x00001842      0x113 Lib/XPROG/TINYNVM.o
                                0x2af (size before relaxing)
 .debug_str     0x00001955      0x491 ../../LUFA/Drivers/USB/Class/Common/HIDParser.o
                                0x5f1 (size before relaxing)
 .debug_str     0x00001de6       0x77 ../../LUFA/Drivers/USB/Core/AVR8/Device_AVR8.o
                                0x154 (size before relaxing)
 .debug_str     0x00001e5d      0x50f ../../LUFA/Drivers/USB/Core/AVR8/EndpointStream_AVR8.o
                                0x76a (size before relaxing)
 .debug_str     0x0000236c      0x27f ../../LUFA/Drivers/USB/Core/AVR8/Endpoint_AVR8.o
                                0x543 (size before relaxing)
 .debug_str     0x000025eb       0x2d ../../LUFA/Drivers/USB/Core/AVR8/Host_AVR8.o
                                 0xfc (size before relaxing)
 .debug_str     0x00002618       0x33 ../../LUFA/Drivers/USB/Core/AVR8/PipeStream_AVR8.o
                                0x102 (size before relaxing)
 .debug_str     0x0000264b       0x2d ../../LUFA/Drivers/USB/Core/AVR8/Pipe_AVR8.o
                                 0xfc (size before relaxing)
 .debug_str     0x00002678      0x1ca ../../LUFA/Drivers/USB/Core/AVR8/USBController_AVR8.o
                                0x3e6 (size before relaxing)
 .debug_str     0x00002842       0xd6 ../../LUFA/Drivers/USB/Core/AVR8/USBInterrupt_AVR8.o
                                0x39e (size before relaxing)
 .debug_str     0x00002918      0x227 ../../LUFA/Drivers/USB/Core/ConfigDescriptors.o
                                0x33c (size before relaxing)
 .debug_str     0x00002b3f      0x344 ../../LUFA/Drivers/USB/Core/DeviceStandardReq.o
                                0x675 (size before relaxing)
 .debug_str     0x00002e83       0x34 ../../LUFA/Drivers/USB/Core/Events.o
                                0x103 (size before relaxing)
 .debug_str     0x00002eb7       0x2e ../../LUFA/Drivers/USB/Core/HostStandardReq.o
                                 0xfd (size before relaxing)
 .debug_str     0x00002ee5       0x6a ../../LUFA/Drivers/USB/Core/USBTask.o
                                0x2aa (size before relaxing)

.debug_loc      0x00000000     0x42ab
 *(.debug_loc)
 .debug_loc     0x00000000       0xb4 AVRISP-MKII.o
 .debug_loc     0x000000b4      0x149 AVRISPDescriptors.o
 .debug_loc     0x000001fd      0x211 Lib/V2Protocol.o
 .debug_loc     0x0000040e      0x18f Lib/V2ProtocolParams.o
 .debug_loc     0x0000059d      0x5d4 Lib/ISP/ISPProtocol.o
 .debug_loc     0x00000b71      0x219 Lib/ISP/ISPTarget.o
 .debug_loc     0x00000d8a      0x4ca Lib/XPROG/XPROGProtocol.o
 .debug_loc     0x00001254       0x27 Lib/XPROG/XPROGTarget.o
 .debug_loc     0x0000127b      0x37d Lib/XPROG/XMEGANVM.o
 .debug_loc     0x000015f8      0x1fe Lib/XPROG/TINYNVM.o
 .debug_loc     0x000017f6      0x882 ../../LUFA/Drivers/USB/Class/Common/HIDParser.o
 .debug_loc     0x00002078     0x1982 ../../LUFA/Drivers/USB/Core/AVR8/EndpointStream_AVR8.o
 .debug_loc     0x000039fa      0x2b6 ../../LUFA/Drivers/USB/Core/AVR8/Endpoint_AVR8.o
 .debug_loc     0x00003cb0      0x154 ../../LUFA/Drivers/USB/Core/AVR8/USBInterrupt_AVR8.o
 .debug_loc     0x00003e04      0x2bc ../../LUFA/Drivers/USB/Core/ConfigDescriptors.o
 .debug_loc     0x000040c0      0x1c4 ../../LUFA/Drivers/USB/Core/DeviceStandardReq.o
 .debug_loc     0x00004284       0x27 ../../LUFA/Drivers/USB/Core/USBTask.o

.debug_macinfo
 *(.debug_macinfo)
OUTPUT(AVRISP-MKII.elf elf32-avr)
LOAD linker stubs

.debug_pubtypes
                0x00000000      0x90b
 .debug_pubtypes
                0x00000000       0x53 AVRISP-MKII.o
 .debug_pubtypes
                0x00000053      0x182 AVRISPDescriptors.o
 .debug_pubtypes
                0x000001d5       0x38 Lib/V2Protocol.o
 .debug_pubtypes
                0x0000020d       0x32 Lib/V2ProtocolParams.o
 .debug_pubtypes
                0x0000023f       0x38 Lib/ISP/ISPProtocol.o
 .debug_pubtypes
                0x00000277       0x38 Lib/ISP/ISPTarget.o
 .debug_pubtypes
                0x000002af       0x38 Lib/XPROG/XPROGProtocol.o
 .debug_pubtypes
                0x000002e7       0x38 Lib/XPROG/XPROGTarget.o
 .debug_pubtypes
                0x0000031f       0x38 Lib/XPROG/XMEGANVM.o
 .debug_pubtypes
                0x00000357       0x2b Lib/XPROG/TINYNVM.o
 .debug_pubtypes
                0x00000382      0x145 ../../LUFA/Drivers/USB/Class/Common/HIDParser.o
 .debug_pubtypes
                0x000004c7       0x1e ../../LUFA/Drivers/USB/Core/AVR8/Device_AVR8.o
 .debug_pubtypes
                0x000004e5       0xab ../../LUFA/Drivers/USB/Core/AVR8/EndpointStream_AVR8.o
 .debug_pubtypes
                0x00000590       0x9e ../../LUFA/Drivers/USB/Core/AVR8/Endpoint_AVR8.o
 .debug_pubtypes
                0x0000062e       0x12 ../../LUFA/Drivers/USB/Core/AVR8/Host_AVR8.o
 .debug_pubtypes
                0x00000640       0x12 ../../LUFA/Drivers/USB/Core/AVR8/PipeStream_AVR8.o
 .debug_pubtypes
                0x00000652       0x12 ../../LUFA/Drivers/USB/Core/AVR8/Pipe_AVR8.o
 .debug_pubtypes
                0x00000664       0x68 ../../LUFA/Drivers/USB/Core/AVR8/USBController_AVR8.o
 .debug_pubtypes
                0x000006cc       0x58 ../../LUFA/Drivers/USB/Core/AVR8/USBInterrupt_AVR8.o
 .debug_pubtypes
                0x00000724       0xb4 ../../LUFA/Drivers/USB/Core/ConfigDescriptors.o
 .debug_pubtypes
                0x000007d8       0xb3 ../../LUFA/Drivers/USB/Core/DeviceStandardReq.o
 .debug_pubtypes
                0x0000088b       0x12 ../../LUFA/Drivers/USB/Core/Events.o
 .debug_pubtypes
                0x0000089d       0x12 ../../LUFA/Drivers/USB/Core/HostStandardReq.o
 .debug_pubtypes
                0x000008af       0x5c ../../LUFA/Drivers/USB/Core/USBTask.o

.debug_ranges   0x00000000      0x838
 .debug_ranges  0x00000000       0x48 AVRISP-MKII.o
 .debug_ranges  0x00000048       0x10 AVRISPDescriptors.o
 .debug_ranges  0x00000058       0x20 Lib/V2Protocol.o
 .debug_ranges  0x00000078       0x38 Lib/V2ProtocolParams.o
 .debug_ranges  0x000000b0       0xa0 Lib/ISP/ISPProtocol.o
 .debug_ranges  0x00000150       0x60 Lib/ISP/ISPTarget.o
 .debug_ranges  0x000001b0       0xa0 Lib/XPROG/XPROGProtocol.o
 .debug_ranges  0x00000250       0x50 Lib/XPROG/XPROGTarget.o
 .debug_ranges  0x000002a0       0x60 Lib/XPROG/XMEGANVM.o
 .debug_ranges  0x00000300       0x50 Lib/XPROG/TINYNVM.o
 .debug_ranges  0x00000350      0x100 ../../LUFA/Drivers/USB/Class/Common/HIDParser.o
 .debug_ranges  0x00000450       0x10 ../../LUFA/Drivers/USB/Core/AVR8/Device_AVR8.o
 .debug_ranges  0x00000460      0x298 ../../LUFA/Drivers/USB/Core/AVR8/EndpointStream_AVR8.o
 .debug_ranges  0x000006f8       0x78 ../../LUFA/Drivers/USB/Core/AVR8/Endpoint_AVR8.o
 .debug_ranges  0x00000770       0x20 ../../LUFA/Drivers/USB/Core/AVR8/USBController_AVR8.o
 .debug_ranges  0x00000790       0x20 ../../LUFA/Drivers/USB/Core/AVR8/USBInterrupt_AVR8.o
 .debug_ranges  0x000007b0       0x28 ../../LUFA/Drivers/USB/Core/ConfigDescriptors.o
 .debug_ranges  0x000007d8       0x40 ../../LUFA/Drivers/USB/Core/DeviceStandardReq.o
 .debug_ranges  0x00000818       0x10 ../../LUFA/Drivers/USB/Core/Events.o
 .debug_ranges  0x00000828       0x10 ../../LUFA/Drivers/USB/Core/USBTask.o

Cross Reference Table

Symbol                                            File
AVRISP_ConfigurationDescriptor                    AVRISPDescriptors.o
AVRISP_DeviceDescriptor                           AVRISPDescriptors.o
AVRISP_GetDescriptor                              AVRISPDescriptors.o
                                                  AVRISP-MKII.o
AVRISP_LanguageString                             AVRISPDescriptors.o
AVRISP_ManufacturerString                         AVRISPDescriptors.o
AVRISP_ProductString                              AVRISPDescriptors.o
AVRISP_SerialString                               AVRISPDescriptors.o
AVRISP_Task                                       AVRISP-MKII.o
CALLBACK_HIDParser_FilterHIDReportItem            ../../LUFA/Drivers/USB/Class/Common/HIDParser.o
CALLBACK_USB_GetDescriptor                        AVRISP-MKII.o
                                                  ../../LUFA/Drivers/USB/Core/DeviceStandardReq.o
CurrentAddress                                    Lib/ISP/ISPTarget.o
                                                  Lib/ISP/ISPProtocol.o
                                                  Lib/V2Protocol.o
EVENT_USB_Device_ConfigurationChanged             AVRISP-MKII.o
                                                  ../../LUFA/Drivers/USB/Core/DeviceStandardReq.o
EVENT_USB_Device_Connect                          AVRISP-MKII.o
                                                  ../../LUFA/Drivers/USB/Core/AVR8/USBInterrupt_AVR8.o
EVENT_USB_Device_ControlRequest                   ../../LUFA/Drivers/USB/Core/Events.o
                                                  ../../LUFA/Drivers/USB/Core/DeviceStandardReq.o
EVENT_USB_Device_Disconnect                       AVRISP-MKII.o
                                                  ../../LUFA/Drivers/USB/Core/AVR8/USBInterrupt_AVR8.o
EVENT_USB_Device_Reset                            ../../LUFA/Drivers/USB/Core/Events.o
                                                  ../../LUFA/Drivers/USB/Core/AVR8/USBInterrupt_AVR8.o
EVENT_USB_Device_StartOfFrame                     ../../LUFA/Drivers/USB/Core/Events.o
EVENT_USB_Device_Suspend                          ../../LUFA/Drivers/USB/Core/Events.o
EVENT_USB_Device_WakeUp                           ../../LUFA/Drivers/USB/Core/Events.o
Endpoint_ClearEndpoints                           ../../LUFA/Drivers/USB/Core/AVR8/Endpoint_AVR8.o
Endpoint_ClearStatusStage                         ../../LUFA/Drivers/USB/Core/AVR8/Endpoint_AVR8.o
                                                  ../../LUFA/Drivers/USB/Core/DeviceStandardReq.o
Endpoint_ConfigureEndpointTable                   ../../LUFA/Drivers/USB/Core/AVR8/Endpoint_AVR8.o
Endpoint_ConfigureEndpoint_Prv                    ../../LUFA/Drivers/USB/Core/AVR8/Endpoint_AVR8.o
                                                  ../../LUFA/Drivers/USB/Core/AVR8/USBInterrupt_AVR8.o
                                                  ../../LUFA/Drivers/USB/Core/AVR8/USBController_AVR8.o
                                                  AVRISP-MKII.o
Endpoint_Discard_Stream                           ../../LUFA/Drivers/USB/Core/AVR8/EndpointStream_AVR8.o
Endpoint_Null_Stream                              ../../LUFA/Drivers/USB/Core/AVR8/EndpointStream_AVR8.o
Endpoint_Read_Control_EStream_BE                  ../../LUFA/Drivers/USB/Core/AVR8/EndpointStream_AVR8.o
Endpoint_Read_Control_EStream_LE                  ../../LUFA/Drivers/USB/Core/AVR8/EndpointStream_AVR8.o
Endpoint_Read_Control_Stream_BE                   ../../LUFA/Drivers/USB/Core/AVR8/EndpointStream_AVR8.o
Endpoint_Read_Control_Stream_LE                   ../../LUFA/Drivers/USB/Core/AVR8/EndpointStream_AVR8.o
Endpoint_Read_EStream_BE                          ../../LUFA/Drivers/USB/Core/AVR8/EndpointStream_AVR8.o
Endpoint_Read_EStream_LE                          ../../LUFA/Drivers/USB/Core/AVR8/EndpointStream_AVR8.o
Endpoint_Read_Stream_BE                           ../../LUFA/Drivers/USB/Core/AVR8/EndpointStream_AVR8.o
                                                  Lib/V2Protocol.o
Endpoint_Read_Stream_LE                           ../../LUFA/Drivers/USB/Core/AVR8/EndpointStream_AVR8.o
                                                  Lib/XPROG/XPROGProtocol.o
                                                  Lib/ISP/ISPProtocol.o
Endpoint_WaitUntilReady                           ../../LUFA/Drivers/USB/Core/AVR8/Endpoint_AVR8.o
                                                  ../../LUFA/Drivers/USB/Core/AVR8/EndpointStream_AVR8.o
                                                  Lib/XPROG/XPROGProtocol.o
                                                  Lib/ISP/ISPProtocol.o
                                                  Lib/V2Protocol.o
Endpoint_Write_Control_EStream_BE                 ../../LUFA/Drivers/USB/Core/AVR8/EndpointStream_AVR8.o
Endpoint_Write_Control_EStream_LE                 ../../LUFA/Drivers/USB/Core/AVR8/EndpointStream_AVR8.o
                                                  ../../LUFA/Drivers/USB/Core/DeviceStandardReq.o
Endpoint_Write_Control_PStream_BE                 ../../LUFA/Drivers/USB/Core/AVR8/EndpointStream_AVR8.o
Endpoint_Write_Control_PStream_LE                 ../../LUFA/Drivers/USB/Core/AVR8/EndpointStream_AVR8.o
                                                  ../../LUFA/Drivers/USB/Core/DeviceStandardReq.o
Endpoint_Write_Control_Stream_BE                  ../../LUFA/Drivers/USB/Core/AVR8/EndpointStream_AVR8.o
Endpoint_Write_Control_Stream_LE                  ../../LUFA/Drivers/USB/Core/AVR8/EndpointStream_AVR8.o
                                                  ../../LUFA/Drivers/USB/Core/DeviceStandardReq.o
Endpoint_Write_EStream_BE                         ../../LUFA/Drivers/USB/Core/AVR8/EndpointStream_AVR8.o
Endpoint_Write_EStream_LE                         ../../LUFA/Drivers/USB/Core/AVR8/EndpointStream_AVR8.o
Endpoint_Write_PStream_BE                         ../../LUFA/Drivers/USB/Core/AVR8/EndpointStream_AVR8.o
Endpoint_Write_PStream_LE                         ../../LUFA/Drivers/USB/Core/AVR8/EndpointStream_AVR8.o
Endpoint_Write_Stream_BE                          ../../LUFA/Drivers/USB/Core/AVR8/EndpointStream_AVR8.o
Endpoint_Write_Stream_LE                          ../../LUFA/Drivers/USB/Core/AVR8/EndpointStream_AVR8.o
                                                  Lib/XPROG/XPROGProtocol.o
                                                  Lib/V2Protocol.o
HardwareSPIMode                                   Lib/ISP/ISPTarget.o
                                                  Lib/ISP/ISPProtocol.o
ISPProtocol_ChipErase                             Lib/ISP/ISPProtocol.o
                                                  Lib/V2Protocol.o
ISPProtocol_DelayMS                               Lib/ISP/ISPProtocol.o
                                                  Lib/ISP/ISPTarget.o
ISPProtocol_EnterISPMode                          Lib/ISP/ISPProtocol.o
                                                  Lib/V2Protocol.o
ISPProtocol_LeaveISPMode                          Lib/ISP/ISPProtocol.o
                                                  Lib/V2Protocol.o
ISPProtocol_ProgramMemory                         Lib/ISP/ISPProtocol.o
                                                  Lib/V2Protocol.o
ISPProtocol_ReadFuseLockSigOSCCAL                 Lib/ISP/ISPProtocol.o
                                                  Lib/V2Protocol.o
ISPProtocol_ReadMemory                            Lib/ISP/ISPProtocol.o
                                                  Lib/V2Protocol.o
ISPProtocol_SPIMulti                              Lib/ISP/ISPProtocol.o
                                                  Lib/V2Protocol.o
ISPProtocol_WriteFuseLock                         Lib/ISP/ISPProtocol.o
                                                  Lib/V2Protocol.o
ISPTarget_ChangeTargetResetLine                   Lib/ISP/ISPTarget.o
                                                  Lib/ISP/ISPProtocol.o
ISPTarget_ConfigureRescueClock                    Lib/ISP/ISPTarget.o
                                                  Lib/V2Protocol.o
ISPTarget_ConfigureSoftwareSPI                    Lib/ISP/ISPTarget.o
ISPTarget_DisableTargetISP                        Lib/ISP/ISPTarget.o
                                                  Lib/ISP/ISPProtocol.o
ISPTarget_EnableTargetISP                         Lib/ISP/ISPTarget.o
                                                  Lib/ISP/ISPProtocol.o
ISPTarget_LoadExtendedAddress                     Lib/ISP/ISPTarget.o
                                                  Lib/ISP/ISPProtocol.o
ISPTarget_TransferSoftSPIByte                     Lib/ISP/ISPTarget.o
                                                  Lib/ISP/ISPProtocol.o
ISPTarget_WaitForProgComplete                     Lib/ISP/ISPTarget.o
                                                  Lib/ISP/ISPProtocol.o
ISPTarget_WaitWhileTargetBusy                     Lib/ISP/ISPTarget.o
                                                  Lib/ISP/ISPProtocol.o
IsSending                                         Lib/XPROG/XPROGTarget.o
MustLoadExtendedAddress                           Lib/ISP/ISPProtocol.o
                                                  Lib/V2Protocol.o
SetupHardware                                     AVRISP-MKII.o
TINYNVM_DisableTPI                                Lib/XPROG/TINYNVM.o
                                                  Lib/XPROG/XPROGProtocol.o
TINYNVM_EnableTPI                                 Lib/XPROG/TINYNVM.o
                                                  Lib/XPROG/XPROGProtocol.o
TINYNVM_EraseMemory                               Lib/XPROG/TINYNVM.o
                                                  Lib/XPROG/XPROGProtocol.o
TINYNVM_ReadMemory                                Lib/XPROG/TINYNVM.o
                                                  Lib/XPROG/XPROGProtocol.o
TINYNVM_WaitWhileNVMBusBusy                       Lib/XPROG/TINYNVM.o
TINYNVM_WaitWhileNVMControllerBusy                Lib/XPROG/TINYNVM.o
TINYNVM_WriteMemory                               Lib/XPROG/TINYNVM.o
                                                  Lib/XPROG/XPROGProtocol.o
USB_ControlRequest                                ../../LUFA/Drivers/USB/Core/USBTask.o
                                                  ../../LUFA/Drivers/USB/Core/DeviceStandardReq.o
                                                  ../../LUFA/Drivers/USB/Core/AVR8/Endpoint_AVR8.o
                                                  ../../LUFA/Drivers/USB/Core/AVR8/EndpointStream_AVR8.o
USB_Device_ConfigurationNumber                    ../../LUFA/Drivers/USB/Core/DeviceStandardReq.o
                                                  ../../LUFA/Drivers/USB/Core/AVR8/USBInterrupt_AVR8.o
                                                  ../../LUFA/Drivers/USB/Core/AVR8/USBController_AVR8.o
USB_Device_ProcessControlRequest                  ../../LUFA/Drivers/USB/Core/DeviceStandardReq.o
                                                  ../../LUFA/Drivers/USB/Core/USBTask.o
USB_Device_SendRemoteWakeup                       ../../LUFA/Drivers/USB/Core/AVR8/Device_AVR8.o
USB_Disable                                       ../../LUFA/Drivers/USB/Core/AVR8/USBController_AVR8.o
USB_Event_Stub                                    ../../LUFA/Drivers/USB/Core/Events.o
USB_GetHIDReportItemInfo                          ../../LUFA/Drivers/USB/Class/Common/HIDParser.o
USB_GetHIDReportSize                              ../../LUFA/Drivers/USB/Class/Common/HIDParser.o
USB_GetNextDescriptorComp                         ../../LUFA/Drivers/USB/Core/ConfigDescriptors.o
USB_GetNextDescriptorOfType                       ../../LUFA/Drivers/USB/Core/ConfigDescriptors.o
USB_GetNextDescriptorOfTypeAfter                  ../../LUFA/Drivers/USB/Core/ConfigDescriptors.o
USB_GetNextDescriptorOfTypeBefore                 ../../LUFA/Drivers/USB/Core/ConfigDescriptors.o
USB_INT_ClearAllInterrupts                        ../../LUFA/Drivers/USB/Core/AVR8/USBInterrupt_AVR8.o
                                                  ../../LUFA/Drivers/USB/Core/AVR8/USBController_AVR8.o
USB_INT_DisableAllInterrupts                      ../../LUFA/Drivers/USB/Core/AVR8/USBInterrupt_AVR8.o
                                                  ../../LUFA/Drivers/USB/Core/AVR8/USBController_AVR8.o
USB_Init                                          ../../LUFA/Drivers/USB/Core/AVR8/USBController_AVR8.o
                                                  AVRISP-MKII.o
USB_IsInitialized                                 ../../LUFA/Drivers/USB/Core/USBTask.o
                                                  ../../LUFA/Drivers/USB/Core/AVR8/USBController_AVR8.o
USB_ProcessHIDReport                              ../../LUFA/Drivers/USB/Class/Common/HIDParser.o
USB_ResetInterface                                ../../LUFA/Drivers/USB/Core/AVR8/USBController_AVR8.o
USB_SetHIDReportItemInfo                          ../../LUFA/Drivers/USB/Class/Common/HIDParser.o
USB_USBTask                                       ../../LUFA/Drivers/USB/Core/USBTask.o
                                                  ../../LUFA/Drivers/USB/Core/AVR8/EndpointStream_AVR8.o
                                                  AVRISP-MKII.o
V2Params_GetParameterPrivileges                   Lib/V2ProtocolParams.o
                                                  Lib/V2Protocol.o
V2Params_GetParameterValue                        Lib/V2ProtocolParams.o
                                                  Lib/ISP/ISPTarget.o
                                                  Lib/V2Protocol.o
V2Params_LoadNonVolatileParamValues               Lib/V2ProtocolParams.o
                                                  Lib/V2Protocol.o
V2Params_SetParameterValue                        Lib/V2ProtocolParams.o
                                                  Lib/V2Protocol.o
V2Params_UpdateParamValues                        Lib/V2ProtocolParams.o
                                                  AVRISP-MKII.o
V2Protocol_Init                                   Lib/V2Protocol.o
                                                  AVRISP-MKII.o
V2Protocol_ProcessCommand                         Lib/V2Protocol.o
                                                  AVRISP-MKII.o
XMEGANVM_DisablePDI                               Lib/XPROG/XMEGANVM.o
                                                  Lib/XPROG/XPROGProtocol.o
XMEGANVM_EnablePDI                                Lib/XPROG/XMEGANVM.o
                                                  Lib/XPROG/XPROGProtocol.o
XMEGANVM_EraseMemory                              Lib/XPROG/XMEGANVM.o
                                                  Lib/XPROG/XPROGProtocol.o
XMEGANVM_GetMemoryCRC                             Lib/XPROG/XMEGANVM.o
                                                  Lib/XPROG/XPROGProtocol.o
XMEGANVM_ReadMemory                               Lib/XPROG/XMEGANVM.o
                                                  Lib/XPROG/XPROGProtocol.o
XMEGANVM_WaitWhileNVMBusBusy                      Lib/XPROG/XMEGANVM.o
XMEGANVM_WaitWhileNVMControllerBusy               Lib/XPROG/XMEGANVM.o
XMEGANVM_WriteByteMemory                          Lib/XPROG/XMEGANVM.o
                                                  Lib/XPROG/XPROGProtocol.o
XMEGANVM_WritePageMemory                          Lib/XPROG/XMEGANVM.o
                                                  Lib/XPROG/XPROGProtocol.o
XPROGProtocol_Command                             Lib/XPROG/XPROGProtocol.o
                                                  Lib/V2Protocol.o
XPROGProtocol_SetMode                             Lib/XPROG/XPROGProtocol.o
                                                  Lib/V2Protocol.o
XPROGTarget_DisableTargetPDI                      Lib/XPROG/XPROGTarget.o
                                                  Lib/XPROG/XMEGANVM.o
XPROGTarget_DisableTargetTPI                      Lib/XPROG/XPROGTarget.o
                                                  Lib/XPROG/TINYNVM.o
XPROGTarget_EnableTargetPDI                       Lib/XPROG/XPROGTarget.o
                                                  Lib/XPROG/XMEGANVM.o
XPROGTarget_EnableTargetTPI                       Lib/XPROG/XPROGTarget.o
                                                  Lib/XPROG/TINYNVM.o
XPROGTarget_ReceiveByte                           Lib/XPROG/XPROGTarget.o
                                                  Lib/XPROG/TINYNVM.o
                                                  Lib/XPROG/XMEGANVM.o
XPROGTarget_SendByte                              Lib/XPROG/XPROGTarget.o
                                                  Lib/XPROG/TINYNVM.o
                                                  Lib/XPROG/XMEGANVM.o
XPROGTarget_SendIdle                              Lib/XPROG/XPROGTarget.o
XPROG_Param_EEPageSize                            Lib/XPROG/XPROGProtocol.o
                                                  Lib/XPROG/XMEGANVM.o
XPROG_Param_NVMBase                               Lib/XPROG/XPROGProtocol.o
                                                  Lib/XPROG/XMEGANVM.o
XPROG_Param_NVMCMDRegAddr                         Lib/XPROG/XPROGProtocol.o
                                                  Lib/XPROG/TINYNVM.o
XPROG_Param_NVMCSRRegAddr                         Lib/XPROG/XPROGProtocol.o
                                                  Lib/XPROG/TINYNVM.o
XPROG_SelectedProtocol                            Lib/XPROG/XPROGProtocol.o
__bad_interrupt                                   /usr/lib/gcc/avr/4.5.3/../../../avr/lib/avr35/crtusb162.o
__bss_end                                         /usr/lib/gcc/avr/4.5.3/avr35/libgcc.a(_clear_bss.o)
__bss_start                                       /usr/lib/gcc/avr/4.5.3/avr35/libgcc.a(_clear_bss.o)
__data_end                                        /usr/lib/gcc/avr/4.5.3/avr35/libgcc.a(_copy_data.o)
__data_load_start                                 /usr/lib/gcc/avr/4.5.3/avr35/libgcc.a(_copy_data.o)
__data_start                                      /usr/lib/gcc/avr/4.5.3/avr35/libgcc.a(_copy_data.o)
__do_clear_bss                                    /usr/lib/gcc/avr/4.5.3/avr35/libgcc.a(_clear_bss.o)
                                                  ../../LUFA/Drivers/USB/Core/USBTask.o
                                                  ../../LUFA/Drivers/USB/Core/DeviceStandardReq.o
                                                  Lib/XPROG/XPROGTarget.o
                                                  Lib/XPROG/XPROGProtocol.o
                                                  Lib/ISP/ISPTarget.o
                                                  Lib/V2Protocol.o
__do_copy_data                                    /usr/lib/gcc/avr/4.5.3/avr35/libgcc.a(_copy_data.o)
                                                  Lib/XPROG/TINYNVM.o
                                                  Lib/XPROG/XMEGANVM.o
                                                  Lib/XPROG/XPROGProtocol.o
                                                  Lib/ISP/ISPTarget.o
                                                  Lib/V2ProtocolParams.o
                                                  Lib/V2Protocol.o
                                                  AVRISPDescriptors.o
__eerd_byte_usb162                                /usr/lib/gcc/avr/4.5.3/../../../avr/lib/avr35/libc.a(eerd_byte_at90usb162.o)
                                                  ../../LUFA/Drivers/USB/Core/AVR8/EndpointStream_AVR8.o
                                                  Lib/V2ProtocolParams.o
__eeupd_byte_usb162                               /usr/lib/gcc/avr/4.5.3/../../../avr/lib/avr35/libc.a(eeupd_byte_at90usb162.o)
                                                  ../../LUFA/Drivers/USB/Core/AVR8/EndpointStream_AVR8.o
                                                  Lib/V2ProtocolParams.o
__eeupd_r18_usb162                                /usr/lib/gcc/avr/4.5.3/../../../avr/lib/avr35/libc.a(eeupd_byte_at90usb162.o)
__heap_end                                        /usr/lib/gcc/avr/4.5.3/../../../avr/lib/avr35/crtusb162.o
__init                                            /usr/lib/gcc/avr/4.5.3/../../../avr/lib/avr35/crtusb162.o
__mulhi3                                          /usr/lib/gcc/avr/4.5.3/avr35/libgcc.a(_mulhi3.o)
                                                  ../../LUFA/Drivers/USB/Class/Common/HIDParser.o
__stack                                           /usr/lib/gcc/avr/4.5.3/../../../avr/lib/avr35/crtusb162.o
__vector_1                                        /usr/lib/gcc/avr/4.5.3/../../../avr/lib/avr35/crtusb162.o
__vector_10                                       /usr/lib/gcc/avr/4.5.3/../../../avr/lib/avr35/crtusb162.o
__vector_11                                       ../../LUFA/Drivers/USB/Core/AVR8/USBInterrupt_AVR8.o
                                                  /usr/lib/gcc/avr/4.5.3/../../../avr/lib/avr35/crtusb162.o
__vector_12                                       /usr/lib/gcc/avr/4.5.3/../../../avr/lib/avr35/crtusb162.o
__vector_13                                       /usr/lib/gcc/avr/4.5.3/../../../avr/lib/avr35/crtusb162.o
__vector_14                                       /usr/lib/gcc/avr/4.5.3/../../../avr/lib/avr35/crtusb162.o
__vector_15                                       Lib/ISP/ISPTarget.o
                                                  /usr/lib/gcc/avr/4.5.3/../../../avr/lib/avr35/crtusb162.o
__vector_16                                       /usr/lib/gcc/avr/4.5.3/../../../avr/lib/avr35/crtusb162.o
__vector_17                                       /usr/lib/gcc/avr/4.5.3/../../../avr/lib/avr35/crtusb162.o
__vector_18                                       /usr/lib/gcc/avr/4.5.3/../../../avr/lib/avr35/crtusb162.o
__vector_19                                       Lib/V2Protocol.o
                                                  /usr/lib/gcc/avr/4.5.3/../../../avr/lib/avr35/crtusb162.o
__vector_2                                        /usr/lib/gcc/avr/4.5.3/../../../avr/lib/avr35/crtusb162.o
__vector_20                                       /usr/lib/gcc/avr/4.5.3/../../../avr/lib/avr35/crtusb162.o
__vector_21                                       /usr/lib/gcc/avr/4.5.3/../../../avr/lib/avr35/crtusb162.o
__vector_22                                       /usr/lib/gcc/avr/4.5.3/../../../avr/lib/avr35/crtusb162.o
__vector_23                                       /usr/lib/gcc/avr/4.5.3/../../../avr/lib/avr35/crtusb162.o
__vector_24                                       /usr/lib/gcc/avr/4.5.3/../../../avr/lib/avr35/crtusb162.o
__vector_25                                       /usr/lib/gcc/avr/4.5.3/../../../avr/lib/avr35/crtusb162.o
__vector_26                                       /usr/lib/gcc/avr/4.5.3/../../../avr/lib/avr35/crtusb162.o
__vector_27                                       /usr/lib/gcc/avr/4.5.3/../../../avr/lib/avr35/crtusb162.o
__vector_28                                       /usr/lib/gcc/avr/4.5.3/../../../avr/lib/avr35/crtusb162.o
__vector_3                                        /usr/lib/gcc/avr/4.5.3/../../../avr/lib/avr35/crtusb162.o
__vector_4                                        /usr/lib/gcc/avr/4.5.3/../../../avr/lib/avr35/crtusb162.o
__vector_5                                        /usr/lib/gcc/avr/4.5.3/../../../avr/lib/avr35/crtusb162.o
__vector_6                                        /usr/lib/gcc/avr/4.5.3/../../../avr/lib/avr35/crtusb162.o
__vector_7                                        /usr/lib/gcc/avr/4.5.3/../../../avr/lib/avr35/crtusb162.o
__vector_8                                        /usr/lib/gcc/avr/4.5.3/../../../avr/lib/avr35/crtusb162.o
__vector_9                                        /usr/lib/gcc/avr/4.5.3/../../../avr/lib/avr35/crtusb162.o
__vector_default                                  /usr/lib/gcc/avr/4.5.3/../../../avr/lib/avr35/crtusb162.o
__vectors                                         /usr/lib/gcc/avr/4.5.3/../../../avr/lib/avr35/crtusb162.o
_exit                                             /usr/lib/gcc/avr/4.5.3/avr35/libgcc.a(_exit.o)
exit                                              /usr/lib/gcc/avr/4.5.3/avr35/libgcc.a(_exit.o)
                                                  /usr/lib/gcc/avr/4.5.3/../../../avr/lib/avr35/crtusb162.o
main                                              AVRISP-MKII.o
                                                  /usr/lib/gcc/avr/4.5.3/../../../avr/lib/avr35/crtusb162.o
