Archive member included because of file (symbol)

/usr/lib/gcc/avr/4.5.3/avr51/libgcc.a(_exit.o)
                              /usr/lib/gcc/avr/4.5.3/../../../avr/lib/avr51/crtusb1286.o (exit)
/usr/lib/gcc/avr/4.5.3/avr51/libgcc.a(_copy_data.o)
                              ../../LUFA/Drivers/USB/Class/Device/CDCClassDevice.o (__do_copy_data)
/usr/lib/gcc/avr/4.5.3/avr51/libgcc.a(_clear_bss.o)
                              ../../LUFA/Drivers/USB/Core/DeviceStandardReq.o (__do_clear_bss)
/usr/lib/gcc/avr/4.5.3/../../../avr/lib/avr51/libc.a(memcpy_P.o)
                              ../../LUFA/Drivers/USB/Class/Device/RNDISClassDevice.o (memcpy_P)
/usr/lib/gcc/avr/4.5.3/../../../avr/lib/avr51/libc.a(memcmp.o)
                              ../../LUFA/Drivers/USB/Class/Device/HIDClassDevice.o (memcmp)
/usr/lib/gcc/avr/4.5.3/../../../avr/lib/avr51/libc.a(memcpy.o)
                              ../../LUFA/Drivers/USB/Class/Device/HIDClassDevice.o (memcpy)
/usr/lib/gcc/avr/4.5.3/../../../avr/lib/avr51/libc.a(memset.o)
                              ../../LUFA/Drivers/USB/Class/Device/HIDClassDevice.o (memset)
/usr/lib/gcc/avr/4.5.3/../../../avr/lib/avr51/libc.a(eerd_byte_at90usb1287.o)
                              ../../LUFA/Drivers/USB/Core/AVR8/EndpointStream_AVR8.o (__eerd_byte_usb1287)
/usr/lib/gcc/avr/4.5.3/../../../avr/lib/avr51/libc.a(eeupd_byte_at90usb1287.o)
                              ../../LUFA/Drivers/USB/Core/AVR8/EndpointStream_AVR8.o (__eeupd_byte_usb1287)

Allocating common symbols
Common symbol       size              file

USB_IsInitialized   0x1               ../../LUFA/Drivers/USB/Core/USBTask.o
USB_Device_ConfigurationNumber
                    0x1               ../../LUFA/Drivers/USB/Core/DeviceStandardReq.o
USB_Device_CurrentlySelfPowered
                    0x1               ../../LUFA/Drivers/USB/Core/DeviceStandardReq.o
USB_ControlRequest  0x8               ../../LUFA/Drivers/USB/Core/USBTask.o
USB_Device_RemoteWakeupEnabled
                    0x1               ../../LUFA/Drivers/USB/Core/DeviceStandardReq.o

Discarded input sections

 .data          0x00000000        0x0 /usr/lib/gcc/avr/4.5.3/../../../avr/lib/avr51/crtusb1286.o
 .bss           0x00000000        0x0 /usr/lib/gcc/avr/4.5.3/../../../avr/lib/avr51/crtusb1286.o
 .text          0x00000000        0x0 RelayBoard.o
 .data          0x00000000        0x0 RelayBoard.o
 .bss           0x00000000        0x0 RelayBoard.o
 .text          0x00000000        0x0 Descriptors.o
 .data          0x00000000        0x0 Descriptors.o
 .bss           0x00000000        0x0 Descriptors.o
 .text          0x00000000        0x0 ../../LUFA/Drivers/USB/Class/Common/HIDParser.o
 .data          0x00000000        0x0 ../../LUFA/Drivers/USB/Class/Common/HIDParser.o
 .bss           0x00000000        0x0 ../../LUFA/Drivers/USB/Class/Common/HIDParser.o
 .text.USB_ProcessHIDReport
                0x00000000      0x816 ../../LUFA/Drivers/USB/Class/Common/HIDParser.o
 .text.USB_GetHIDReportItemInfo
                0x00000000       0xbc ../../LUFA/Drivers/USB/Class/Common/HIDParser.o
 .text.USB_SetHIDReportItemInfo
                0x00000000       0xc8 ../../LUFA/Drivers/USB/Class/Common/HIDParser.o
 .text.USB_GetHIDReportSize
                0x00000000       0x58 ../../LUFA/Drivers/USB/Class/Common/HIDParser.o
 .text          0x00000000        0x0 ../../LUFA/Drivers/USB/Core/AVR8/Device_AVR8.o
 .data          0x00000000        0x0 ../../LUFA/Drivers/USB/Core/AVR8/Device_AVR8.o
 .bss           0x00000000        0x0 ../../LUFA/Drivers/USB/Core/AVR8/Device_AVR8.o
 .text.USB_Device_SendRemoteWakeup
                0x00000000       0x2c ../../LUFA/Drivers/USB/Core/AVR8/Device_AVR8.o
 .text          0x00000000        0x0 ../../LUFA/Drivers/USB/Core/AVR8/EndpointStream_AVR8.o
 .data          0x00000000        0x0 ../../LUFA/Drivers/USB/Core/AVR8/EndpointStream_AVR8.o
 .bss           0x00000000        0x0 ../../LUFA/Drivers/USB/Core/AVR8/EndpointStream_AVR8.o
 .text.Endpoint_Write_Control_Stream_BE
                0x00000000       0xbc ../../LUFA/Drivers/USB/Core/AVR8/EndpointStream_AVR8.o
 .text.Endpoint_Read_Control_Stream_BE
                0x00000000       0x7e ../../LUFA/Drivers/USB/Core/AVR8/EndpointStream_AVR8.o
 .text.Endpoint_Write_Control_PStream_BE
                0x00000000       0xbc ../../LUFA/Drivers/USB/Core/AVR8/EndpointStream_AVR8.o
 .text.Endpoint_Write_Control_EStream_LE
                0x00000000       0xd2 ../../LUFA/Drivers/USB/Core/AVR8/EndpointStream_AVR8.o
 .text.Endpoint_Write_Control_EStream_BE
                0x00000000       0xdc ../../LUFA/Drivers/USB/Core/AVR8/EndpointStream_AVR8.o
 .text.Endpoint_Read_Control_EStream_LE
                0x00000000       0x88 ../../LUFA/Drivers/USB/Core/AVR8/EndpointStream_AVR8.o
 .text.Endpoint_Read_Control_EStream_BE
                0x00000000       0x8e ../../LUFA/Drivers/USB/Core/AVR8/EndpointStream_AVR8.o
 .text          0x00000000        0x0 ../../LUFA/Drivers/USB/Core/AVR8/Endpoint_AVR8.o
 .data          0x00000000        0x0 ../../LUFA/Drivers/USB/Core/AVR8/Endpoint_AVR8.o
 .bss           0x00000000        0x0 ../../LUFA/Drivers/USB/Core/AVR8/Endpoint_AVR8.o
 .text.Endpoint_ConfigureEndpointTable
                0x00000000       0x8a ../../LUFA/Drivers/USB/Core/AVR8/Endpoint_AVR8.o
 .text.Endpoint_ClearEndpoints
                0x00000000       0x1c ../../LUFA/Drivers/USB/Core/AVR8/Endpoint_AVR8.o
 .text          0x00000000        0x0 ../../LUFA/Drivers/USB/Core/AVR8/Host_AVR8.o
 .data          0x00000000        0x0 ../../LUFA/Drivers/USB/Core/AVR8/Host_AVR8.o
 .bss           0x00000000        0x0 ../../LUFA/Drivers/USB/Core/AVR8/Host_AVR8.o
 .text          0x00000000        0x0 ../../LUFA/Drivers/USB/Core/AVR8/PipeStream_AVR8.o
 .data          0x00000000        0x0 ../../LUFA/Drivers/USB/Core/AVR8/PipeStream_AVR8.o
 .bss           0x00000000        0x0 ../../LUFA/Drivers/USB/Core/AVR8/PipeStream_AVR8.o
 .text          0x00000000        0x0 ../../LUFA/Drivers/USB/Core/AVR8/Pipe_AVR8.o
 .data          0x00000000        0x0 ../../LUFA/Drivers/USB/Core/AVR8/Pipe_AVR8.o
 .bss           0x00000000        0x0 ../../LUFA/Drivers/USB/Core/AVR8/Pipe_AVR8.o
 .text          0x00000000        0x0 ../../LUFA/Drivers/USB/Core/AVR8/USBController_AVR8.o
 .data          0x00000000        0x0 ../../LUFA/Drivers/USB/Core/AVR8/USBController_AVR8.o
 .bss           0x00000000        0x0 ../../LUFA/Drivers/USB/Core/AVR8/USBController_AVR8.o
 .text.USB_Disable
                0x00000000       0x34 ../../LUFA/Drivers/USB/Core/AVR8/USBController_AVR8.o
 .text          0x00000000        0x0 ../../LUFA/Drivers/USB/Core/AVR8/USBInterrupt_AVR8.o
 .data          0x00000000        0x0 ../../LUFA/Drivers/USB/Core/AVR8/USBInterrupt_AVR8.o
 .bss           0x00000000        0x0 ../../LUFA/Drivers/USB/Core/AVR8/USBInterrupt_AVR8.o
 .text          0x00000000        0x0 ../../LUFA/Drivers/USB/Core/ConfigDescriptors.o
 .data          0x00000000        0x0 ../../LUFA/Drivers/USB/Core/ConfigDescriptors.o
 .bss           0x00000000        0x0 ../../LUFA/Drivers/USB/Core/ConfigDescriptors.o
 .text.USB_GetNextDescriptorOfType
                0x00000000       0x4c ../../LUFA/Drivers/USB/Core/ConfigDescriptors.o
 .text.USB_GetNextDescriptorOfTypeBefore
                0x00000000       0x56 ../../LUFA/Drivers/USB/Core/ConfigDescriptors.o
 .text.USB_GetNextDescriptorOfTypeAfter
                0x00000000       0x34 ../../LUFA/Drivers/USB/Core/ConfigDescriptors.o
 .text.USB_GetNextDescriptorComp
                0x00000000       0x86 ../../LUFA/Drivers/USB/Core/ConfigDescriptors.o
 .text          0x00000000        0x0 ../../LUFA/Drivers/USB/Core/DeviceStandardReq.o
 .data          0x00000000        0x0 ../../LUFA/Drivers/USB/Core/DeviceStandardReq.o
 .bss           0x00000000        0x0 ../../LUFA/Drivers/USB/Core/DeviceStandardReq.o
 .text          0x00000000        0x0 ../../LUFA/Drivers/USB/Core/Events.o
 .data          0x00000000        0x0 ../../LUFA/Drivers/USB/Core/Events.o
 .bss           0x00000000        0x0 ../../LUFA/Drivers/USB/Core/Events.o
 .text          0x00000000        0x0 ../../LUFA/Drivers/USB/Core/HostStandardReq.o
 .data          0x00000000        0x0 ../../LUFA/Drivers/USB/Core/HostStandardReq.o
 .bss           0x00000000        0x0 ../../LUFA/Drivers/USB/Core/HostStandardReq.o
 .text          0x00000000        0x0 ../../LUFA/Drivers/USB/Core/USBTask.o
 .data          0x00000000        0x0 ../../LUFA/Drivers/USB/Core/USBTask.o
 .bss           0x00000000        0x0 ../../LUFA/Drivers/USB/Core/USBTask.o
 .text          0x00000000        0x0 ../../LUFA/Drivers/USB/Class/Device/AudioClassDevice.o
 .data          0x00000000        0x0 ../../LUFA/Drivers/USB/Class/Device/AudioClassDevice.o
 .bss           0x00000000        0x0 ../../LUFA/Drivers/USB/Class/Device/AudioClassDevice.o
 .text.Audio_Device_ProcessControlRequest
                0x00000000      0x316 ../../LUFA/Drivers/USB/Class/Device/AudioClassDevice.o
 .text.Audio_Device_ConfigureEndpoints
                0x00000000       0x30 ../../LUFA/Drivers/USB/Class/Device/AudioClassDevice.o
 .text.Audio_Device_Event_Stub
                0x00000000        0x2 ../../LUFA/Drivers/USB/Class/Device/AudioClassDevice.o
 .text          0x00000000        0x0 ../../LUFA/Drivers/USB/Class/Device/CDCClassDevice.o
 .data          0x00000000        0x8 ../../LUFA/Drivers/USB/Class/Device/CDCClassDevice.o
 .bss           0x00000000        0x0 ../../LUFA/Drivers/USB/Class/Device/CDCClassDevice.o
 .text.CDC_Device_ProcessControlRequest
                0x00000000      0x166 ../../LUFA/Drivers/USB/Class/Device/CDCClassDevice.o
 .text.CDC_Device_ConfigureEndpoints
                0x00000000       0x4e ../../LUFA/Drivers/USB/Class/Device/CDCClassDevice.o
 .text.CDC_Device_SendString
                0x00000000       0x3e ../../LUFA/Drivers/USB/Class/Device/CDCClassDevice.o
 .text.CDC_Device_SendData
                0x00000000       0x30 ../../LUFA/Drivers/USB/Class/Device/CDCClassDevice.o
 .text.CDC_Device_SendByte
                0x00000000       0x52 ../../LUFA/Drivers/USB/Class/Device/CDCClassDevice.o
 .text.CDC_Device_putchar
                0x00000000       0x20 ../../LUFA/Drivers/USB/Class/Device/CDCClassDevice.o
 .text.CDC_Device_Flush
                0x00000000       0x56 ../../LUFA/Drivers/USB/Class/Device/CDCClassDevice.o
 .text.CDC_Device_USBTask
                0x00000000       0x28 ../../LUFA/Drivers/USB/Class/Device/CDCClassDevice.o
 .text.CDC_Device_BytesReceived
                0x00000000       0x4a ../../LUFA/Drivers/USB/Class/Device/CDCClassDevice.o
 .text.CDC_Device_ReceiveByte
                0x00000000       0x58 ../../LUFA/Drivers/USB/Class/Device/CDCClassDevice.o
 .text.CDC_Device_getchar_Blocking
                0x00000000       0x36 ../../LUFA/Drivers/USB/Class/Device/CDCClassDevice.o
 .text.CDC_Device_getchar
                0x00000000       0x18 ../../LUFA/Drivers/USB/Class/Device/CDCClassDevice.o
 .text.CDC_Device_SendControlLineStateChange
                0x00000000       0x84 ../../LUFA/Drivers/USB/Class/Device/CDCClassDevice.o
 .text.CDC_Device_CreateStream
                0x00000000       0x26 ../../LUFA/Drivers/USB/Class/Device/CDCClassDevice.o
 .text.CDC_Device_CreateBlockingStream
                0x00000000       0x26 ../../LUFA/Drivers/USB/Class/Device/CDCClassDevice.o
 .text.CDC_Device_Event_Stub
                0x00000000        0x2 ../../LUFA/Drivers/USB/Class/Device/CDCClassDevice.o
 .text          0x00000000        0x0 ../../LUFA/Drivers/USB/Class/Device/HIDClassDevice.o
 .data          0x00000000        0x0 ../../LUFA/Drivers/USB/Class/Device/HIDClassDevice.o
 .bss           0x00000000        0x0 ../../LUFA/Drivers/USB/Class/Device/HIDClassDevice.o
 .text.HID_Device_ProcessControlRequest
                0x00000000      0x288 ../../LUFA/Drivers/USB/Class/Device/HIDClassDevice.o
 .text.HID_Device_ConfigureEndpoints
                0x00000000       0x34 ../../LUFA/Drivers/USB/Class/Device/HIDClassDevice.o
 .text.HID_Device_USBTask
                0x00000000      0x190 ../../LUFA/Drivers/USB/Class/Device/HIDClassDevice.o
 .text          0x00000000        0x0 ../../LUFA/Drivers/USB/Class/Device/MassStorageClassDevice.o
 .data          0x00000000        0x0 ../../LUFA/Drivers/USB/Class/Device/MassStorageClassDevice.o
 .bss           0x00000000        0x0 ../../LUFA/Drivers/USB/Class/Device/MassStorageClassDevice.o
 .text.MS_Device_ProcessControlRequest
                0x00000000       0x7e ../../LUFA/Drivers/USB/Class/Device/MassStorageClassDevice.o
 .text.MS_Device_ConfigureEndpoints
                0x00000000       0x3c ../../LUFA/Drivers/USB/Class/Device/MassStorageClassDevice.o
 .text.MS_Device_USBTask
                0x00000000      0x21e ../../LUFA/Drivers/USB/Class/Device/MassStorageClassDevice.o
 .text          0x00000000        0x0 ../../LUFA/Drivers/USB/Class/Device/MIDIClassDevice.o
 .data          0x00000000        0x0 ../../LUFA/Drivers/USB/Class/Device/MIDIClassDevice.o
 .bss           0x00000000        0x0 ../../LUFA/Drivers/USB/Class/Device/MIDIClassDevice.o
 .text.MIDI_Device_ConfigureEndpoints
                0x00000000       0x30 ../../LUFA/Drivers/USB/Class/Device/MIDIClassDevice.o
 .text.MIDI_Device_SendEventPacket
                0x00000000       0x30 ../../LUFA/Drivers/USB/Class/Device/MIDIClassDevice.o
 .text.MIDI_Device_Flush
                0x00000000       0x2a ../../LUFA/Drivers/USB/Class/Device/MIDIClassDevice.o
 .text.MIDI_Device_USBTask
                0x00000000       0x14 ../../LUFA/Drivers/USB/Class/Device/MIDIClassDevice.o
 .text.MIDI_Device_ReceiveEventPacket
                0x00000000       0x3a ../../LUFA/Drivers/USB/Class/Device/MIDIClassDevice.o
 .text          0x00000000        0x0 ../../LUFA/Drivers/USB/Class/Device/RNDISClassDevice.o
 .data          0x00000000        0x8 ../../LUFA/Drivers/USB/Class/Device/RNDISClassDevice.o
 .bss           0x00000000        0x0 ../../LUFA/Drivers/USB/Class/Device/RNDISClassDevice.o
 .text.RNDIS_Device_ProcessControlRequest
                0x00000000      0x5bc ../../LUFA/Drivers/USB/Class/Device/RNDISClassDevice.o
 .text.RNDIS_Device_ConfigureEndpoints
                0x00000000       0x4e ../../LUFA/Drivers/USB/Class/Device/RNDISClassDevice.o
 .text.RNDIS_Device_USBTask
                0x00000000       0x7e ../../LUFA/Drivers/USB/Class/Device/RNDISClassDevice.o
 .text.RNDIS_Device_IsPacketReceived
                0x00000000       0x24 ../../LUFA/Drivers/USB/Class/Device/RNDISClassDevice.o
 .text.RNDIS_Device_ReadPacket
                0x00000000       0xb4 ../../LUFA/Drivers/USB/Class/Device/RNDISClassDevice.o
 .text.RNDIS_Device_SendPacket
                0x00000000       0xd4 ../../LUFA/Drivers/USB/Class/Device/RNDISClassDevice.o
 .progmem.data  0x00000000       0x6c ../../LUFA/Drivers/USB/Class/Device/RNDISClassDevice.o
 .text          0x00000000        0x0 ../../LUFA/Drivers/USB/Class/Host/AndroidAccessoryClassHost.o
 .data          0x00000000        0x0 ../../LUFA/Drivers/USB/Class/Host/AndroidAccessoryClassHost.o
 .bss           0x00000000        0x0 ../../LUFA/Drivers/USB/Class/Host/AndroidAccessoryClassHost.o
 .text          0x00000000        0x0 ../../LUFA/Drivers/USB/Class/Host/AudioClassHost.o
 .data          0x00000000        0x0 ../../LUFA/Drivers/USB/Class/Host/AudioClassHost.o
 .bss           0x00000000        0x0 ../../LUFA/Drivers/USB/Class/Host/AudioClassHost.o
 .text          0x00000000        0x0 ../../LUFA/Drivers/USB/Class/Host/CDCClassHost.o
 .data          0x00000000        0x0 ../../LUFA/Drivers/USB/Class/Host/CDCClassHost.o
 .bss           0x00000000        0x0 ../../LUFA/Drivers/USB/Class/Host/CDCClassHost.o
 .text          0x00000000        0x0 ../../LUFA/Drivers/USB/Class/Host/HIDClassHost.o
 .data          0x00000000        0x0 ../../LUFA/Drivers/USB/Class/Host/HIDClassHost.o
 .bss           0x00000000        0x0 ../../LUFA/Drivers/USB/Class/Host/HIDClassHost.o
 .text          0x00000000        0x0 ../../LUFA/Drivers/USB/Class/Host/MassStorageClassHost.o
 .data          0x00000000        0x0 ../../LUFA/Drivers/USB/Class/Host/MassStorageClassHost.o
 .bss           0x00000000        0x0 ../../LUFA/Drivers/USB/Class/Host/MassStorageClassHost.o
 .text          0x00000000        0x0 ../../LUFA/Drivers/USB/Class/Host/MIDIClassHost.o
 .data          0x00000000        0x0 ../../LUFA/Drivers/USB/Class/Host/MIDIClassHost.o
 .bss           0x00000000        0x0 ../../LUFA/Drivers/USB/Class/Host/MIDIClassHost.o
 .text          0x00000000        0x0 ../../LUFA/Drivers/USB/Class/Host/PrinterClassHost.o
 .data          0x00000000        0x0 ../../LUFA/Drivers/USB/Class/Host/PrinterClassHost.o
 .bss           0x00000000        0x0 ../../LUFA/Drivers/USB/Class/Host/PrinterClassHost.o
 .text          0x00000000        0x0 ../../LUFA/Drivers/USB/Class/Host/RNDISClassHost.o
 .data          0x00000000        0x0 ../../LUFA/Drivers/USB/Class/Host/RNDISClassHost.o
 .bss           0x00000000        0x0 ../../LUFA/Drivers/USB/Class/Host/RNDISClassHost.o
 .text          0x00000000        0x0 ../../LUFA/Drivers/USB/Class/Host/StillImageClassHost.o
 .data          0x00000000        0x0 ../../LUFA/Drivers/USB/Class/Host/StillImageClassHost.o
 .bss           0x00000000        0x0 ../../LUFA/Drivers/USB/Class/Host/StillImageClassHost.o
 .text          0x00000000        0x0 /usr/lib/gcc/avr/4.5.3/avr51/libgcc.a(_exit.o)
 .data          0x00000000        0x0 /usr/lib/gcc/avr/4.5.3/avr51/libgcc.a(_exit.o)
 .bss           0x00000000        0x0 /usr/lib/gcc/avr/4.5.3/avr51/libgcc.a(_exit.o)
 .text.libgcc   0x00000000        0x0 /usr/lib/gcc/avr/4.5.3/avr51/libgcc.a(_exit.o)
 .text          0x00000000        0x0 /usr/lib/gcc/avr/4.5.3/avr51/libgcc.a(_copy_data.o)
 .data          0x00000000        0x0 /usr/lib/gcc/avr/4.5.3/avr51/libgcc.a(_copy_data.o)
 .bss           0x00000000        0x0 /usr/lib/gcc/avr/4.5.3/avr51/libgcc.a(_copy_data.o)
 .text.libgcc   0x00000000        0x0 /usr/lib/gcc/avr/4.5.3/avr51/libgcc.a(_copy_data.o)
 .text          0x00000000        0x0 /usr/lib/gcc/avr/4.5.3/avr51/libgcc.a(_clear_bss.o)
 .data          0x00000000        0x0 /usr/lib/gcc/avr/4.5.3/avr51/libgcc.a(_clear_bss.o)
 .bss           0x00000000        0x0 /usr/lib/gcc/avr/4.5.3/avr51/libgcc.a(_clear_bss.o)
 .text.libgcc   0x00000000        0x0 /usr/lib/gcc/avr/4.5.3/avr51/libgcc.a(_clear_bss.o)
 .text          0x00000000        0x0 /usr/lib/gcc/avr/4.5.3/../../../avr/lib/avr51/libc.a(memcpy_P.o)
 .data          0x00000000        0x0 /usr/lib/gcc/avr/4.5.3/../../../avr/lib/avr51/libc.a(memcpy_P.o)
 .bss           0x00000000        0x0 /usr/lib/gcc/avr/4.5.3/../../../avr/lib/avr51/libc.a(memcpy_P.o)
 .text.avr-libc
                0x00000000       0x12 /usr/lib/gcc/avr/4.5.3/../../../avr/lib/avr51/libc.a(memcpy_P.o)
 .text          0x00000000        0x0 /usr/lib/gcc/avr/4.5.3/../../../avr/lib/avr51/libc.a(memcmp.o)
 .data          0x00000000        0x0 /usr/lib/gcc/avr/4.5.3/../../../avr/lib/avr51/libc.a(memcmp.o)
 .bss           0x00000000        0x0 /usr/lib/gcc/avr/4.5.3/../../../avr/lib/avr51/libc.a(memcmp.o)
 .text.avr-libc
                0x00000000       0x1a /usr/lib/gcc/avr/4.5.3/../../../avr/lib/avr51/libc.a(memcmp.o)
 .text          0x00000000        0x0 /usr/lib/gcc/avr/4.5.3/../../../avr/lib/avr51/libc.a(memcpy.o)
 .data          0x00000000        0x0 /usr/lib/gcc/avr/4.5.3/../../../avr/lib/avr51/libc.a(memcpy.o)
 .bss           0x00000000        0x0 /usr/lib/gcc/avr/4.5.3/../../../avr/lib/avr51/libc.a(memcpy.o)
 .text.avr-libc
                0x00000000       0x12 /usr/lib/gcc/avr/4.5.3/../../../avr/lib/avr51/libc.a(memcpy.o)
 .text          0x00000000        0x0 /usr/lib/gcc/avr/4.5.3/../../../avr/lib/avr51/libc.a(memset.o)
 .data          0x00000000        0x0 /usr/lib/gcc/avr/4.5.3/../../../avr/lib/avr51/libc.a(memset.o)
 .bss           0x00000000        0x0 /usr/lib/gcc/avr/4.5.3/../../../avr/lib/avr51/libc.a(memset.o)
 .text.avr-libc
                0x00000000        0xe /usr/lib/gcc/avr/4.5.3/../../../avr/lib/avr51/libc.a(memset.o)
 .text          0x00000000        0x0 /usr/lib/gcc/avr/4.5.3/../../../avr/lib/avr51/libc.a(eerd_byte_at90usb1287.o)
 .data          0x00000000        0x0 /usr/lib/gcc/avr/4.5.3/../../../avr/lib/avr51/libc.a(eerd_byte_at90usb1287.o)
 .bss           0x00000000        0x0 /usr/lib/gcc/avr/4.5.3/../../../avr/lib/avr51/libc.a(eerd_byte_at90usb1287.o)
 .text.avr-libc
                0x00000000       0x10 /usr/lib/gcc/avr/4.5.3/../../../avr/lib/avr51/libc.a(eerd_byte_at90usb1287.o)
 .text          0x00000000        0x0 /usr/lib/gcc/avr/4.5.3/../../../avr/lib/avr51/libc.a(eeupd_byte_at90usb1287.o)
 .data          0x00000000        0x0 /usr/lib/gcc/avr/4.5.3/../../../avr/lib/avr51/libc.a(eeupd_byte_at90usb1287.o)
 .bss           0x00000000        0x0 /usr/lib/gcc/avr/4.5.3/../../../avr/lib/avr51/libc.a(eeupd_byte_at90usb1287.o)
 .text.avr-libc
                0x00000000       0x24 /usr/lib/gcc/avr/4.5.3/../../../avr/lib/avr51/libc.a(eeupd_byte_at90usb1287.o)

Memory Configuration

Name             Origin             Length             Attributes
text             0x00000000         0x00020000         xr
data             0x00800100         0x0000ff00         rw !x
eeprom           0x00810000         0x00010000         rw !x
fuse             0x00820000         0x00000400         rw !x
lock             0x00830000         0x00000400         rw !x
signature        0x00840000         0x00000400         rw !x
*default*        0x00000000         0xffffffff

Linker script and memory map

Address of section .data set to 0x800100
LOAD /usr/lib/gcc/avr/4.5.3/../../../avr/lib/avr51/crtusb1286.o
LOAD RelayBoard.o
LOAD Descriptors.o
LOAD ../../LUFA/Drivers/USB/Class/Common/HIDParser.o
LOAD ../../LUFA/Drivers/USB/Core/AVR8/Device_AVR8.o
LOAD ../../LUFA/Drivers/USB/Core/AVR8/EndpointStream_AVR8.o
LOAD ../../LUFA/Drivers/USB/Core/AVR8/Endpoint_AVR8.o
LOAD ../../LUFA/Drivers/USB/Core/AVR8/Host_AVR8.o
LOAD ../../LUFA/Drivers/USB/Core/AVR8/PipeStream_AVR8.o
LOAD ../../LUFA/Drivers/USB/Core/AVR8/Pipe_AVR8.o
LOAD ../../LUFA/Drivers/USB/Core/AVR8/USBController_AVR8.o
LOAD ../../LUFA/Drivers/USB/Core/AVR8/USBInterrupt_AVR8.o
LOAD ../../LUFA/Drivers/USB/Core/ConfigDescriptors.o
LOAD ../../LUFA/Drivers/USB/Core/DeviceStandardReq.o
LOAD ../../LUFA/Drivers/USB/Core/Events.o
LOAD ../../LUFA/Drivers/USB/Core/HostStandardReq.o
LOAD ../../LUFA/Drivers/USB/Core/USBTask.o
LOAD ../../LUFA/Drivers/USB/Class/Device/AudioClassDevice.o
LOAD ../../LUFA/Drivers/USB/Class/Device/CDCClassDevice.o
LOAD ../../LUFA/Drivers/USB/Class/Device/HIDClassDevice.o
LOAD ../../LUFA/Drivers/USB/Class/Device/MassStorageClassDevice.o
LOAD ../../LUFA/Drivers/USB/Class/Device/MIDIClassDevice.o
LOAD ../../LUFA/Drivers/USB/Class/Device/RNDISClassDevice.o
LOAD ../../LUFA/Drivers/USB/Class/Host/AndroidAccessoryClassHost.o
LOAD ../../LUFA/Drivers/USB/Class/Host/AudioClassHost.o
LOAD ../../LUFA/Drivers/USB/Class/Host/CDCClassHost.o
LOAD ../../LUFA/Drivers/USB/Class/Host/HIDClassHost.o
LOAD ../../LUFA/Drivers/USB/Class/Host/MassStorageClassHost.o
LOAD ../../LUFA/Drivers/USB/Class/Host/MIDIClassHost.o
LOAD ../../LUFA/Drivers/USB/Class/Host/PrinterClassHost.o
LOAD ../../LUFA/Drivers/USB/Class/Host/RNDISClassHost.o
LOAD ../../LUFA/Drivers/USB/Class/Host/StillImageClassHost.o
LOAD /usr/lib/gcc/avr/4.5.3/../../../avr/lib/avr51/libm.a
LOAD /usr/lib/gcc/avr/4.5.3/avr51/libgcc.a
LOAD /usr/lib/gcc/avr/4.5.3/../../../avr/lib/avr51/libc.a
LOAD /usr/lib/gcc/avr/4.5.3/avr51/libgcc.a

.hash
 *(.hash)

.dynsym
 *(.dynsym)

.dynstr
 *(.dynstr)

.gnu.version
 *(.gnu.version)

.gnu.version_d
 *(.gnu.version_d)

.gnu.version_r
 *(.gnu.version_r)

.rel.init
 *(.rel.init)

.rela.init
 *(.rela.init)

.rel.text
 *(.rel.text)
 *(.rel.text.*)
 *(.rel.gnu.linkonce.t*)

.rela.text
 *(.rela.text)
 *(.rela.text.*)
 *(.rela.gnu.linkonce.t*)

.rel.fini
 *(.rel.fini)

.rela.fini
 *(.rela.fini)

.rel.rodata
 *(.rel.rodata)
 *(.rel.rodata.*)
 *(.rel.gnu.linkonce.r*)

.rela.rodata
 *(.rela.rodata)
 *(.rela.rodata.*)
 *(.rela.gnu.linkonce.r*)

.rel.data
 *(.rel.data)
 *(.rel.data.*)
 *(.rel.gnu.linkonce.d*)

.rela.data
 *(.rela.data)
 *(.rela.data.*)
 *(.rela.gnu.linkonce.d*)

.rel.ctors
 *(.rel.ctors)

.rela.ctors
 *(.rela.ctors)

.rel.dtors
 *(.rel.dtors)

.rela.dtors
 *(.rela.dtors)

.rel.got
 *(.rel.got)

.rela.got
 *(.rela.got)

.rel.bss
 *(.rel.bss)

.rela.bss
 *(.rela.bss)

.rel.plt
 *(.rel.plt)

.rela.plt
 *(.rela.plt)

.text           0x00000000      0xa44
 *(.vectors)
 .vectors       0x00000000       0x98 /usr/lib/gcc/avr/4.5.3/../../../avr/lib/avr51/crtusb1286.o
                0x00000000                __vectors
                0x00000000                __vector_default
 *(.vectors)
 *(.progmem.gcc*)
 *(.progmem*)
 .progmem.data  0x00000098       0x5c Descriptors.o
                0x00000098                RelayBoard_DeviceDescriptor
                0x000000aa                RelayBoard_ConfigurationDescriptor
                0x000000bc                RelayBoard_LanguageString
                0x000000c0                RelayBoard_ManufacturerString
                0x000000ce                RelayBoard_ProductString
                0x000000e6                RelayBoard_SerialString
                0x000000f4                . = ALIGN (0x2)
                0x000000f4                __trampolines_start = .
 *(.trampolines)
 .trampolines   0x000000f4        0x0 linker stubs
 *(.trampolines*)
                0x000000f4                __trampolines_end = .
 *(.jumptables)
 *(.jumptables*)
 *(.lowtext)
 *(.lowtext*)
                0x000000f4                __ctors_start = .
 *(.ctors)
                0x000000f4                __ctors_end = .
                0x000000f4                __dtors_start = .
 *(.dtors)
                0x000000f4                __dtors_end = .
 SORT(*)(.ctors)
 SORT(*)(.dtors)
 *(.init0)
 .init0         0x000000f4        0x0 /usr/lib/gcc/avr/4.5.3/../../../avr/lib/avr51/crtusb1286.o
                0x000000f4                __init
 *(.init0)
 *(.init1)
 *(.init1)
 *(.init2)
 .init2         0x000000f4        0xc /usr/lib/gcc/avr/4.5.3/../../../avr/lib/avr51/crtusb1286.o
 *(.init2)
 *(.init3)
 *(.init3)
 *(.init4)
 .init4         0x00000100       0x1a /usr/lib/gcc/avr/4.5.3/avr51/libgcc.a(_copy_data.o)
                0x00000100                __do_copy_data
 .init4         0x0000011a       0x10 /usr/lib/gcc/avr/4.5.3/avr51/libgcc.a(_clear_bss.o)
                0x0000011a                __do_clear_bss
 *(.init4)
 *(.init5)
 *(.init5)
 *(.init6)
 *(.init6)
 *(.init7)
 *(.init7)
 *(.init8)
 *(.init8)
 *(.init9)
 .init9         0x0000012a        0x4 /usr/lib/gcc/avr/4.5.3/../../../avr/lib/avr51/crtusb1286.o
 *(.init9)
 *(.text)
 .text          0x0000012e        0x2 /usr/lib/gcc/avr/4.5.3/../../../avr/lib/avr51/crtusb1286.o
                0x0000012e                __vector_22
                0x0000012e                __vector_28
                0x0000012e                __vector_1
                0x0000012e                __vector_32
                0x0000012e                __vector_34
                0x0000012e                __vector_24
                0x0000012e                __vector_12
                0x0000012e                __bad_interrupt
                0x0000012e                __vector_6
                0x0000012e                __vector_31
                0x0000012e                __vector_35
                0x0000012e                __vector_3
                0x0000012e                __vector_23
                0x0000012e                __vector_30
                0x0000012e                __vector_25
                0x0000012e                __vector_11
                0x0000012e                __vector_13
                0x0000012e                __vector_17
                0x0000012e                __vector_19
                0x0000012e                __vector_7
                0x0000012e                __vector_27
                0x0000012e                __vector_5
                0x0000012e                __vector_33
                0x0000012e                __vector_37
                0x0000012e                __vector_4
                0x0000012e                __vector_9
                0x0000012e                __vector_2
                0x0000012e                __vector_21
                0x0000012e                __vector_15
                0x0000012e                __vector_36
                0x0000012e                __vector_29
                0x0000012e                __vector_8
                0x0000012e                __vector_26
                0x0000012e                __vector_14
                0x0000012e                __vector_16
                0x0000012e                __vector_18
                0x0000012e                __vector_20
                0x00000130                . = ALIGN (0x2)
 *(.text.*)
 .text.SetupHardware
                0x00000130       0x38 RelayBoard.o
                0x00000130                SetupHardware
 .text.main     0x00000168        0x8 RelayBoard.o
                0x00000168                main
 .text.EVENT_USB_Device_ControlRequest
                0x00000170      0x182 RelayBoard.o
                0x00000170                EVENT_USB_Device_ControlRequest
 .text.CALLBACK_USB_GetDescriptor
                0x000002f2       0x64 Descriptors.o
                0x000002f2                CALLBACK_USB_GetDescriptor
 .text.Endpoint_Write_Control_Stream_LE
                0x00000356       0xb6 ../../LUFA/Drivers/USB/Core/AVR8/EndpointStream_AVR8.o
                0x00000356                Endpoint_Write_Control_Stream_LE
 .text.Endpoint_Read_Control_Stream_LE
                0x0000040c       0x7e ../../LUFA/Drivers/USB/Core/AVR8/EndpointStream_AVR8.o
                0x0000040c                Endpoint_Read_Control_Stream_LE
 .text.Endpoint_Write_Control_PStream_LE
                0x0000048a       0xb8 ../../LUFA/Drivers/USB/Core/AVR8/EndpointStream_AVR8.o
                0x0000048a                Endpoint_Write_Control_PStream_LE
 .text.Endpoint_ConfigureEndpoint_Prv
                0x00000542       0x22 ../../LUFA/Drivers/USB/Core/AVR8/Endpoint_AVR8.o
                0x00000542                Endpoint_ConfigureEndpoint_Prv
 .text.Endpoint_ClearStatusStage
                0x00000564       0x3e ../../LUFA/Drivers/USB/Core/AVR8/Endpoint_AVR8.o
                0x00000564                Endpoint_ClearStatusStage
 .text.USB_ResetInterface
                0x000005a2       0x88 ../../LUFA/Drivers/USB/Core/AVR8/USBController_AVR8.o
                0x000005a2                USB_ResetInterface
 .text.USB_Init
                0x0000062a       0x1c ../../LUFA/Drivers/USB/Core/AVR8/USBController_AVR8.o
                0x0000062a                USB_Init
 .text.USB_INT_DisableAllInterrupts
                0x00000646       0x10 ../../LUFA/Drivers/USB/Core/AVR8/USBInterrupt_AVR8.o
                0x00000646                USB_INT_DisableAllInterrupts
 .text.USB_INT_ClearAllInterrupts
                0x00000656        0xa ../../LUFA/Drivers/USB/Core/AVR8/USBInterrupt_AVR8.o
                0x00000656                USB_INT_ClearAllInterrupts
 .text.__vector_10
                0x00000660      0x186 ../../LUFA/Drivers/USB/Core/AVR8/USBInterrupt_AVR8.o
                0x00000660                __vector_10
 .text.USB_Device_ProcessControlRequest
                0x000007e6      0x246 ../../LUFA/Drivers/USB/Core/DeviceStandardReq.o
                0x000007e6                USB_Device_ProcessControlRequest
 .text.USB_Event_Stub
                0x00000a2c        0x2 ../../LUFA/Drivers/USB/Core/Events.o
                0x00000a2c                EVENT_USB_Device_ConfigurationChanged
                0x00000a2c                EVENT_USB_Device_Connect
                0x00000a2c                EVENT_USB_Device_WakeUp
                0x00000a2c                USB_Event_Stub
                0x00000a2c                EVENT_USB_Device_Suspend
                0x00000a2c                EVENT_USB_Device_StartOfFrame
                0x00000a2c                EVENT_USB_Device_Disconnect
                0x00000a2c                EVENT_USB_Device_Reset
 .text.USB_USBTask
                0x00000a2e       0x12 ../../LUFA/Drivers/USB/Core/USBTask.o
                0x00000a2e                USB_USBTask
                0x00000a40                . = ALIGN (0x2)
 *(.fini9)
 .fini9         0x00000a40        0x0 /usr/lib/gcc/avr/4.5.3/avr51/libgcc.a(_exit.o)
                0x00000a40                exit
                0x00000a40                _exit
 *(.fini9)
 *(.fini8)
 *(.fini8)
 *(.fini7)
 *(.fini7)
 *(.fini6)
 *(.fini6)
 *(.fini5)
 *(.fini5)
 *(.fini4)
 *(.fini4)
 *(.fini3)
 *(.fini3)
 *(.fini2)
 *(.fini2)
 *(.fini1)
 *(.fini1)
 *(.fini0)
 .fini0         0x00000a40        0x4 /usr/lib/gcc/avr/4.5.3/avr51/libgcc.a(_exit.o)
 *(.fini0)
                0x00000a44                _etext = .

.data           0x00800100        0x0 load address 0x00000a44
                0x00800100                PROVIDE (__data_start, .)
 *(.data)
 *(.data*)
 *(.rodata)
 *(.rodata*)
 *(.gnu.linkonce.d*)
                0x00800100                . = ALIGN (0x2)
                0x00800100                _edata = .
                0x00800100                PROVIDE (__data_end, .)

.bss            0x00800100        0xc
                0x00800100                PROVIDE (__bss_start, .)
 *(.bss)
 *(.bss*)
 *(COMMON)
 COMMON         0x00800100        0x3 ../../LUFA/Drivers/USB/Core/DeviceStandardReq.o
                0x00800100                USB_Device_ConfigurationNumber
                0x00800101                USB_Device_CurrentlySelfPowered
                0x00800102                USB_Device_RemoteWakeupEnabled
 COMMON         0x00800103        0x9 ../../LUFA/Drivers/USB/Core/USBTask.o
                0x00800103                USB_IsInitialized
                0x00800104                USB_ControlRequest
                0x0080010c                PROVIDE (__bss_end, .)
                0x00000a44                __data_load_start = LOADADDR (.data)
                0x00000a44                __data_load_end = (__data_load_start + SIZEOF (.data))

.noinit         0x0080010c        0x0
                0x0080010c                PROVIDE (__noinit_start, .)
 *(.noinit*)
                0x0080010c                PROVIDE (__noinit_end, .)
                0x0080010c                _end = .
                0x0080010c                PROVIDE (__heap_start, .)

.eeprom         0x00810000        0x0
 *(.eeprom*)
                0x00810000                __eeprom_end = .

.fuse
 *(.fuse)
 *(.lfuse)
 *(.hfuse)
 *(.efuse)

.lock
 *(.lock*)

.signature
 *(.signature*)

.stab           0x00000000      0xa98
 *(.stab)
 .stab          0x00000000      0x6cc /usr/lib/gcc/avr/4.5.3/../../../avr/lib/avr51/crtusb1286.o
 .stab          0x000006cc       0x84 /usr/lib/gcc/avr/4.5.3/../../../avr/lib/avr51/libc.a(memcpy_P.o)
                                 0x90 (size before relaxing)
 .stab          0x00000750       0xb4 /usr/lib/gcc/avr/4.5.3/../../../avr/lib/avr51/libc.a(memcmp.o)
                                 0xc0 (size before relaxing)
 .stab          0x00000804       0x84 /usr/lib/gcc/avr/4.5.3/../../../avr/lib/avr51/libc.a(memcpy.o)
                                 0x90 (size before relaxing)
 .stab          0x00000888       0x6c /usr/lib/gcc/avr/4.5.3/../../../avr/lib/avr51/libc.a(memset.o)
                                 0x78 (size before relaxing)
 .stab          0x000008f4       0x90 /usr/lib/gcc/avr/4.5.3/../../../avr/lib/avr51/libc.a(eerd_byte_at90usb1287.o)
                                 0x9c (size before relaxing)
 .stab          0x00000984      0x114 /usr/lib/gcc/avr/4.5.3/../../../avr/lib/avr51/libc.a(eeupd_byte_at90usb1287.o)
                                0x120 (size before relaxing)

.stabstr        0x00000000      0x16f
 *(.stabstr)
 .stabstr       0x00000000      0x16f /usr/lib/gcc/avr/4.5.3/../../../avr/lib/avr51/crtusb1286.o

.stab.excl
 *(.stab.excl)

.stab.exclstr
 *(.stab.exclstr)

.stab.index
 *(.stab.index)

.stab.indexstr
 *(.stab.indexstr)

.comment
 *(.comment)

.debug
 *(.debug)

.line
 *(.line)

.debug_srcinfo
 *(.debug_srcinfo)

.debug_sfnames
 *(.debug_sfnames)

.debug_aranges  0x00000000      0x3f0
 *(.debug_aranges)
 .debug_aranges
                0x00000000       0x30 RelayBoard.o
 .debug_aranges
                0x00000030       0x20 Descriptors.o
 .debug_aranges
                0x00000050       0x38 ../../LUFA/Drivers/USB/Class/Common/HIDParser.o
 .debug_aranges
                0x00000088       0x20 ../../LUFA/Drivers/USB/Core/AVR8/Device_AVR8.o
 .debug_aranges
                0x000000a8       0x68 ../../LUFA/Drivers/USB/Core/AVR8/EndpointStream_AVR8.o
 .debug_aranges
                0x00000110       0x38 ../../LUFA/Drivers/USB/Core/AVR8/Endpoint_AVR8.o
 .debug_aranges
                0x00000148       0x30 ../../LUFA/Drivers/USB/Core/AVR8/USBController_AVR8.o
 .debug_aranges
                0x00000178       0x30 ../../LUFA/Drivers/USB/Core/AVR8/USBInterrupt_AVR8.o
 .debug_aranges
                0x000001a8       0x38 ../../LUFA/Drivers/USB/Core/ConfigDescriptors.o
 .debug_aranges
                0x000001e0       0x20 ../../LUFA/Drivers/USB/Core/DeviceStandardReq.o
 .debug_aranges
                0x00000200       0x20 ../../LUFA/Drivers/USB/Core/Events.o
 .debug_aranges
                0x00000220       0x20 ../../LUFA/Drivers/USB/Core/USBTask.o
 .debug_aranges
                0x00000240       0x30 ../../LUFA/Drivers/USB/Class/Device/AudioClassDevice.o
 .debug_aranges
                0x00000270       0x98 ../../LUFA/Drivers/USB/Class/Device/CDCClassDevice.o
 .debug_aranges
                0x00000308       0x30 ../../LUFA/Drivers/USB/Class/Device/HIDClassDevice.o
 .debug_aranges
                0x00000338       0x30 ../../LUFA/Drivers/USB/Class/Device/MassStorageClassDevice.o
 .debug_aranges
                0x00000368       0x40 ../../LUFA/Drivers/USB/Class/Device/MIDIClassDevice.o
 .debug_aranges
                0x000003a8       0x48 ../../LUFA/Drivers/USB/Class/Device/RNDISClassDevice.o

.debug_pubnames
                0x00000000      0xaba
 *(.debug_pubnames)
 .debug_pubnames
                0x00000000       0x51 RelayBoard.o
 .debug_pubnames
                0x00000051       0xf1 Descriptors.o
 .debug_pubnames
                0x00000142       0x7e ../../LUFA/Drivers/USB/Class/Common/HIDParser.o
 .debug_pubnames
                0x000001c0       0x32 ../../LUFA/Drivers/USB/Core/AVR8/Device_AVR8.o
 .debug_pubnames
                0x000001f2      0x186 ../../LUFA/Drivers/USB/Core/AVR8/EndpointStream_AVR8.o
 .debug_pubnames
                0x00000378       0x93 ../../LUFA/Drivers/USB/Core/AVR8/Endpoint_AVR8.o
 .debug_pubnames
                0x0000040b       0x46 ../../LUFA/Drivers/USB/Core/AVR8/USBController_AVR8.o
 .debug_pubnames
                0x00000451       0x62 ../../LUFA/Drivers/USB/Core/AVR8/USBInterrupt_AVR8.o
 .debug_pubnames
                0x000004b3       0x9b ../../LUFA/Drivers/USB/Core/ConfigDescriptors.o
 .debug_pubnames
                0x0000054e       0xa1 ../../LUFA/Drivers/USB/Core/DeviceStandardReq.o
 .debug_pubnames
                0x000005ef       0x25 ../../LUFA/Drivers/USB/Core/Events.o
 .debug_pubnames
                0x00000614       0x4f ../../LUFA/Drivers/USB/Core/USBTask.o
 .debug_pubnames
                0x00000663       0x79 ../../LUFA/Drivers/USB/Class/Device/AudioClassDevice.o
 .debug_pubnames
                0x000006dc      0x18b ../../LUFA/Drivers/USB/Class/Device/CDCClassDevice.o
 .debug_pubnames
                0x00000867       0x70 ../../LUFA/Drivers/USB/Class/Device/HIDClassDevice.o
 .debug_pubnames
                0x000008d7       0x6d ../../LUFA/Drivers/USB/Class/Device/MassStorageClassDevice.o
 .debug_pubnames
                0x00000944       0xa6 ../../LUFA/Drivers/USB/Class/Device/MIDIClassDevice.o
 .debug_pubnames
                0x000009ea       0xd0 ../../LUFA/Drivers/USB/Class/Device/RNDISClassDevice.o

.debug_info     0x00000000     0x6fa2
 *(.debug_info)
 .debug_info    0x00000000      0x300 RelayBoard.o
 .debug_info    0x00000300      0x5ba Descriptors.o
 .debug_info    0x000008ba      0x6f9 ../../LUFA/Drivers/USB/Class/Common/HIDParser.o
 .debug_info    0x00000fb3       0xd8 ../../LUFA/Drivers/USB/Core/AVR8/Device_AVR8.o
 .debug_info    0x0000108b      0xcb7 ../../LUFA/Drivers/USB/Core/AVR8/EndpointStream_AVR8.o
 .debug_info    0x00001d42      0x449 ../../LUFA/Drivers/USB/Core/AVR8/Endpoint_AVR8.o
 .debug_info    0x0000218b       0x6c ../../LUFA/Drivers/USB/Core/AVR8/Host_AVR8.o
 .debug_info    0x000021f7       0x6c ../../LUFA/Drivers/USB/Core/AVR8/PipeStream_AVR8.o
 .debug_info    0x00002263       0x6c ../../LUFA/Drivers/USB/Core/AVR8/Pipe_AVR8.o
 .debug_info    0x000022cf      0x477 ../../LUFA/Drivers/USB/Core/AVR8/USBController_AVR8.o
 .debug_info    0x00002746      0x5bd ../../LUFA/Drivers/USB/Core/AVR8/USBInterrupt_AVR8.o
 .debug_info    0x00002d03      0x38c ../../LUFA/Drivers/USB/Core/ConfigDescriptors.o
 .debug_info    0x0000308f      0x818 ../../LUFA/Drivers/USB/Core/DeviceStandardReq.o
 .debug_info    0x000038a7       0x85 ../../LUFA/Drivers/USB/Core/Events.o
 .debug_info    0x0000392c       0x6c ../../LUFA/Drivers/USB/Core/HostStandardReq.o
 .debug_info    0x00003998      0x1dd ../../LUFA/Drivers/USB/Core/USBTask.o
 .debug_info    0x00003b75      0x56c ../../LUFA/Drivers/USB/Class/Device/AudioClassDevice.o
 .debug_info    0x000040e1      0xb5a ../../LUFA/Drivers/USB/Class/Device/CDCClassDevice.o
 .debug_info    0x00004c3b      0x623 ../../LUFA/Drivers/USB/Class/Device/HIDClassDevice.o
 .debug_info    0x0000525e      0x6e6 ../../LUFA/Drivers/USB/Class/Device/MassStorageClassDevice.o
 .debug_info    0x00005944      0x44d ../../LUFA/Drivers/USB/Class/Device/MIDIClassDevice.o
 .debug_info    0x00005d91      0xe45 ../../LUFA/Drivers/USB/Class/Device/RNDISClassDevice.o
 .debug_info    0x00006bd6       0x6c ../../LUFA/Drivers/USB/Class/Host/AndroidAccessoryClassHost.o
 .debug_info    0x00006c42       0x6c ../../LUFA/Drivers/USB/Class/Host/AudioClassHost.o
 .debug_info    0x00006cae       0x6c ../../LUFA/Drivers/USB/Class/Host/CDCClassHost.o
 .debug_info    0x00006d1a       0x6c ../../LUFA/Drivers/USB/Class/Host/HIDClassHost.o
 .debug_info    0x00006d86       0x6c ../../LUFA/Drivers/USB/Class/Host/MassStorageClassHost.o
 .debug_info    0x00006df2       0x6c ../../LUFA/Drivers/USB/Class/Host/MIDIClassHost.o
 .debug_info    0x00006e5e       0x6c ../../LUFA/Drivers/USB/Class/Host/PrinterClassHost.o
 .debug_info    0x00006eca       0x6c ../../LUFA/Drivers/USB/Class/Host/RNDISClassHost.o
 .debug_info    0x00006f36       0x6c ../../LUFA/Drivers/USB/Class/Host/StillImageClassHost.o
 *(.gnu.linkonce.wi.*)

.debug_abbrev   0x00000000     0x1dca
 *(.debug_abbrev)
 .debug_abbrev  0x00000000      0x18c RelayBoard.o
 .debug_abbrev  0x0000018c      0x153 Descriptors.o
 .debug_abbrev  0x000002df      0x1ec ../../LUFA/Drivers/USB/Class/Common/HIDParser.o
 .debug_abbrev  0x000004cb       0x7d ../../LUFA/Drivers/USB/Core/AVR8/Device_AVR8.o
 .debug_abbrev  0x00000548      0x15d ../../LUFA/Drivers/USB/Core/AVR8/EndpointStream_AVR8.o
 .debug_abbrev  0x000006a5      0x1b4 ../../LUFA/Drivers/USB/Core/AVR8/Endpoint_AVR8.o
 .debug_abbrev  0x00000859       0x2a ../../LUFA/Drivers/USB/Core/AVR8/Host_AVR8.o
 .debug_abbrev  0x00000883       0x2a ../../LUFA/Drivers/USB/Core/AVR8/PipeStream_AVR8.o
 .debug_abbrev  0x000008ad       0x2a ../../LUFA/Drivers/USB/Core/AVR8/Pipe_AVR8.o
 .debug_abbrev  0x000008d7      0x12d ../../LUFA/Drivers/USB/Core/AVR8/USBController_AVR8.o
 .debug_abbrev  0x00000a04      0x177 ../../LUFA/Drivers/USB/Core/AVR8/USBInterrupt_AVR8.o
 .debug_abbrev  0x00000b7b      0x148 ../../LUFA/Drivers/USB/Core/ConfigDescriptors.o
 .debug_abbrev  0x00000cc3      0x20b ../../LUFA/Drivers/USB/Core/DeviceStandardReq.o
 .debug_abbrev  0x00000ece       0x41 ../../LUFA/Drivers/USB/Core/Events.o
 .debug_abbrev  0x00000f0f       0x2a ../../LUFA/Drivers/USB/Core/HostStandardReq.o
 .debug_abbrev  0x00000f39      0x12f ../../LUFA/Drivers/USB/Core/USBTask.o
 .debug_abbrev  0x00001068      0x160 ../../LUFA/Drivers/USB/Class/Device/AudioClassDevice.o
 .debug_abbrev  0x000011c8      0x2db ../../LUFA/Drivers/USB/Class/Device/CDCClassDevice.o
 .debug_abbrev  0x000014a3      0x1b5 ../../LUFA/Drivers/USB/Class/Device/HIDClassDevice.o
 .debug_abbrev  0x00001658      0x205 ../../LUFA/Drivers/USB/Class/Device/MassStorageClassDevice.o
 .debug_abbrev  0x0000185d      0x152 ../../LUFA/Drivers/USB/Class/Device/MIDIClassDevice.o
 .debug_abbrev  0x000019af      0x2a1 ../../LUFA/Drivers/USB/Class/Device/RNDISClassDevice.o
 .debug_abbrev  0x00001c50       0x2a ../../LUFA/Drivers/USB/Class/Host/AndroidAccessoryClassHost.o
 .debug_abbrev  0x00001c7a       0x2a ../../LUFA/Drivers/USB/Class/Host/AudioClassHost.o
 .debug_abbrev  0x00001ca4       0x2a ../../LUFA/Drivers/USB/Class/Host/CDCClassHost.o
 .debug_abbrev  0x00001cce       0x2a ../../LUFA/Drivers/USB/Class/Host/HIDClassHost.o
 .debug_abbrev  0x00001cf8       0x2a ../../LUFA/Drivers/USB/Class/Host/MassStorageClassHost.o
 .debug_abbrev  0x00001d22       0x2a ../../LUFA/Drivers/USB/Class/Host/MIDIClassHost.o
 .debug_abbrev  0x00001d4c       0x2a ../../LUFA/Drivers/USB/Class/Host/PrinterClassHost.o
 .debug_abbrev  0x00001d76       0x2a ../../LUFA/Drivers/USB/Class/Host/RNDISClassHost.o
 .debug_abbrev  0x00001da0       0x2a ../../LUFA/Drivers/USB/Class/Host/StillImageClassHost.o

.debug_line     0x00000000     0x5b2e
 *(.debug_line)
 .debug_line    0x00000000      0x3f4 RelayBoard.o
 .debug_line    0x000003f4      0x197 Descriptors.o
 .debug_line    0x0000058b      0x752 ../../LUFA/Drivers/USB/Class/Common/HIDParser.o
 .debug_line    0x00000cdd      0x15f ../../LUFA/Drivers/USB/Core/AVR8/Device_AVR8.o
 .debug_line    0x00000e3c      0xfe6 ../../LUFA/Drivers/USB/Core/AVR8/EndpointStream_AVR8.o
 .debug_line    0x00001e22      0x3be ../../LUFA/Drivers/USB/Core/AVR8/Endpoint_AVR8.o
 .debug_line    0x000021e0       0x3e ../../LUFA/Drivers/USB/Core/AVR8/Host_AVR8.o
 .debug_line    0x0000221e       0x3e ../../LUFA/Drivers/USB/Core/AVR8/PipeStream_AVR8.o
 .debug_line    0x0000225c       0x3e ../../LUFA/Drivers/USB/Core/AVR8/Pipe_AVR8.o
 .debug_line    0x0000229a      0x35c ../../LUFA/Drivers/USB/Core/AVR8/USBController_AVR8.o
 .debug_line    0x000025f6      0x521 ../../LUFA/Drivers/USB/Core/AVR8/USBInterrupt_AVR8.o
 .debug_line    0x00002b17      0x269 ../../LUFA/Drivers/USB/Core/ConfigDescriptors.o
 .debug_line    0x00002d80      0x506 ../../LUFA/Drivers/USB/Core/DeviceStandardReq.o
 .debug_line    0x00003286       0x80 ../../LUFA/Drivers/USB/Core/Events.o
 .debug_line    0x00003306       0x3e ../../LUFA/Drivers/USB/Core/HostStandardReq.o
 .debug_line    0x00003344      0x178 ../../LUFA/Drivers/USB/Core/USBTask.o
 .debug_line    0x000034bc      0x4be ../../LUFA/Drivers/USB/Class/Device/AudioClassDevice.o
 .debug_line    0x0000397a      0x971 ../../LUFA/Drivers/USB/Class/Device/CDCClassDevice.o
 .debug_line    0x000042eb      0x5a7 ../../LUFA/Drivers/USB/Class/Device/HIDClassDevice.o
 .debug_line    0x00004892      0x56b ../../LUFA/Drivers/USB/Class/Device/MassStorageClassDevice.o
 .debug_line    0x00004dfd      0x399 ../../LUFA/Drivers/USB/Class/Device/MIDIClassDevice.o
 .debug_line    0x00005196      0x76a ../../LUFA/Drivers/USB/Class/Device/RNDISClassDevice.o
 .debug_line    0x00005900       0x3e ../../LUFA/Drivers/USB/Class/Host/AndroidAccessoryClassHost.o
 .debug_line    0x0000593e       0x3e ../../LUFA/Drivers/USB/Class/Host/AudioClassHost.o
 .debug_line    0x0000597c       0x3e ../../LUFA/Drivers/USB/Class/Host/CDCClassHost.o
 .debug_line    0x000059ba       0x3e ../../LUFA/Drivers/USB/Class/Host/HIDClassHost.o
 .debug_line    0x000059f8       0x3e ../../LUFA/Drivers/USB/Class/Host/MassStorageClassHost.o
 .debug_line    0x00005a36       0x3e ../../LUFA/Drivers/USB/Class/Host/MIDIClassHost.o
 .debug_line    0x00005a74       0x3e ../../LUFA/Drivers/USB/Class/Host/PrinterClassHost.o
 .debug_line    0x00005ab2       0x3e ../../LUFA/Drivers/USB/Class/Host/RNDISClassHost.o
 .debug_line    0x00005af0       0x3e ../../LUFA/Drivers/USB/Class/Host/StillImageClassHost.o

.debug_frame    0x00000000      0x5a0
 *(.debug_frame)
 .debug_frame   0x00000000       0x40 RelayBoard.o
 .debug_frame   0x00000040       0x20 Descriptors.o
 .debug_frame   0x00000060       0x50 ../../LUFA/Drivers/USB/Class/Common/HIDParser.o
 .debug_frame   0x000000b0       0x20 ../../LUFA/Drivers/USB/Core/AVR8/Device_AVR8.o
 .debug_frame   0x000000d0       0xb0 ../../LUFA/Drivers/USB/Core/AVR8/EndpointStream_AVR8.o
 .debug_frame   0x00000180       0x50 ../../LUFA/Drivers/USB/Core/AVR8/Endpoint_AVR8.o
 .debug_frame   0x000001d0       0x40 ../../LUFA/Drivers/USB/Core/AVR8/USBController_AVR8.o
 .debug_frame   0x00000210       0x40 ../../LUFA/Drivers/USB/Core/AVR8/USBInterrupt_AVR8.o
 .debug_frame   0x00000250       0x50 ../../LUFA/Drivers/USB/Core/ConfigDescriptors.o
 .debug_frame   0x000002a0       0x20 ../../LUFA/Drivers/USB/Core/DeviceStandardReq.o
 .debug_frame   0x000002c0       0x20 ../../LUFA/Drivers/USB/Core/Events.o
 .debug_frame   0x000002e0       0x20 ../../LUFA/Drivers/USB/Core/USBTask.o
 .debug_frame   0x00000300       0x40 ../../LUFA/Drivers/USB/Class/Device/AudioClassDevice.o
 .debug_frame   0x00000340      0x110 ../../LUFA/Drivers/USB/Class/Device/CDCClassDevice.o
 .debug_frame   0x00000450       0x40 ../../LUFA/Drivers/USB/Class/Device/HIDClassDevice.o
 .debug_frame   0x00000490       0x40 ../../LUFA/Drivers/USB/Class/Device/MassStorageClassDevice.o
 .debug_frame   0x000004d0       0x60 ../../LUFA/Drivers/USB/Class/Device/MIDIClassDevice.o
 .debug_frame   0x00000530       0x70 ../../LUFA/Drivers/USB/Class/Device/RNDISClassDevice.o

.debug_str      0x00000000     0x323a
 *(.debug_str)
 .debug_str     0x00000000      0x25c RelayBoard.o
                                0x295 (size before relaxing)
 .debug_str     0x0000025c      0x500 Descriptors.o
                                0x652 (size before relaxing)
 .debug_str     0x0000075c      0x48a ../../LUFA/Drivers/USB/Class/Common/HIDParser.o
                                0x5f0 (size before relaxing)
 .debug_str     0x00000be6       0x77 ../../LUFA/Drivers/USB/Core/AVR8/Device_AVR8.o
                                0x153 (size before relaxing)
 .debug_str     0x00000c5d      0x371 ../../LUFA/Drivers/USB/Core/AVR8/EndpointStream_AVR8.o
                                0x503 (size before relaxing)
 .debug_str     0x00000fce      0x18b ../../LUFA/Drivers/USB/Core/AVR8/Endpoint_AVR8.o
                                0x3d3 (size before relaxing)
 .debug_str     0x00001159       0x2d ../../LUFA/Drivers/USB/Core/AVR8/Host_AVR8.o
                                 0xfb (size before relaxing)
 .debug_str     0x00001186       0x33 ../../LUFA/Drivers/USB/Core/AVR8/PipeStream_AVR8.o
                                0x101 (size before relaxing)
 .debug_str     0x000011b9       0x2d ../../LUFA/Drivers/USB/Core/AVR8/Pipe_AVR8.o
                                 0xfb (size before relaxing)
 .debug_str     0x000011e6      0x24d ../../LUFA/Drivers/USB/Core/AVR8/USBController_AVR8.o
                                0x44d (size before relaxing)
 .debug_str     0x00001433       0xe9 ../../LUFA/Drivers/USB/Core/AVR8/USBInterrupt_AVR8.o
                                0x3bf (size before relaxing)
 .debug_str     0x0000151c      0x231 ../../LUFA/Drivers/USB/Core/ConfigDescriptors.o
                                0x33b (size before relaxing)
 .debug_str     0x0000174d      0x3a9 ../../LUFA/Drivers/USB/Core/DeviceStandardReq.o
                                0x7e1 (size before relaxing)
 .debug_str     0x00001af6       0x34 ../../LUFA/Drivers/USB/Core/Events.o
                                0x102 (size before relaxing)
 .debug_str     0x00001b2a       0x2e ../../LUFA/Drivers/USB/Core/HostStandardReq.o
                                 0xfc (size before relaxing)
 .debug_str     0x00001b58       0x6a ../../LUFA/Drivers/USB/Core/USBTask.o
                                0x28b (size before relaxing)
 .debug_str     0x00001bc2      0x27f ../../LUFA/Drivers/USB/Class/Device/AudioClassDevice.o
                                0x529 (size before relaxing)
 .debug_str     0x00001e41      0x571 ../../LUFA/Drivers/USB/Class/Device/CDCClassDevice.o
                                0x8dd (size before relaxing)
 .debug_str     0x000023b2      0x207 ../../LUFA/Drivers/USB/Class/Device/HIDClassDevice.o
                                0x558 (size before relaxing)
 .debug_str     0x000025b9      0x2a3 ../../LUFA/Drivers/USB/Class/Device/MassStorageClassDevice.o
                                0x6b9 (size before relaxing)
 .debug_str     0x0000285c      0x118 ../../LUFA/Drivers/USB/Class/Device/MIDIClassDevice.o
                                0x540 (size before relaxing)
 .debug_str     0x00002974      0x6e8 ../../LUFA/Drivers/USB/Class/Device/RNDISClassDevice.o
                                0xbf1 (size before relaxing)
 .debug_str     0x0000305c       0x3e ../../LUFA/Drivers/USB/Class/Host/AndroidAccessoryClassHost.o
                                0x10c (size before relaxing)
 .debug_str     0x0000309a       0x33 ../../LUFA/Drivers/USB/Class/Host/AudioClassHost.o
                                0x101 (size before relaxing)
 .debug_str     0x000030cd       0x31 ../../LUFA/Drivers/USB/Class/Host/CDCClassHost.o
                                 0xff (size before relaxing)
 .debug_str     0x000030fe       0x31 ../../LUFA/Drivers/USB/Class/Host/HIDClassHost.o
                                 0xff (size before relaxing)
 .debug_str     0x0000312f       0x39 ../../LUFA/Drivers/USB/Class/Host/MassStorageClassHost.o
                                0x107 (size before relaxing)
 .debug_str     0x00003168       0x32 ../../LUFA/Drivers/USB/Class/Host/MIDIClassHost.o
                                0x100 (size before relaxing)
 .debug_str     0x0000319a       0x35 ../../LUFA/Drivers/USB/Class/Host/PrinterClassHost.o
                                0x103 (size before relaxing)
 .debug_str     0x000031cf       0x33 ../../LUFA/Drivers/USB/Class/Host/RNDISClassHost.o
                                0x101 (size before relaxing)
 .debug_str     0x00003202       0x38 ../../LUFA/Drivers/USB/Class/Host/StillImageClassHost.o
                                0x106 (size before relaxing)

.debug_loc      0x00000000     0x2c87
 *(.debug_loc)
 .debug_loc     0x00000000       0x28 RelayBoard.o
 .debug_loc     0x00000028       0xd2 Descriptors.o
 .debug_loc     0x000000fa      0x8de ../../LUFA/Drivers/USB/Class/Common/HIDParser.o
 .debug_loc     0x000009d8      0xa71 ../../LUFA/Drivers/USB/Core/AVR8/EndpointStream_AVR8.o
 .debug_loc     0x00001449      0x184 ../../LUFA/Drivers/USB/Core/AVR8/Endpoint_AVR8.o
 .debug_loc     0x000015cd      0x1a4 ../../LUFA/Drivers/USB/Core/AVR8/USBInterrupt_AVR8.o
 .debug_loc     0x00001771      0x2bc ../../LUFA/Drivers/USB/Core/ConfigDescriptors.o
 .debug_loc     0x00001a2d      0x1bd ../../LUFA/Drivers/USB/Core/DeviceStandardReq.o
 .debug_loc     0x00001bea      0x16d ../../LUFA/Drivers/USB/Class/Device/AudioClassDevice.o
 .debug_loc     0x00001d57      0x46f ../../LUFA/Drivers/USB/Class/Device/CDCClassDevice.o
 .debug_loc     0x000021c6      0x20d ../../LUFA/Drivers/USB/Class/Device/HIDClassDevice.o
 .debug_loc     0x000023d3       0xc2 ../../LUFA/Drivers/USB/Class/Device/MassStorageClassDevice.o
 .debug_loc     0x00002495      0x11e ../../LUFA/Drivers/USB/Class/Device/MIDIClassDevice.o
 .debug_loc     0x000025b3      0x6d4 ../../LUFA/Drivers/USB/Class/Device/RNDISClassDevice.o

.debug_macinfo
 *(.debug_macinfo)
OUTPUT(RelayBoard.elf elf32-avr)
LOAD linker stubs

.debug_pubtypes
                0x00000000      0xf09
 .debug_pubtypes
                0x00000000       0x54 RelayBoard.o
 .debug_pubtypes
                0x00000054      0x13c Descriptors.o
 .debug_pubtypes
                0x00000190      0x145 ../../LUFA/Drivers/USB/Class/Common/HIDParser.o
 .debug_pubtypes
                0x000002d5       0x1e ../../LUFA/Drivers/USB/Core/AVR8/Device_AVR8.o
 .debug_pubtypes
                0x000002f3       0x87 ../../LUFA/Drivers/USB/Core/AVR8/EndpointStream_AVR8.o
 .debug_pubtypes
                0x0000037a       0x75 ../../LUFA/Drivers/USB/Core/AVR8/Endpoint_AVR8.o
 .debug_pubtypes
                0x000003ef       0x12 ../../LUFA/Drivers/USB/Core/AVR8/Host_AVR8.o
 .debug_pubtypes
                0x00000401       0x12 ../../LUFA/Drivers/USB/Core/AVR8/PipeStream_AVR8.o
 .debug_pubtypes
                0x00000413       0x12 ../../LUFA/Drivers/USB/Core/AVR8/Pipe_AVR8.o
 .debug_pubtypes
                0x00000425       0x68 ../../LUFA/Drivers/USB/Core/AVR8/USBController_AVR8.o
 .debug_pubtypes
                0x0000048d       0x58 ../../LUFA/Drivers/USB/Core/AVR8/USBInterrupt_AVR8.o
 .debug_pubtypes
                0x000004e5       0xb4 ../../LUFA/Drivers/USB/Core/ConfigDescriptors.o
 .debug_pubtypes
                0x00000599       0xd7 ../../LUFA/Drivers/USB/Core/DeviceStandardReq.o
 .debug_pubtypes
                0x00000670       0x12 ../../LUFA/Drivers/USB/Core/Events.o
 .debug_pubtypes
                0x00000682       0x12 ../../LUFA/Drivers/USB/Core/HostStandardReq.o
 .debug_pubtypes
                0x00000694       0x5c ../../LUFA/Drivers/USB/Core/USBTask.o
 .debug_pubtypes
                0x000006f0       0xb2 ../../LUFA/Drivers/USB/Class/Device/AudioClassDevice.o
 .debug_pubtypes
                0x000007a2      0x151 ../../LUFA/Drivers/USB/Class/Device/CDCClassDevice.o
 .debug_pubtypes
                0x000008f3       0xc6 ../../LUFA/Drivers/USB/Class/Device/HIDClassDevice.o
 .debug_pubtypes
                0x000009b9      0x132 ../../LUFA/Drivers/USB/Class/Device/MassStorageClassDevice.o
 .debug_pubtypes
                0x00000aeb       0xe0 ../../LUFA/Drivers/USB/Class/Device/MIDIClassDevice.o
 .debug_pubtypes
                0x00000bcb      0x29c ../../LUFA/Drivers/USB/Class/Device/RNDISClassDevice.o
 .debug_pubtypes
                0x00000e67       0x12 ../../LUFA/Drivers/USB/Class/Host/AndroidAccessoryClassHost.o
 .debug_pubtypes
                0x00000e79       0x12 ../../LUFA/Drivers/USB/Class/Host/AudioClassHost.o
 .debug_pubtypes
                0x00000e8b       0x12 ../../LUFA/Drivers/USB/Class/Host/CDCClassHost.o
 .debug_pubtypes
                0x00000e9d       0x12 ../../LUFA/Drivers/USB/Class/Host/HIDClassHost.o
 .debug_pubtypes
                0x00000eaf       0x12 ../../LUFA/Drivers/USB/Class/Host/MassStorageClassHost.o
 .debug_pubtypes
                0x00000ec1       0x12 ../../LUFA/Drivers/USB/Class/Host/MIDIClassHost.o
 .debug_pubtypes
                0x00000ed3       0x12 ../../LUFA/Drivers/USB/Class/Host/PrinterClassHost.o
 .debug_pubtypes
                0x00000ee5       0x12 ../../LUFA/Drivers/USB/Class/Host/RNDISClassHost.o
 .debug_pubtypes
                0x00000ef7       0x12 ../../LUFA/Drivers/USB/Class/Host/StillImageClassHost.o

.debug_ranges   0x00000000      0x630
 .debug_ranges  0x00000000       0x20 RelayBoard.o
 .debug_ranges  0x00000020       0x10 Descriptors.o
 .debug_ranges  0x00000030      0x100 ../../LUFA/Drivers/USB/Class/Common/HIDParser.o
 .debug_ranges  0x00000130       0x10 ../../LUFA/Drivers/USB/Core/AVR8/Device_AVR8.o
 .debug_ranges  0x00000140      0x238 ../../LUFA/Drivers/USB/Core/AVR8/EndpointStream_AVR8.o
 .debug_ranges  0x00000378       0x58 ../../LUFA/Drivers/USB/Core/AVR8/Endpoint_AVR8.o
 .debug_ranges  0x000003d0       0x20 ../../LUFA/Drivers/USB/Core/AVR8/USBController_AVR8.o
 .debug_ranges  0x000003f0       0x20 ../../LUFA/Drivers/USB/Core/AVR8/USBInterrupt_AVR8.o
 .debug_ranges  0x00000410       0x28 ../../LUFA/Drivers/USB/Core/ConfigDescriptors.o
 .debug_ranges  0x00000438       0x40 ../../LUFA/Drivers/USB/Core/DeviceStandardReq.o
 .debug_ranges  0x00000478       0x10 ../../LUFA/Drivers/USB/Core/Events.o
 .debug_ranges  0x00000488       0x10 ../../LUFA/Drivers/USB/Core/USBTask.o
 .debug_ranges  0x00000498       0x20 ../../LUFA/Drivers/USB/Class/Device/AudioClassDevice.o
 .debug_ranges  0x000004b8       0x88 ../../LUFA/Drivers/USB/Class/Device/CDCClassDevice.o
 .debug_ranges  0x00000540       0x20 ../../LUFA/Drivers/USB/Class/Device/HIDClassDevice.o
 .debug_ranges  0x00000560       0x20 ../../LUFA/Drivers/USB/Class/Device/MassStorageClassDevice.o
 .debug_ranges  0x00000580       0x30 ../../LUFA/Drivers/USB/Class/Device/MIDIClassDevice.o
 .debug_ranges  0x000005b0       0x80 ../../LUFA/Drivers/USB/Class/Device/RNDISClassDevice.o

Cross Reference Table

Symbol                                            File
Audio_Device_ConfigureEndpoints                   ../../LUFA/Drivers/USB/Class/Device/AudioClassDevice.o
Audio_Device_Event_Stub                           ../../LUFA/Drivers/USB/Class/Device/AudioClassDevice.o
Audio_Device_ProcessControlRequest                ../../LUFA/Drivers/USB/Class/Device/AudioClassDevice.o
CALLBACK_Audio_Device_GetSetEndpointProperty      ../../LUFA/Drivers/USB/Class/Device/AudioClassDevice.o
CALLBACK_Audio_Device_GetSetInterfaceProperty     ../../LUFA/Drivers/USB/Class/Device/AudioClassDevice.o
CALLBACK_HIDParser_FilterHIDReportItem            ../../LUFA/Drivers/USB/Class/Common/HIDParser.o
CALLBACK_HID_Device_CreateHIDReport               ../../LUFA/Drivers/USB/Class/Device/HIDClassDevice.o
CALLBACK_HID_Device_ProcessHIDReport              ../../LUFA/Drivers/USB/Class/Device/HIDClassDevice.o
CALLBACK_MS_Device_SCSICommandReceived            ../../LUFA/Drivers/USB/Class/Device/MassStorageClassDevice.o
CALLBACK_USB_GetDescriptor                        Descriptors.o
                                                  ../../LUFA/Drivers/USB/Core/DeviceStandardReq.o
CDC_Device_BytesReceived                          ../../LUFA/Drivers/USB/Class/Device/CDCClassDevice.o
CDC_Device_ConfigureEndpoints                     ../../LUFA/Drivers/USB/Class/Device/CDCClassDevice.o
CDC_Device_CreateBlockingStream                   ../../LUFA/Drivers/USB/Class/Device/CDCClassDevice.o
CDC_Device_CreateStream                           ../../LUFA/Drivers/USB/Class/Device/CDCClassDevice.o
CDC_Device_Event_Stub                             ../../LUFA/Drivers/USB/Class/Device/CDCClassDevice.o
CDC_Device_Flush                                  ../../LUFA/Drivers/USB/Class/Device/CDCClassDevice.o
CDC_Device_ProcessControlRequest                  ../../LUFA/Drivers/USB/Class/Device/CDCClassDevice.o
CDC_Device_ReceiveByte                            ../../LUFA/Drivers/USB/Class/Device/CDCClassDevice.o
CDC_Device_SendByte                               ../../LUFA/Drivers/USB/Class/Device/CDCClassDevice.o
CDC_Device_SendControlLineStateChange             ../../LUFA/Drivers/USB/Class/Device/CDCClassDevice.o
CDC_Device_SendData                               ../../LUFA/Drivers/USB/Class/Device/CDCClassDevice.o
CDC_Device_SendString                             ../../LUFA/Drivers/USB/Class/Device/CDCClassDevice.o
CDC_Device_USBTask                                ../../LUFA/Drivers/USB/Class/Device/CDCClassDevice.o
EVENT_Audio_Device_StreamStartStop                ../../LUFA/Drivers/USB/Class/Device/AudioClassDevice.o
EVENT_CDC_Device_BreakSent                        ../../LUFA/Drivers/USB/Class/Device/CDCClassDevice.o
EVENT_CDC_Device_ControLineStateChanged           ../../LUFA/Drivers/USB/Class/Device/CDCClassDevice.o
EVENT_CDC_Device_LineEncodingChanged              ../../LUFA/Drivers/USB/Class/Device/CDCClassDevice.o
EVENT_USB_Device_ConfigurationChanged             ../../LUFA/Drivers/USB/Core/Events.o
                                                  ../../LUFA/Drivers/USB/Core/DeviceStandardReq.o
EVENT_USB_Device_Connect                          ../../LUFA/Drivers/USB/Core/Events.o
                                                  ../../LUFA/Drivers/USB/Core/AVR8/USBInterrupt_AVR8.o
EVENT_USB_Device_ControlRequest                   RelayBoard.o
                                                  ../../LUFA/Drivers/USB/Core/DeviceStandardReq.o
EVENT_USB_Device_Disconnect                       ../../LUFA/Drivers/USB/Core/Events.o
                                                  ../../LUFA/Drivers/USB/Core/AVR8/USBInterrupt_AVR8.o
EVENT_USB_Device_Reset                            ../../LUFA/Drivers/USB/Core/Events.o
                                                  ../../LUFA/Drivers/USB/Core/AVR8/USBInterrupt_AVR8.o
EVENT_USB_Device_StartOfFrame                     ../../LUFA/Drivers/USB/Core/Events.o
                                                  ../../LUFA/Drivers/USB/Core/AVR8/USBInterrupt_AVR8.o
EVENT_USB_Device_Suspend                          ../../LUFA/Drivers/USB/Core/Events.o
                                                  ../../LUFA/Drivers/USB/Core/AVR8/USBInterrupt_AVR8.o
EVENT_USB_Device_WakeUp                           ../../LUFA/Drivers/USB/Core/Events.o
                                                  ../../LUFA/Drivers/USB/Core/AVR8/USBInterrupt_AVR8.o
Endpoint_ClearEndpoints                           ../../LUFA/Drivers/USB/Core/AVR8/Endpoint_AVR8.o
Endpoint_ClearStatusStage                         ../../LUFA/Drivers/USB/Core/AVR8/Endpoint_AVR8.o
                                                  ../../LUFA/Drivers/USB/Class/Device/MassStorageClassDevice.o
                                                  ../../LUFA/Drivers/USB/Class/Device/HIDClassDevice.o
                                                  ../../LUFA/Drivers/USB/Class/Device/CDCClassDevice.o
                                                  ../../LUFA/Drivers/USB/Class/Device/AudioClassDevice.o
                                                  ../../LUFA/Drivers/USB/Core/DeviceStandardReq.o
Endpoint_ConfigureEndpointTable                   ../../LUFA/Drivers/USB/Core/AVR8/Endpoint_AVR8.o
                                                  ../../LUFA/Drivers/USB/Class/Device/RNDISClassDevice.o
                                                  ../../LUFA/Drivers/USB/Class/Device/MIDIClassDevice.o
                                                  ../../LUFA/Drivers/USB/Class/Device/MassStorageClassDevice.o
                                                  ../../LUFA/Drivers/USB/Class/Device/HIDClassDevice.o
                                                  ../../LUFA/Drivers/USB/Class/Device/CDCClassDevice.o
                                                  ../../LUFA/Drivers/USB/Class/Device/AudioClassDevice.o
Endpoint_ConfigureEndpoint_Prv                    ../../LUFA/Drivers/USB/Core/AVR8/Endpoint_AVR8.o
                                                  ../../LUFA/Drivers/USB/Core/AVR8/USBInterrupt_AVR8.o
                                                  ../../LUFA/Drivers/USB/Core/AVR8/USBController_AVR8.o
Endpoint_Read_Control_EStream_BE                  ../../LUFA/Drivers/USB/Core/AVR8/EndpointStream_AVR8.o
Endpoint_Read_Control_EStream_LE                  ../../LUFA/Drivers/USB/Core/AVR8/EndpointStream_AVR8.o
Endpoint_Read_Control_Stream_BE                   ../../LUFA/Drivers/USB/Core/AVR8/EndpointStream_AVR8.o
Endpoint_Read_Control_Stream_LE                   ../../LUFA/Drivers/USB/Core/AVR8/EndpointStream_AVR8.o
                                                  ../../LUFA/Drivers/USB/Class/Device/RNDISClassDevice.o
                                                  ../../LUFA/Drivers/USB/Class/Device/HIDClassDevice.o
                                                  ../../LUFA/Drivers/USB/Class/Device/AudioClassDevice.o
                                                  RelayBoard.o
Endpoint_Read_Stream_LE                           ../../LUFA/Drivers/USB/Class/Device/RNDISClassDevice.o
                                                  ../../LUFA/Drivers/USB/Class/Device/MIDIClassDevice.o
                                                  ../../LUFA/Drivers/USB/Class/Device/MassStorageClassDevice.o
Endpoint_WaitUntilReady                           ../../LUFA/Drivers/USB/Class/Device/RNDISClassDevice.o
                                                  ../../LUFA/Drivers/USB/Class/Device/MIDIClassDevice.o
                                                  ../../LUFA/Drivers/USB/Class/Device/CDCClassDevice.o
Endpoint_Write_Control_EStream_BE                 ../../LUFA/Drivers/USB/Core/AVR8/EndpointStream_AVR8.o
Endpoint_Write_Control_EStream_LE                 ../../LUFA/Drivers/USB/Core/AVR8/EndpointStream_AVR8.o
Endpoint_Write_Control_PStream_BE                 ../../LUFA/Drivers/USB/Core/AVR8/EndpointStream_AVR8.o
Endpoint_Write_Control_PStream_LE                 ../../LUFA/Drivers/USB/Core/AVR8/EndpointStream_AVR8.o
                                                  ../../LUFA/Drivers/USB/Core/DeviceStandardReq.o
Endpoint_Write_Control_Stream_BE                  ../../LUFA/Drivers/USB/Core/AVR8/EndpointStream_AVR8.o
Endpoint_Write_Control_Stream_LE                  ../../LUFA/Drivers/USB/Core/AVR8/EndpointStream_AVR8.o
                                                  ../../LUFA/Drivers/USB/Class/Device/RNDISClassDevice.o
                                                  ../../LUFA/Drivers/USB/Class/Device/HIDClassDevice.o
                                                  ../../LUFA/Drivers/USB/Class/Device/AudioClassDevice.o
                                                  ../../LUFA/Drivers/USB/Core/DeviceStandardReq.o
                                                  RelayBoard.o
Endpoint_Write_Stream_LE                          ../../LUFA/Drivers/USB/Class/Device/RNDISClassDevice.o
                                                  ../../LUFA/Drivers/USB/Class/Device/MIDIClassDevice.o
                                                  ../../LUFA/Drivers/USB/Class/Device/MassStorageClassDevice.o
                                                  ../../LUFA/Drivers/USB/Class/Device/HIDClassDevice.o
                                                  ../../LUFA/Drivers/USB/Class/Device/CDCClassDevice.o
HID_Device_ConfigureEndpoints                     ../../LUFA/Drivers/USB/Class/Device/HIDClassDevice.o
HID_Device_ProcessControlRequest                  ../../LUFA/Drivers/USB/Class/Device/HIDClassDevice.o
HID_Device_USBTask                                ../../LUFA/Drivers/USB/Class/Device/HIDClassDevice.o
MIDI_Device_ConfigureEndpoints                    ../../LUFA/Drivers/USB/Class/Device/MIDIClassDevice.o
MIDI_Device_Flush                                 ../../LUFA/Drivers/USB/Class/Device/MIDIClassDevice.o
MIDI_Device_ReceiveEventPacket                    ../../LUFA/Drivers/USB/Class/Device/MIDIClassDevice.o
MIDI_Device_SendEventPacket                       ../../LUFA/Drivers/USB/Class/Device/MIDIClassDevice.o
MIDI_Device_USBTask                               ../../LUFA/Drivers/USB/Class/Device/MIDIClassDevice.o
MS_Device_ConfigureEndpoints                      ../../LUFA/Drivers/USB/Class/Device/MassStorageClassDevice.o
MS_Device_ProcessControlRequest                   ../../LUFA/Drivers/USB/Class/Device/MassStorageClassDevice.o
MS_Device_USBTask                                 ../../LUFA/Drivers/USB/Class/Device/MassStorageClassDevice.o
RNDIS_Device_ConfigureEndpoints                   ../../LUFA/Drivers/USB/Class/Device/RNDISClassDevice.o
RNDIS_Device_IsPacketReceived                     ../../LUFA/Drivers/USB/Class/Device/RNDISClassDevice.o
RNDIS_Device_ProcessControlRequest                ../../LUFA/Drivers/USB/Class/Device/RNDISClassDevice.o
RNDIS_Device_ReadPacket                           ../../LUFA/Drivers/USB/Class/Device/RNDISClassDevice.o
RNDIS_Device_SendPacket                           ../../LUFA/Drivers/USB/Class/Device/RNDISClassDevice.o
RNDIS_Device_USBTask                              ../../LUFA/Drivers/USB/Class/Device/RNDISClassDevice.o
RelayBoard_ConfigurationDescriptor                Descriptors.o
RelayBoard_DeviceDescriptor                       Descriptors.o
RelayBoard_LanguageString                         Descriptors.o
RelayBoard_ManufacturerString                     Descriptors.o
RelayBoard_ProductString                          Descriptors.o
RelayBoard_SerialString                           Descriptors.o
SetupHardware                                     RelayBoard.o
USB_ControlRequest                                ../../LUFA/Drivers/USB/Class/Device/RNDISClassDevice.o
                                                  ../../LUFA/Drivers/USB/Class/Device/MassStorageClassDevice.o
                                                  ../../LUFA/Drivers/USB/Class/Device/HIDClassDevice.o
                                                  ../../LUFA/Drivers/USB/Class/Device/CDCClassDevice.o
                                                  ../../LUFA/Drivers/USB/Class/Device/AudioClassDevice.o
                                                  ../../LUFA/Drivers/USB/Core/USBTask.o
                                                  ../../LUFA/Drivers/USB/Core/DeviceStandardReq.o
                                                  ../../LUFA/Drivers/USB/Core/AVR8/Endpoint_AVR8.o
                                                  ../../LUFA/Drivers/USB/Core/AVR8/EndpointStream_AVR8.o
                                                  RelayBoard.o
USB_Device_ConfigurationNumber                    ../../LUFA/Drivers/USB/Core/DeviceStandardReq.o
                                                  ../../LUFA/Drivers/USB/Core/AVR8/USBInterrupt_AVR8.o
                                                  ../../LUFA/Drivers/USB/Core/AVR8/USBController_AVR8.o
USB_Device_CurrentlySelfPowered                   ../../LUFA/Drivers/USB/Core/DeviceStandardReq.o
                                                  ../../LUFA/Drivers/USB/Core/AVR8/USBController_AVR8.o
USB_Device_ProcessControlRequest                  ../../LUFA/Drivers/USB/Core/DeviceStandardReq.o
                                                  ../../LUFA/Drivers/USB/Core/USBTask.o
USB_Device_RemoteWakeupEnabled                    ../../LUFA/Drivers/USB/Core/DeviceStandardReq.o
                                                  ../../LUFA/Drivers/USB/Core/AVR8/USBController_AVR8.o
USB_Device_SendRemoteWakeup                       ../../LUFA/Drivers/USB/Core/AVR8/Device_AVR8.o
USB_Disable                                       ../../LUFA/Drivers/USB/Core/AVR8/USBController_AVR8.o
USB_Event_Stub                                    ../../LUFA/Drivers/USB/Core/Events.o
USB_GetHIDReportItemInfo                          ../../LUFA/Drivers/USB/Class/Common/HIDParser.o
USB_GetHIDReportSize                              ../../LUFA/Drivers/USB/Class/Common/HIDParser.o
USB_GetNextDescriptorComp                         ../../LUFA/Drivers/USB/Core/ConfigDescriptors.o
USB_GetNextDescriptorOfType                       ../../LUFA/Drivers/USB/Core/ConfigDescriptors.o
USB_GetNextDescriptorOfTypeAfter                  ../../LUFA/Drivers/USB/Core/ConfigDescriptors.o
USB_GetNextDescriptorOfTypeBefore                 ../../LUFA/Drivers/USB/Core/ConfigDescriptors.o
USB_INT_ClearAllInterrupts                        ../../LUFA/Drivers/USB/Core/AVR8/USBInterrupt_AVR8.o
                                                  ../../LUFA/Drivers/USB/Core/AVR8/USBController_AVR8.o
USB_INT_DisableAllInterrupts                      ../../LUFA/Drivers/USB/Core/AVR8/USBInterrupt_AVR8.o
                                                  ../../LUFA/Drivers/USB/Core/AVR8/USBController_AVR8.o
USB_Init                                          ../../LUFA/Drivers/USB/Core/AVR8/USBController_AVR8.o
                                                  RelayBoard.o
USB_IsInitialized                                 ../../LUFA/Drivers/USB/Core/USBTask.o
                                                  ../../LUFA/Drivers/USB/Core/AVR8/USBController_AVR8.o
USB_ProcessHIDReport                              ../../LUFA/Drivers/USB/Class/Common/HIDParser.o
USB_ResetInterface                                ../../LUFA/Drivers/USB/Core/AVR8/USBController_AVR8.o
USB_SetHIDReportItemInfo                          ../../LUFA/Drivers/USB/Class/Common/HIDParser.o
USB_USBTask                                       ../../LUFA/Drivers/USB/Core/USBTask.o
                                                  ../../LUFA/Drivers/USB/Class/Device/MassStorageClassDevice.o
                                                  ../../LUFA/Drivers/USB/Class/Device/CDCClassDevice.o
                                                  RelayBoard.o
__bad_interrupt                                   /usr/lib/gcc/avr/4.5.3/../../../avr/lib/avr51/crtusb1286.o
__bss_end                                         /usr/lib/gcc/avr/4.5.3/avr51/libgcc.a(_clear_bss.o)
__bss_start                                       /usr/lib/gcc/avr/4.5.3/avr51/libgcc.a(_clear_bss.o)
__data_end                                        /usr/lib/gcc/avr/4.5.3/avr51/libgcc.a(_copy_data.o)
__data_load_start                                 /usr/lib/gcc/avr/4.5.3/avr51/libgcc.a(_copy_data.o)
__data_start                                      /usr/lib/gcc/avr/4.5.3/avr51/libgcc.a(_copy_data.o)
__do_clear_bss                                    /usr/lib/gcc/avr/4.5.3/avr51/libgcc.a(_clear_bss.o)
                                                  ../../LUFA/Drivers/USB/Core/USBTask.o
                                                  ../../LUFA/Drivers/USB/Core/DeviceStandardReq.o
__do_copy_data                                    /usr/lib/gcc/avr/4.5.3/avr51/libgcc.a(_copy_data.o)
                                                  ../../LUFA/Drivers/USB/Class/Device/RNDISClassDevice.o
                                                  ../../LUFA/Drivers/USB/Class/Device/CDCClassDevice.o
__eerd_byte_usb1287                               /usr/lib/gcc/avr/4.5.3/../../../avr/lib/avr51/libc.a(eerd_byte_at90usb1287.o)
                                                  ../../LUFA/Drivers/USB/Core/AVR8/EndpointStream_AVR8.o
__eeupd_byte_usb1287                              /usr/lib/gcc/avr/4.5.3/../../../avr/lib/avr51/libc.a(eeupd_byte_at90usb1287.o)
                                                  ../../LUFA/Drivers/USB/Core/AVR8/EndpointStream_AVR8.o
__eeupd_r18_usb1287                               /usr/lib/gcc/avr/4.5.3/../../../avr/lib/avr51/libc.a(eeupd_byte_at90usb1287.o)
__heap_end                                        /usr/lib/gcc/avr/4.5.3/../../../avr/lib/avr51/crtusb1286.o
__init                                            /usr/lib/gcc/avr/4.5.3/../../../avr/lib/avr51/crtusb1286.o
__stack                                           /usr/lib/gcc/avr/4.5.3/../../../avr/lib/avr51/crtusb1286.o
__vector_1                                        /usr/lib/gcc/avr/4.5.3/../../../avr/lib/avr51/crtusb1286.o
__vector_10                                       ../../LUFA/Drivers/USB/Core/AVR8/USBInterrupt_AVR8.o
                                                  /usr/lib/gcc/avr/4.5.3/../../../avr/lib/avr51/crtusb1286.o
__vector_11                                       /usr/lib/gcc/avr/4.5.3/../../../avr/lib/avr51/crtusb1286.o
__vector_12                                       /usr/lib/gcc/avr/4.5.3/../../../avr/lib/avr51/crtusb1286.o
__vector_13                                       /usr/lib/gcc/avr/4.5.3/../../../avr/lib/avr51/crtusb1286.o
__vector_14                                       /usr/lib/gcc/avr/4.5.3/../../../avr/lib/avr51/crtusb1286.o
__vector_15                                       /usr/lib/gcc/avr/4.5.3/../../../avr/lib/avr51/crtusb1286.o
__vector_16                                       /usr/lib/gcc/avr/4.5.3/../../../avr/lib/avr51/crtusb1286.o
__vector_17                                       /usr/lib/gcc/avr/4.5.3/../../../avr/lib/avr51/crtusb1286.o
__vector_18                                       /usr/lib/gcc/avr/4.5.3/../../../avr/lib/avr51/crtusb1286.o
__vector_19                                       /usr/lib/gcc/avr/4.5.3/../../../avr/lib/avr51/crtusb1286.o
__vector_2                                        /usr/lib/gcc/avr/4.5.3/../../../avr/lib/avr51/crtusb1286.o
__vector_20                                       /usr/lib/gcc/avr/4.5.3/../../../avr/lib/avr51/crtusb1286.o
__vector_21                                       /usr/lib/gcc/avr/4.5.3/../../../avr/lib/avr51/crtusb1286.o
__vector_22                                       /usr/lib/gcc/avr/4.5.3/../../../avr/lib/avr51/crtusb1286.o
__vector_23                                       /usr/lib/gcc/avr/4.5.3/../../../avr/lib/avr51/crtusb1286.o
__vector_24                                       /usr/lib/gcc/avr/4.5.3/../../../avr/lib/avr51/crtusb1286.o
__vector_25                                       /usr/lib/gcc/avr/4.5.3/../../../avr/lib/avr51/crtusb1286.o
__vector_26                                       /usr/lib/gcc/avr/4.5.3/../../../avr/lib/avr51/crtusb1286.o
__vector_27                                       /usr/lib/gcc/avr/4.5.3/../../../avr/lib/avr51/crtusb1286.o
__vector_28                                       /usr/lib/gcc/avr/4.5.3/../../../avr/lib/avr51/crtusb1286.o
__vector_29                                       /usr/lib/gcc/avr/4.5.3/../../../avr/lib/avr51/crtusb1286.o
__vector_3                                        /usr/lib/gcc/avr/4.5.3/../../../avr/lib/avr51/crtusb1286.o
__vector_30                                       /usr/lib/gcc/avr/4.5.3/../../../avr/lib/avr51/crtusb1286.o
__vector_31                                       /usr/lib/gcc/avr/4.5.3/../../../avr/lib/avr51/crtusb1286.o
__vector_32                                       /usr/lib/gcc/avr/4.5.3/../../../avr/lib/avr51/crtusb1286.o
__vector_33                                       /usr/lib/gcc/avr/4.5.3/../../../avr/lib/avr51/crtusb1286.o
__vector_34                                       /usr/lib/gcc/avr/4.5.3/../../../avr/lib/avr51/crtusb1286.o
__vector_35                                       /usr/lib/gcc/avr/4.5.3/../../../avr/lib/avr51/crtusb1286.o
__vector_36                                       /usr/lib/gcc/avr/4.5.3/../../../avr/lib/avr51/crtusb1286.o
__vector_37                                       /usr/lib/gcc/avr/4.5.3/../../../avr/lib/avr51/crtusb1286.o
__vector_4                                        /usr/lib/gcc/avr/4.5.3/../../../avr/lib/avr51/crtusb1286.o
__vector_5                                        /usr/lib/gcc/avr/4.5.3/../../../avr/lib/avr51/crtusb1286.o
__vector_6                                        /usr/lib/gcc/avr/4.5.3/../../../avr/lib/avr51/crtusb1286.o
__vector_7                                        /usr/lib/gcc/avr/4.5.3/../../../avr/lib/avr51/crtusb1286.o
__vector_8                                        /usr/lib/gcc/avr/4.5.3/../../../avr/lib/avr51/crtusb1286.o
__vector_9                                        /usr/lib/gcc/avr/4.5.3/../../../avr/lib/avr51/crtusb1286.o
__vector_default                                  /usr/lib/gcc/avr/4.5.3/../../../avr/lib/avr51/crtusb1286.o
__vectors                                         /usr/lib/gcc/avr/4.5.3/../../../avr/lib/avr51/crtusb1286.o
_exit                                             /usr/lib/gcc/avr/4.5.3/avr51/libgcc.a(_exit.o)
exit                                              /usr/lib/gcc/avr/4.5.3/avr51/libgcc.a(_exit.o)
                                                  /usr/lib/gcc/avr/4.5.3/../../../avr/lib/avr51/crtusb1286.o
main                                              RelayBoard.o
                                                  /usr/lib/gcc/avr/4.5.3/../../../avr/lib/avr51/crtusb1286.o
memcmp                                            /usr/lib/gcc/avr/4.5.3/../../../avr/lib/avr51/libc.a(memcmp.o)
                                                  ../../LUFA/Drivers/USB/Class/Device/HIDClassDevice.o
memcpy                                            /usr/lib/gcc/avr/4.5.3/../../../avr/lib/avr51/libc.a(memcpy.o)
                                                  ../../LUFA/Drivers/USB/Class/Device/RNDISClassDevice.o
                                                  ../../LUFA/Drivers/USB/Class/Device/HIDClassDevice.o
memcpy_P                                          /usr/lib/gcc/avr/4.5.3/../../../avr/lib/avr51/libc.a(memcpy_P.o)
                                                  ../../LUFA/Drivers/USB/Class/Device/RNDISClassDevice.o
memset                                            /usr/lib/gcc/avr/4.5.3/../../../avr/lib/avr51/libc.a(memset.o)
                                                  ../../LUFA/Drivers/USB/Class/Device/HIDClassDevice.o
