Archive member included because of file (symbol)

/usr/lib/gcc/avr/4.5.3/avr51/libgcc.a(_mulsi3.o)
                              Lib/FATFs/ff.o (__mulsi3)
/usr/lib/gcc/avr/4.5.3/avr51/libgcc.a(_udivmodsi4.o)
                              Lib/FATFs/ff.o (__udivmodsi4)
/usr/lib/gcc/avr/4.5.3/avr51/libgcc.a(_exit.o)
                              /usr/lib/gcc/avr/4.5.3/../../../avr/lib/avr51/crtusb1286.o (exit)
/usr/lib/gcc/avr/4.5.3/avr51/libgcc.a(_copy_data.o)
                              USBDeviceMode.o (__do_copy_data)
/usr/lib/gcc/avr/4.5.3/avr51/libgcc.a(_clear_bss.o)
                              Lib/uIPManagement.o (__do_clear_bss)
/usr/lib/gcc/avr/4.5.3/../../../avr/lib/avr51/libc.a(memcpy_P.o)
                              ../../LUFA/Drivers/USB/Class/Device/RNDISClassDevice.o (memcpy_P)
/usr/lib/gcc/avr/4.5.3/../../../avr/lib/avr51/libc.a(strcat_P.o)
                              Lib/HTTPServerApp.o (strcat_P)
/usr/lib/gcc/avr/4.5.3/../../../avr/lib/avr51/libc.a(strcmp_P.o)
                              Lib/HTTPServerApp.o (strcmp_P)
/usr/lib/gcc/avr/4.5.3/../../../avr/lib/avr51/libc.a(strcpy_P.o)
                              Lib/HTTPServerApp.o (strcpy_P)
/usr/lib/gcc/avr/4.5.3/../../../avr/lib/avr51/libc.a(strlcpy_P.o)
                              Lib/HTTPServerApp.o (strlcpy_P)
/usr/lib/gcc/avr/4.5.3/../../../avr/lib/avr51/libc.a(strtok.o)
                              Lib/HTTPServerApp.o (strtok)
/usr/lib/gcc/avr/4.5.3/../../../avr/lib/avr51/libc.a(memcmp.o)
                              ../../LUFA/Drivers/USB/Class/Device/HIDClassDevice.o (memcmp)
/usr/lib/gcc/avr/4.5.3/../../../avr/lib/avr51/libc.a(memcpy.o)
                              Lib/DHCPCommon.o (memcpy)
/usr/lib/gcc/avr/4.5.3/../../../avr/lib/avr51/libc.a(memmove.o)
                              ../../LUFA/Drivers/USB/Class/Host/PrinterClassHost.o (memmove)
/usr/lib/gcc/avr/4.5.3/../../../avr/lib/avr51/libc.a(memset.o)
                              Lib/uip/uip_arp.o (memset)
/usr/lib/gcc/avr/4.5.3/../../../avr/lib/avr51/libc.a(strcat.o)
                              Lib/HTTPServerApp.o (strcat)
/usr/lib/gcc/avr/4.5.3/../../../avr/lib/avr51/libc.a(strchr.o)
                              Lib/HTTPServerApp.o (strchr)
/usr/lib/gcc/avr/4.5.3/../../../avr/lib/avr51/libc.a(strcmp.o)
                              Lib/HTTPServerApp.o (strcmp)
/usr/lib/gcc/avr/4.5.3/../../../avr/lib/avr51/libc.a(strlcpy.o)
                              Lib/HTTPServerApp.o (strlcpy)
/usr/lib/gcc/avr/4.5.3/../../../avr/lib/avr51/libc.a(strtok_r.o)
                              /usr/lib/gcc/avr/4.5.3/../../../avr/lib/avr51/libc.a(strtok.o) (strtok_r)
/usr/lib/gcc/avr/4.5.3/../../../avr/lib/avr51/libc.a(sprintf_p.o)
                              Lib/TELNETServerApp.o (sprintf_P)
/usr/lib/gcc/avr/4.5.3/../../../avr/lib/avr51/libc.a(vfprintf_std.o)
                              /usr/lib/gcc/avr/4.5.3/../../../avr/lib/avr51/libc.a(sprintf_p.o) (vfprintf)
/usr/lib/gcc/avr/4.5.3/../../../avr/lib/avr51/libc.a(eerd_byte_at90usb1287.o)
                              ../../LUFA/Drivers/USB/Core/AVR8/EndpointStream_AVR8.o (__eerd_byte_usb1287)
/usr/lib/gcc/avr/4.5.3/../../../avr/lib/avr51/libc.a(eeupd_byte_at90usb1287.o)
                              ../../LUFA/Drivers/USB/Core/AVR8/EndpointStream_AVR8.o (__eeupd_byte_usb1287)
/usr/lib/gcc/avr/4.5.3/../../../avr/lib/avr51/libc.a(strnlen_P.o)
                              /usr/lib/gcc/avr/4.5.3/../../../avr/lib/avr51/libc.a(vfprintf_std.o) (strnlen_P)
/usr/lib/gcc/avr/4.5.3/../../../avr/lib/avr51/libc.a(strnlen.o)
                              /usr/lib/gcc/avr/4.5.3/../../../avr/lib/avr51/libc.a(vfprintf_std.o) (strnlen)
/usr/lib/gcc/avr/4.5.3/../../../avr/lib/avr51/libc.a(fputc.o)
                              /usr/lib/gcc/avr/4.5.3/../../../avr/lib/avr51/libc.a(vfprintf_std.o) (fputc)
/usr/lib/gcc/avr/4.5.3/../../../avr/lib/avr51/libc.a(ultoa_invert.o)
                              /usr/lib/gcc/avr/4.5.3/../../../avr/lib/avr51/libc.a(vfprintf_std.o) (__ultoa_invert)

Allocating common symbols
Common symbol       size              file

USB_IsInitialized   0x1               ../../LUFA/Drivers/USB/Core/USBTask.o
uip_len             0x2               Lib/uip/uip.o
USB_Host_ConfigurationNumber
                    0x1               ../../LUFA/Drivers/USB/Core/HostStandardReq.o
uip_sappdata        0x2               Lib/uip/uip.o
uip_acc32           0x4               Lib/uip/uip.o
uip_flags           0x1               Lib/uip/uip.o
USB_Device_ConfigurationNumber
                    0x1               ../../LUFA/Drivers/USB/Core/DeviceStandardReq.o
DiskFATState        0x222             Lib/HTTPServerApp.o
uip_udp_conn        0x2               Lib/uip/uip.o
MACAddress          0x6               Lib/uIPManagement.o
uip_appdata         0x2               Lib/uip/uip.o
uip_conn            0x2               Lib/uip/uip.o
USB_Device_CurrentlySelfPowered
[...]
Memory Configuration

Name             Origin             Length             Attributes
text             0x00000000         0x00020000         xr
data             0x00800100         0x0000ff00         rw !x
eeprom           0x00810000         0x00010000         rw !x
fuse             0x00820000         0x00000400         rw !x
lock             0x00830000         0x00000400         rw !x
signature        0x00840000         0x00000400         rw !x
*default*        0x00000000         0xffffffff

Linker script and memory map

Address of section .data set to 0x800100
LOAD /usr/lib/gcc/avr/4.5.3/../../../avr/lib/avr51/crtusb1286.o
LOAD Webserver.o
LOAD Descriptors.o
LOAD USBDeviceMode.o
LOAD USBHostMode.o
LOAD Lib/SCSI.o
LOAD Lib/DataflashManager.o
LOAD Lib/uIPManagement.o
LOAD Lib/DHCPCommon.o
LOAD Lib/DHCPClientApp.o
LOAD Lib/DHCPServerApp.o
LOAD Lib/HTTPServerApp.o
LOAD Lib/TELNETServerApp.o
LOAD Lib/uip/uip.o
LOAD Lib/uip/uip_arp.o
LOAD Lib/uip/timer.o
LOAD Lib/uip/clock.o
LOAD Lib/uip/uip-split.o
LOAD Lib/FATFs/diskio.o
LOAD Lib/FATFs/ff.o
LOAD ../../LUFA/Drivers/USB/Class/Common/HIDParser.o
LOAD ../../LUFA/Drivers/USB/Core/AVR8/Device_AVR8.o
LOAD ../../LUFA/Drivers/USB/Core/AVR8/EndpointStream_AVR8.o
LOAD ../../LUFA/Drivers/USB/Core/AVR8/Endpoint_AVR8.o
LOAD ../../LUFA/Drivers/USB/Core/AVR8/Host_AVR8.o
LOAD ../../LUFA/Drivers/USB/Core/AVR8/PipeStream_AVR8.o
LOAD ../../LUFA/Drivers/USB/Core/AVR8/Pipe_AVR8.o
LOAD ../../LUFA/Drivers/USB/Core/AVR8/USBController_AVR8.o
LOAD ../../LUFA/Drivers/USB/Core/AVR8/USBInterrupt_AVR8.o
LOAD ../../LUFA/Drivers/USB/Core/ConfigDescriptors.o
LOAD ../../LUFA/Drivers/USB/Core/DeviceStandardReq.o
LOAD ../../LUFA/Drivers/USB/Core/Events.o
LOAD ../../LUFA/Drivers/USB/Core/HostStandardReq.o
LOAD ../../LUFA/Drivers/USB/Core/USBTask.o
LOAD ../../LUFA/Drivers/USB/Class/Device/AudioClassDevice.o
LOAD ../../LUFA/Drivers/USB/Class/Device/CDCClassDevice.o
LOAD ../../LUFA/Drivers/USB/Class/Device/HIDClassDevice.o
LOAD ../../LUFA/Drivers/USB/Class/Device/MassStorageClassDevice.o
LOAD ../../LUFA/Drivers/USB/Class/Device/MIDIClassDevice.o
LOAD ../../LUFA/Drivers/USB/Class/Device/RNDISClassDevice.o
LOAD ../../LUFA/Drivers/USB/Class/Host/AndroidAccessoryClassHost.o
LOAD ../../LUFA/Drivers/USB/Class/Host/AudioClassHost.o
LOAD ../../LUFA/Drivers/USB/Class/Host/CDCClassHost.o
LOAD ../../LUFA/Drivers/USB/Class/Host/HIDClassHost.o
LOAD ../../LUFA/Drivers/USB/Class/Host/MassStorageClassHost.o
LOAD ../../LUFA/Drivers/USB/Class/Host/MIDIClassHost.o
LOAD ../../LUFA/Drivers/USB/Class/Host/PrinterClassHost.o
LOAD ../../LUFA/Drivers/USB/Class/Host/RNDISClassHost.o
LOAD ../../LUFA/Drivers/USB/Class/Host/StillImageClassHost.o
LOAD /usr/lib/gcc/avr/4.5.3/../../../avr/lib/avr51/libm.a
LOAD /usr/lib/gcc/avr/4.5.3/avr51/libgcc.a
LOAD /usr/lib/gcc/avr/4.5.3/../../../avr/lib/avr51/libc.a
LOAD /usr/lib/gcc/avr/4.5.3/avr51/libgcc.a

.hash
 *(.hash)

.dynsym
 *(.dynsym)

.dynstr
 *(.dynstr)

.gnu.version
 *(.gnu.version)

.gnu.version_d
 *(.gnu.version_d)

.gnu.version_r
 *(.gnu.version_r)

.rel.init
 *(.rel.init)

.rela.init
 *(.rela.init)

.rel.text
 *(.rel.text)
 *(.rel.text.*)
 *(.rel.gnu.linkonce.t*)

.rela.text
 *(.rela.text)
 *(.rela.text.*)
 *(.rela.gnu.linkonce.t*)

.rel.fini
 *(.rel.fini)

.rela.fini
 *(.rela.fini)

.rel.rodata
 *(.rel.rodata)
 *(.rel.rodata.*)
 *(.rel.gnu.linkonce.r*)

.rela.rodata
 *(.rela.rodata)
 *(.rela.rodata.*)
 *(.rela.gnu.linkonce.r*)

.rel.data
 *(.rel.data)
 *(.rel.data.*)
 *(.rel.gnu.linkonce.d*)

.rela.data
 *(.rela.data)
 *(.rela.data.*)
 *(.rela.gnu.linkonce.d*)

.rel.ctors
 *(.rel.ctors)

.rela.ctors
 *(.rela.ctors)

.rel.dtors
 *(.rel.dtors)

.rela.dtors
 *(.rela.dtors)

.rel.got
 *(.rel.got)

.rela.got
 *(.rela.got)

.rel.bss
 *(.rel.bss)

.rela.bss
 *(.rela.bss)

.rel.plt
 *(.rel.plt)

.rela.plt
 *(.rela.plt)

.text           0x00000000     0x8090
 *(.vectors)
 .vectors       0x00000000       0x98 /usr/lib/gcc/avr/4.5.3/../../../avr/lib/avr51/crtusb1286.o
                0x00000000                __vectors
                0x00000000                __vector_default
 *(.vectors)
 *(.progmem.gcc*)
 *(.progmem*)
 .progmem.data  0x00000098       0xad Descriptors.o
                0x00000098                DeviceDescriptor
                0x000000aa                ConfigurationDescriptor
                0x00000107                LanguageString
                0x0000010b                ManufacturerString
                0x00000125                ProductString
 .progmem.data  0x00000145      0x105 Lib/HTTPServerApp.o
                0x00000145                HTTP200Header
                0x000001a0                HTTP404Header
                0x0000022c                DefaultDirFileName
                0x00000236                DefaultMIMEType
 .progmem.data  0x0000024a      0x159 Lib/TELNETServerApp.o
                0x0000024a                WelcomeHeader
                0x000002d5                TELNETMenu
                0x0000033a                CurrentConnectionsHeader
 .progmem.data  0x000003a3       0x6c ../../LUFA/Drivers/USB/Class/Device/RNDISClassDevice.o
                0x00000410                . = ALIGN (0x2)
 *fill*         0x0000040f        0x1 00
                0x00000410                __trampolines_start = .
 *(.trampolines)
 .trampolines   0x00000410        0x0 linker stubs
 *(.trampolines*)
                0x00000410                __trampolines_end = .
 *(.jumptables)
 *(.jumptables*)
 *(.lowtext)
 *(.lowtext*)
                0x00000410                __ctors_start = .
 *(.ctors)
                0x00000410                __ctors_end = .
                0x00000410                __dtors_start = .
 *(.dtors)
                0x00000410                __dtors_end = .
 SORT(*)(.ctors)
 SORT(*)(.dtors)
 *(.init0)
 .init0         0x00000410        0x0 /usr/lib/gcc/avr/4.5.3/../../../avr/lib/avr51/crtusb1286.o
                0x00000410                __init
 *(.init0)
 *(.init1)
 *(.init1)
 *(.init2)
 .init2         0x00000410        0xc /usr/lib/gcc/avr/4.5.3/../../../avr/lib/avr51/crtusb1286.o
 *(.init2)
 *(.init3)
 *(.init3)
 *(.init4)
 .init4         0x0000041c       0x1a /usr/lib/gcc/avr/4.5.3/avr51/libgcc.a(_copy_data.o)
                0x0000041c                __do_copy_data
 .init4         0x00000436       0x10 /usr/lib/gcc/avr/4.5.3/avr51/libgcc.a(_clear_bss.o)
                0x00000436                __do_clear_bss
 *(.init4)
 *(.init5)
 *(.init5)
 *(.init6)
 *(.init6)
 *(.init7)
 *(.init7)
 *(.init8)
 *(.init8)
 *(.init9)
 .init9         0x00000446        0x6 /usr/lib/gcc/avr/4.5.3/../../../avr/lib/avr51/crtusb1286.o
 *(.init9)
 *(.text)
 .text          0x0000044c        0x2 /usr/lib/gcc/avr/4.5.3/../../../avr/lib/avr51/crtusb1286.o
                0x0000044c                __vector_22
                0x0000044c                __vector_28
                0x0000044c                __vector_1
                0x0000044c                __vector_32
                0x0000044c                __vector_34
                0x0000044c                __vector_24
                0x0000044c                __vector_12
                0x0000044c                __bad_interrupt
                0x0000044c                __vector_6
                0x0000044c                __vector_31
                0x0000044c                __vector_35
                0x0000044c                __vector_3
                0x0000044c                __vector_23
                0x0000044c                __vector_30
                0x0000044c                __vector_25
                0x0000044c                __vector_13
                0x0000044c                __vector_19
                0x0000044c                __vector_7
                0x0000044c                __vector_27
                0x0000044c                __vector_5
                0x0000044c                __vector_33
                0x0000044c                __vector_37
                0x0000044c                __vector_4
                0x0000044c                __vector_9
                0x0000044c                __vector_2
                0x0000044c                __vector_21
                0x0000044c                __vector_15
                0x0000044c                __vector_36
                0x0000044c                __vector_29
                0x0000044c                __vector_8
                0x0000044c                __vector_26
                0x0000044c                __vector_14
                0x0000044c                __vector_16
                0x0000044c                __vector_18
                0x0000044c                __vector_20
                0x0000044e                . = ALIGN (0x2)
 *(.text.*)
 .text.SetupHardware
                0x0000044e       0x60 Webserver.o
                0x0000044e                SetupHardware
 .text.main     0x000004ae       0x20 Webserver.o
                0x000004ae                main
 .text.CALLBACK_USB_GetDescriptor
                0x000004ce       0x5a Descriptors.o
                0x000004ce                CALLBACK_USB_GetDescriptor
 .text.LEDs_SetAllLEDs
                0x00000528        0xa USBDeviceMode.o
 .text.USBDeviceMode_USBTask
                0x00000532       0x1c USBDeviceMode.o
                0x00000532                USBDeviceMode_USBTask
 .text.EVENT_USB_Device_Connect
                0x0000054e        0x6 USBDeviceMode.o
                0x0000054e                EVENT_USB_Device_Connect
 .text.EVENT_USB_Device_Disconnect
                0x00000554        0x4 USBDeviceMode.o
                0x00000554                EVENT_USB_Device_Disconnect
 .text.EVENT_USB_Device_ConfigurationChanged
                0x00000558       0x2e USBDeviceMode.o
                0x00000558                EVENT_USB_Device_ConfigurationChanged
 .text.EVENT_USB_Device_ControlRequest
                0x00000586       0x10 USBDeviceMode.o
                0x00000586                EVENT_USB_Device_ControlRequest
 .text.CALLBACK_MS_Device_SCSICommandReceived
                0x00000596       0x20 USBDeviceMode.o
                0x00000596                CALLBACK_MS_Device_SCSICommandReceived
 .text.LEDs_SetAllLEDs
                0x000005b6        0xa USBHostMode.o
 .text.USBHostMode_USBTask
                0x000005c0        0xc USBHostMode.o
                0x000005c0                USBHostMode_USBTask
 .text.EVENT_USB_Host_DeviceAttached
                0x000005cc        0x4 USBHostMode.o
                0x000005cc                EVENT_USB_Host_DeviceAttached
 .text.EVENT_USB_Host_DeviceUnattached
                0x000005d0        0x4 USBHostMode.o
                0x000005d0                EVENT_USB_Host_DeviceUnattached
 .text.EVENT_USB_Host_DeviceEnumerationComplete
                0x000005d4       0xda USBHostMode.o
                0x000005d4                EVENT_USB_Host_DeviceEnumerationComplete
 .text.EVENT_USB_Host_HostError
                0x000006ae        0xa USBHostMode.o
                0x000006ae                EVENT_USB_Host_HostError
 .text.EVENT_USB_Host_DeviceEnumerationFailed
                0x000006b8        0x4 USBHostMode.o
                0x000006b8                EVENT_USB_Host_DeviceEnumerationFailed
 .text.SwapEndian_16
                0x000006bc        0x8 Lib/SCSI.o
 .text.SCSI_Command_ReadWrite_10
                0x000006c4       0xc0 Lib/SCSI.o
 .text.SCSI_DecodeSCSICommand
                0x00000784      0x260 Lib/SCSI.o
                0x00000784                SCSI_DecodeSCSICommand
 .text.Dataflash_SelectChipFromPage
                0x000009e4       0x26 Lib/DataflashManager.o
 .text.Dataflash_ToggleSelectedChipCS
                0x00000a0a       0x14 Lib/DataflashManager.o
 .text.Dataflash_WaitWhileBusy
                0x00000a1e       0x1c Lib/DataflashManager.o
 .text.Dataflash_SendAddressBytes
                0x00000a3a       0x32 Lib/DataflashManager.o
 .text.DataflashManager_WriteBlocks
                0x00000a6c      0x276 Lib/DataflashManager.o
                0x00000a6c                DataflashManager_WriteBlocks
 .text.DataflashManager_ReadBlocks
                0x00000ce2      0x212 Lib/DataflashManager.o
                0x00000ce2                DataflashManager_ReadBlocks
 .text.DataflashManager_ReadBlocks_RAM
                0x00000ef4      0x126 Lib/DataflashManager.o
                0x00000ef4                DataflashManager_ReadBlocks_RAM
 .text.DataflashManager_CheckDataflashOperation
                0x0000101a       0x56 Lib/DataflashManager.o
                0x0000101a                DataflashManager_CheckDataflashOperation
 .text.LEDs_SetAllLEDs
                0x00001070        0xa Lib/uIPManagement.o
 .text.uIPManagement_Init
                0x0000107a       0xba Lib/uIPManagement.o
                0x0000107a                uIPManagement_Init
 .text.uIPManagement_ManageNetwork
                0x00001134      0x1b6 Lib/uIPManagement.o
                0x00001134                uIPManagement_ManageNetwork
 .text.uIPManagement_TCPCallback
                0x000012ea       0x22 Lib/uIPManagement.o
                0x000012ea                uIPManagement_TCPCallback
 .text.uIPManagement_UDPCallback
                0x0000130c       0x22 Lib/uIPManagement.o
                0x0000130c                uIPManagement_UDPCallback
 .text.DHCPCommon_SetOption
                0x0000132e       0x48 Lib/DHCPCommon.o
                0x0000132e                DHCPCommon_SetOption
 .text.DHCPCommon_GetOption
                0x00001376       0x30 Lib/DHCPCommon.o
                0x00001376                DHCPCommon_GetOption
 .text.DHCPClientApp_FillDHCPHeader
                0x000013a6       0xc8 Lib/DHCPClientApp.o
 .text.DHCPClientApp_Init
                0x0000146e       0x26 Lib/DHCPClientApp.o
                0x0000146e                DHCPClientApp_Init
 .text.DHCPClientApp_Callback
                0x00001494      0x274 Lib/DHCPClientApp.o
                0x00001494                DHCPClientApp_Callback
 .text.DHCPServerApp_FillDHCPHeader
                0x00001708       0xbe Lib/DHCPServerApp.o
 .text.DHCPServerApp_CheckIfIPLeased.clone.0
                0x000017c6       0x40 Lib/DHCPServerApp.o
 .text.DHCPServerApp_Init
                0x00001806       0x32 Lib/DHCPServerApp.o
                0x00001806                DHCPServerApp_Init
 .text.DHCPServerApp_Callback
                0x00001838      0x2b0 Lib/DHCPServerApp.o
                0x00001838                DHCPServerApp_Callback
 .text.HTTPServerApp_Init
                0x00001ae8       0x10 Lib/HTTPServerApp.o
                0x00001ae8                HTTPServerApp_Init
 .text.HTTPServerApp_Callback
                0x00001af8      0x2f8 Lib/HTTPServerApp.o
                0x00001af8                HTTPServerApp_Callback
 .text.TELNETServerApp_Init
                0x00001df0        0x6 Lib/TELNETServerApp.o
                0x00001df0                TELNETServerApp_Init
 .text.TELNETServerApp_Callback
                0x00001df6      0x206 Lib/TELNETServerApp.o
                0x00001df6                TELNETServerApp_Callback
 .text.chksum   0x00001ffc       0x50 Lib/uip/uip.o
 .text.uip_add32
                0x0000204c       0x70 Lib/uip/uip.o
                0x0000204c                uip_add32
 .text.uip_add_rcv_nxt
                0x000020bc       0x30 Lib/uip/uip.o
 .text.uip_init
                0x000020ec       0x5c Lib/uip/uip.o
                0x000020ec                uip_init
 .text.uip_listen
                0x00002148       0x34 Lib/uip/uip.o
                0x00002148                uip_listen
 .text.htons    0x0000217c        0x8 Lib/uip/uip.o
                0x0000217c                htons
 .text.uip_udp_new
                0x00002184       0xc4 Lib/uip/uip.o
                0x00002184                uip_udp_new
 .text.uip_ipchksum
                0x00002248       0x20 Lib/uip/uip.o
                0x00002248                uip_ipchksum
 .text.uip_chksum
                0x00002268        0xe Lib/uip/uip.o
                0x00002268                uip_chksum
 .text.uip_tcpchksum
                0x00002276       0x44 Lib/uip/uip.o
                0x00002276                uip_tcpchksum
 .text.uip_process
                0x000022ba      0xf02 Lib/uip/uip.o
                0x000022ba                uip_process
 .text.uip_send
                0x000031bc       0x42 Lib/uip/uip.o
                0x000031bc                uip_send
 .text.uip_arp_update
                0x000031fe      0x1e8 Lib/uip/uip_arp.o
 .text.uip_arp_init
                0x000033e6       0x38 Lib/uip/uip_arp.o
                0x000033e6                uip_arp_init
 .text.uip_arp_timer
                0x0000341e       0x78 Lib/uip/uip_arp.o
                0x0000341e                uip_arp_timer
 .text.uip_arp_arpin
                0x00003496      0x15c Lib/uip/uip_arp.o
                0x00003496                uip_arp_arpin
 .text.uip_arp_out
                0x000035f2      0x220 Lib/uip/uip_arp.o
                0x000035f2                uip_arp_out
 .text.timer_set
                0x00003812       0x16 Lib/uip/timer.o
                0x00003812                timer_set
 .text.timer_reset
                0x00003828       0x14 Lib/uip/timer.o
                0x00003828                timer_reset
 .text.timer_expired
                0x0000383c       0x2c Lib/uip/timer.o
                0x0000383c                timer_expired
 .text.__vector_17
                0x00003868       0x2e Lib/uip/clock.o
                0x00003868                __vector_17
 .text.clock_init
                0x00003896       0x1a Lib/uip/clock.o
                0x00003896                clock_init
 .text.clock_time
                0x000038b0       0x10 Lib/uip/clock.o
                0x000038b0                clock_time
 .text.uip_split_output
                0x000038c0      0x12c Lib/uip/uip-split.o
                0x000038c0                uip_split_output
 .text.disk_initialize
                0x000039ec        0x4 Lib/FATFs/diskio.o
                0x000039ec                disk_initialize
 .text.disk_status
                0x000039f0        0x4 Lib/FATFs/diskio.o
                0x000039f0                disk_status
 .text.disk_read
                0x000039f4       0x18 Lib/FATFs/diskio.o
                0x000039f4                disk_read
 .text.validate
                0x00003a0c       0x38 Lib/FATFs/ff.o
 .text.move_window
                0x00003a44       0x64 Lib/FATFs/ff.o
 .text.check_fs
                0x00003aa8       0x8c Lib/FATFs/ff.o
 .text.ld_clust.clone.0
                0x00003b34       0x2a Lib/FATFs/ff.o
 .text.clust2sect
                0x00003b5e       0x5e Lib/FATFs/ff.o
                0x00003b5e                clust2sect
 .text.get_fat  0x00003bbc      0x188 Lib/FATFs/ff.o
                0x00003bbc                get_fat
 .text.dir_sdi.clone.4
                0x00003d44       0xf8 Lib/FATFs/ff.o
 .text.f_mount  0x00003e3c       0x2c Lib/FATFs/ff.o
                0x00003e3c                f_mount
 .text.f_open   0x00003e68      0x7c4 Lib/FATFs/ff.o
                0x00003e68                f_open
 .text.f_read   0x0000462c      0x2b6 Lib/FATFs/ff.o
                0x0000462c                f_read
 .text.f_close  0x000048e2       0x16 Lib/FATFs/ff.o
                0x000048e2                f_close
 .text.f_lseek  0x000048f8      0x2d0 Lib/FATFs/ff.o
                0x000048f8                f_lseek
 .text.Endpoint_Null_Stream
                0x00004bc8       0x8a ../../LUFA/Drivers/USB/Core/AVR8/EndpointStream_AVR8.o
                0x00004bc8                Endpoint_Null_Stream
 .text.Endpoint_Write_Stream_LE
                0x00004c52       0xba ../../LUFA/Drivers/USB/Core/AVR8/EndpointStream_AVR8.o
                0x00004c52                Endpoint_Write_Stream_LE
 .text.Endpoint_Write_Stream_BE
                0x00004d0c       0xaa ../../LUFA/Drivers/USB/Core/AVR8/EndpointStream_AVR8.o
                0x00004d0c                Endpoint_Write_Stream_BE
 .text.Endpoint_Read_Stream_LE
                0x00004db6       0xba ../../LUFA/Drivers/USB/Core/AVR8/EndpointStream_AVR8.o
                0x00004db6                Endpoint_Read_Stream_LE
 .text.Endpoint_Write_Control_Stream_LE
                0x00004e70       0xb6 ../../LUFA/Drivers/USB/Core/AVR8/EndpointStream_AVR8.o
                0x00004e70                Endpoint_Write_Control_Stream_LE
 .text.Endpoint_Read_Control_Stream_LE
                0x00004f26       0x7e ../../LUFA/Drivers/USB/Core/AVR8/EndpointStream_AVR8.o
                0x00004f26                Endpoint_Read_Control_Stream_LE
 .text.Endpoint_Write_Control_PStream_LE
                0x00004fa4       0xb8 ../../LUFA/Drivers/USB/Core/AVR8/EndpointStream_AVR8.o
                0x00004fa4                Endpoint_Write_Control_PStream_LE
 .text.Endpoint_ConfigureEndpoint_Prv
                0x0000505c       0x6e ../../LUFA/Drivers/USB/Core/AVR8/Endpoint_AVR8.o
                0x0000505c                Endpoint_ConfigureEndpoint_Prv
 .text.Endpoint_ConfigureEndpointTable
                0x000050ca       0x88 ../../LUFA/Drivers/USB/Core/AVR8/Endpoint_AVR8.o
                0x000050ca                Endpoint_ConfigureEndpointTable
 .text.Endpoint_ClearStatusStage
                0x00005152       0x3e ../../LUFA/Drivers/USB/Core/AVR8/Endpoint_AVR8.o
                0x00005152                Endpoint_ClearStatusStage
 .text.Endpoint_WaitUntilReady
                0x00005190       0x66 ../../LUFA/Drivers/USB/Core/AVR8/Endpoint_AVR8.o
                0x00005190                Endpoint_WaitUntilReady
 .text.USB_Host_ResetDevice
                0x000051f6       0xac ../../LUFA/Drivers/USB/Core/AVR8/Host_AVR8.o
 .text.USB_Host_WaitMS
                0x000052a2       0xb0 ../../LUFA/Drivers/USB/Core/AVR8/Host_AVR8.o
                0x000052a2                USB_Host_WaitMS
 .text.USB_Host_ProcessNextHostState
                0x00005352      0x246 ../../LUFA/Drivers/USB/Core/AVR8/Host_AVR8.o
                0x00005352                USB_Host_ProcessNextHostState
 .text.Pipe_Discard_Stream
                0x00005598       0x96 ../../LUFA/Drivers/USB/Core/AVR8/PipeStream_AVR8.o
                0x00005598                Pipe_Discard_Stream
 .text.Pipe_Write_Stream_LE
                0x0000562e       0xc6 ../../LUFA/Drivers/USB/Core/AVR8/PipeStream_AVR8.o
                0x0000562e                Pipe_Write_Stream_LE
 .text.Pipe_Read_Stream_LE
                0x000056f4       0xc6 ../../LUFA/Drivers/USB/Core/AVR8/PipeStream_AVR8.o
                0x000056f4                Pipe_Read_Stream_LE
 .text.Pipe_ConfigurePipe
                0x000057ba       0xce ../../LUFA/Drivers/USB/Core/AVR8/Pipe_AVR8.o
                0x000057ba                Pipe_ConfigurePipe
 .text.Pipe_ConfigurePipeTable
                0x00005888       0x4e ../../LUFA/Drivers/USB/Core/AVR8/Pipe_AVR8.o
                0x00005888                Pipe_ConfigurePipeTable
 .text.Pipe_ClearPipes
                0x000058d6       0x2c ../../LUFA/Drivers/USB/Core/AVR8/Pipe_AVR8.o
                0x000058d6                Pipe_ClearPipes
 .text.Pipe_IsEndpointBound
                0x00005902       0x48 ../../LUFA/Drivers/USB/Core/AVR8/Pipe_AVR8.o
                0x00005902                Pipe_IsEndpointBound
 .text.Pipe_WaitUntilReady
                0x0000594a       0x5c ../../LUFA/Drivers/USB/Core/AVR8/Pipe_AVR8.o
                0x0000594a                Pipe_WaitUntilReady
 .text.USB_Disable
                0x000059a6       0x34 ../../LUFA/Drivers/USB/Core/AVR8/USBController_AVR8.o
                0x000059a6                USB_Disable
 .text.USB_ResetInterface
                0x000059da      0x11a ../../LUFA/Drivers/USB/Core/AVR8/USBController_AVR8.o
                0x000059da                USB_ResetInterface
 .text.USB_Init
                0x00005af4       0x52 ../../LUFA/Drivers/USB/Core/AVR8/USBController_AVR8.o
                0x00005af4                USB_Init
 .text.USB_INT_DisableAllInterrupts
                0x00005b46       0x18 ../../LUFA/Drivers/USB/Core/AVR8/USBInterrupt_AVR8.o
                0x00005b46                USB_INT_DisableAllInterrupts
 .text.USB_INT_ClearAllInterrupts
                0x00005b5e       0x12 ../../LUFA/Drivers/USB/Core/AVR8/USBInterrupt_AVR8.o
                0x00005b5e                USB_INT_ClearAllInterrupts
 .text.__vector_10
                0x00005b70      0x2ba ../../LUFA/Drivers/USB/Core/AVR8/USBInterrupt_AVR8.o
                0x00005b70                __vector_10
 .text.__vector_11
                0x00005e2a       0x7e ../../LUFA/Drivers/USB/Core/AVR8/USBInterrupt_AVR8.o
                0x00005e2a                __vector_11
 .text.USB_Host_GetDeviceConfigDescriptor
                0x00005ea8       0xae ../../LUFA/Drivers/USB/Core/ConfigDescriptors.o
                0x00005ea8                USB_Host_GetDeviceConfigDescriptor
 .text.USB_GetNextDescriptorComp
                0x00005f56       0x86 ../../LUFA/Drivers/USB/Core/ConfigDescriptors.o
                0x00005f56                USB_GetNextDescriptorComp
 .text.USB_Device_ProcessControlRequest
                0x00005fdc      0x2d0 ../../LUFA/Drivers/USB/Core/DeviceStandardReq.o
                0x00005fdc                USB_Device_ProcessControlRequest
 .text.USB_Event_Stub
                0x000062ac        0x2 ../../LUFA/Drivers/USB/Core/Events.o
                0x000062ac                EVENT_USB_Device_WakeUp
                0x000062ac                USB_Event_Stub
                0x000062ac                EVENT_USB_Device_Suspend
                0x000062ac                EVENT_USB_Device_StartOfFrame
                0x000062ac                EVENT_USB_Device_Reset
                0x000062ac                EVENT_USB_Host_StartOfFrame
                0x000062ac                EVENT_USB_UIDChange
 .text.USB_Host_WaitForIOS
                0x000062ae       0x54 ../../LUFA/Drivers/USB/Core/HostStandardReq.o
 .text.USB_Host_SendControlRequest
                0x00006302      0x202 ../../LUFA/Drivers/USB/Core/HostStandardReq.o
                0x00006302                USB_Host_SendControlRequest
 .text.USB_Host_SetDeviceConfiguration
                0x00006504       0x48 ../../LUFA/Drivers/USB/Core/HostStandardReq.o
                0x00006504                USB_Host_SetDeviceConfiguration
 .text.USB_USBTask
                0x0000654c       0x5e ../../LUFA/Drivers/USB/Core/USBTask.o
                0x0000654c                USB_USBTask
 .text.MS_Device_ProcessControlRequest
                0x000065aa       0x7e ../../LUFA/Drivers/USB/Class/Device/MassStorageClassDevice.o
                0x000065aa                MS_Device_ProcessControlRequest
 .text.MS_Device_ConfigureEndpoints
                0x00006628       0x3c ../../LUFA/Drivers/USB/Class/Device/MassStorageClassDevice.o
                0x00006628                MS_Device_ConfigureEndpoints
 .text.MS_Device_USBTask
                0x00006664      0x266 ../../LUFA/Drivers/USB/Class/Device/MassStorageClassDevice.o
                0x00006664                MS_Device_USBTask
 .text.RNDIS_Device_ProcessControlRequest
                0x000068ca      0x5b8 ../../LUFA/Drivers/USB/Class/Device/RNDISClassDevice.o
                0x000068ca                RNDIS_Device_ProcessControlRequest
 .text.RNDIS_Device_ConfigureEndpoints
                0x00006e82       0x4e ../../LUFA/Drivers/USB/Class/Device/RNDISClassDevice.o
                0x00006e82                RNDIS_Device_ConfigureEndpoints
 .text.RNDIS_Device_USBTask
                0x00006ed0       0x86 ../../LUFA/Drivers/USB/Class/Device/RNDISClassDevice.o
                0x00006ed0                RNDIS_Device_USBTask
 .text.RNDIS_Device_IsPacketReceived
                0x00006f56       0x2e ../../LUFA/Drivers/USB/Class/Device/RNDISClassDevice.o
                0x00006f56                RNDIS_Device_IsPacketReceived
 .text.RNDIS_Device_ReadPacket
                0x00006f84       0xbe ../../LUFA/Drivers/USB/Class/Device/RNDISClassDevice.o
                0x00006f84                RNDIS_Device_ReadPacket
 .text.RNDIS_Device_SendPacket
                0x00007042       0xde ../../LUFA/Drivers/USB/Class/Device/RNDISClassDevice.o
                0x00007042                RNDIS_Device_SendPacket
 .text.DCOMP_RNDIS_Host_NextRNDISControlInterface
                0x00007120       0x22 ../../LUFA/Drivers/USB/Class/Host/RNDISClassHost.o
 .text.DCOMP_RNDIS_Host_NextRNDISDataInterface
                0x00007142       0x22 ../../LUFA/Drivers/USB/Class/Host/RNDISClassHost.o
 .text.RNDIS_SendEncapsulatedCommand
                0x00007164       0x2e ../../LUFA/Drivers/USB/Class/Host/RNDISClassHost.o
 .text.RNDIS_GetEncapsulatedResponse
                0x00007192       0x30 ../../LUFA/Drivers/USB/Class/Host/RNDISClassHost.o
 .text.DCOMP_RNDIS_Host_NextRNDISInterfaceEndpoint
                0x000071c2       0x2e ../../LUFA/Drivers/USB/Class/Host/RNDISClassHost.o
 .text.RNDIS_Host_ConfigurePipes
                0x000071f0      0x1ac ../../LUFA/Drivers/USB/Class/Host/RNDISClassHost.o
                0x000071f0                RNDIS_Host_ConfigurePipes
 .text.RNDIS_Host_InitializeDevice
                0x0000739c       0xec ../../LUFA/Drivers/USB/Class/Host/RNDISClassHost.o
                0x0000739c                RNDIS_Host_InitializeDevice
 .text.RNDIS_Host_SetRNDISProperty
                0x00007488      0x13e ../../LUFA/Drivers/USB/Class/Host/RNDISClassHost.o
                0x00007488                RNDIS_Host_SetRNDISProperty
 .text.RNDIS_Host_QueryRNDISProperty
                0x000075c6      0x140 ../../LUFA/Drivers/USB/Class/Host/RNDISClassHost.o
                0x000075c6                RNDIS_Host_QueryRNDISProperty
 .text.RNDIS_Host_IsPacketReceived
                0x00007706       0x3a ../../LUFA/Drivers/USB/Class/Host/RNDISClassHost.o
                0x00007706                RNDIS_Host_IsPacketReceived
 .text.RNDIS_Host_ReadPacket
                0x00007740       0xf4 ../../LUFA/Drivers/USB/Class/Host/RNDISClassHost.o
                0x00007740                RNDIS_Host_ReadPacket
 .text.RNDIS_Host_SendPacket
                0x00007834       0xe8 ../../LUFA/Drivers/USB/Class/Host/RNDISClassHost.o
                0x00007834                RNDIS_Host_SendPacket
 .text.libgcc   0x0000791c       0x3e /usr/lib/gcc/avr/4.5.3/avr51/libgcc.a(_mulsi3.o)
                0x0000791c                __mulsi3
 .text.libgcc   0x0000795a       0x44 /usr/lib/gcc/avr/4.5.3/avr51/libgcc.a(_udivmodsi4.o)
                0x0000795a                __udivmodsi4
 .text.avr-libc
                0x0000799e       0x12 /usr/lib/gcc/avr/4.5.3/../../../avr/lib/avr51/libc.a(memcpy_P.o)
                0x0000799e                memcpy_P
 .text.avr-libc
                0x000079b0       0x16 /usr/lib/gcc/avr/4.5.3/../../../avr/lib/avr51/libc.a(strcat_P.o)
                0x000079b0                strcat_P
 .text.avr-libc
                0x000079c6       0x12 /usr/lib/gcc/avr/4.5.3/../../../avr/lib/avr51/libc.a(strcmp_P.o)
                0x000079c6                strcmp_P
 .text.avr-libc
                0x000079d8        0xe /usr/lib/gcc/avr/4.5.3/../../../avr/lib/avr51/libc.a(strcpy_P.o)
                0x000079d8                strcpy_P
 .text.avr-libc
                0x000079e6       0x28 /usr/lib/gcc/avr/4.5.3/../../../avr/lib/avr51/libc.a(strlcpy_P.o)
                0x000079e6                strlcpy_P
 .text.avr-libc
                0x00007a0e        0x6 /usr/lib/gcc/avr/4.5.3/../../../avr/lib/avr51/libc.a(strtok.o)
                0x00007a0e                strtok
 .text.avr-libc
                0x00007a14       0x12 /usr/lib/gcc/avr/4.5.3/../../../avr/lib/avr51/libc.a(memcpy.o)
                0x00007a14                memcpy
 .text.avr-libc
                0x00007a26        0xe /usr/lib/gcc/avr/4.5.3/../../../avr/lib/avr51/libc.a(memset.o)
                0x00007a26                memset
 .text.avr-libc
                0x00007a34       0x16 /usr/lib/gcc/avr/4.5.3/../../../avr/lib/avr51/libc.a(strcat.o)
                0x00007a34                strcat
 .text.avr-libc
                0x00007a4a       0x16 /usr/lib/gcc/avr/4.5.3/../../../avr/lib/avr51/libc.a(strchr.o)
                0x00007a4a                strchr
 .text.avr-libc
                0x00007a60       0x12 /usr/lib/gcc/avr/4.5.3/../../../avr/lib/avr51/libc.a(strcmp.o)
                0x00007a60                strcmp
 .text.avr-libc
                0x00007a72       0x28 /usr/lib/gcc/avr/4.5.3/../../../avr/lib/avr51/libc.a(strlcpy.o)
                0x00007a72                strlcpy
 .text.avr-libc
                0x00007a9a       0x4e /usr/lib/gcc/avr/4.5.3/../../../avr/lib/avr51/libc.a(strtok_r.o)
                0x00007a9a                strtok_r
 .text.avr-libc
                0x00007ae8       0x5e /usr/lib/gcc/avr/4.5.3/../../../avr/lib/avr51/libc.a(sprintf_p.o)
                0x00007ae8                sprintf_P
 .text.avr-libc
                0x00007b46      0x406 /usr/lib/gcc/avr/4.5.3/../../../avr/lib/avr51/libc.a(vfprintf_std.o)
                0x00007b46                vfprintf
 .text.avr-libc
                0x00007f4c       0x16 /usr/lib/gcc/avr/4.5.3/../../../avr/lib/avr51/libc.a(strnlen_P.o)
                0x00007f4c                strnlen_P
 .text.avr-libc
                0x00007f62       0x16 /usr/lib/gcc/avr/4.5.3/../../../avr/lib/avr51/libc.a(strnlen.o)
                0x00007f62                strnlen
 .text.avr-libc
                0x00007f78       0x58 /usr/lib/gcc/avr/4.5.3/../../../avr/lib/avr51/libc.a(fputc.o)
                0x00007f78                fputc
 .text.avr-libc
                0x00007fd0       0xbc /usr/lib/gcc/avr/4.5.3/../../../avr/lib/avr51/libc.a(ultoa_invert.o)
                0x00007fd0                __ultoa_invert
                0x0000808c                . = ALIGN (0x2)
 *(.fini9)
 .fini9         0x0000808c        0x0 /usr/lib/gcc/avr/4.5.3/avr51/libgcc.a(_exit.o)
                0x0000808c                exit
                0x0000808c                _exit
 *(.fini9)
 *(.fini8)
 *(.fini8)
 *(.fini7)
 *(.fini7)
 *(.fini6)
 *(.fini6)
 *(.fini5)
 *(.fini5)
 *(.fini4)
 *(.fini4)
 *(.fini3)
 *(.fini3)
 *(.fini2)
 *(.fini2)
 *(.fini1)
 *(.fini1)
 *(.fini0)
 .fini0         0x0000808c        0x4 /usr/lib/gcc/avr/4.5.3/avr51/libgcc.a(_exit.o)
 *(.fini0)
                0x00008090                _etext = .

.data           0x00800100      0x256 load address 0x00008090
                0x00800100                PROVIDE (__data_start, .)
 *(.data)
 .data          0x00800100       0xea USBDeviceMode.o
                0x00800113                Ethernet_RNDIS_Interface_Device
                0x008001b1                Disk_MS_Interface
 .data          0x008001ea       0x20 USBHostMode.o
                0x008001ea                Ethernet_RNDIS_Interface_Host
 .data          0x0080020a       0x36 Lib/SCSI.o
 .data          0x00800240        0x3 Lib/DHCPClientApp.o
 .data          0x00800243       0xdd Lib/HTTPServerApp.o
                0x008002f8                MIMETypes
 .data          0x00800320        0x8 Lib/uip/uip.o
                0x00800320                uip_broadcast_addr
                0x00800324                uip_all_zeroes_addr
 .data          0x00800328        0x6 Lib/uip/uip_arp.o
 .data          0x0080032e        0xf Lib/FATFs/ff.o
 .data          0x0080033d       0x10 ../../LUFA/Drivers/USB/Core/AVR8/Host_AVR8.o
 .data          0x0080034d        0x1 ../../LUFA/Drivers/USB/Core/AVR8/Pipe_AVR8.o
                0x0080034d                USB_Host_ControlPipeSize
 .data          0x0080034e        0x8 ../../LUFA/Drivers/USB/Class/Device/RNDISClassDevice.o
 *(.data*)
 *(.rodata)
 *(.rodata*)
 *(.gnu.linkonce.d*)
                0x00800356                . = ALIGN (0x2)
                0x00800356                _edata = .
                0x00800356                PROVIDE (__data_end, .)

.bss            0x00800356      0xa60
                0x00800356                PROVIDE (__bss_start, .)
 *(.bss)
 .bss           0x00800356        0x8 Lib/uIPManagement.o
 .bss           0x0080035e       0x12 Lib/uip/uip.o
                0x0080035e                uip_ethaddr
 .bss           0x00800370       0x60 Lib/uip/uip_arp.o
 .bss           0x008003d0        0x2 Lib/uip/clock.o
                0x008003d0                clock_datetime
 .bss           0x008003d2        0x4 Lib/FATFs/ff.o
 .bss           0x008003d6        0x3 ../../LUFA/Drivers/USB/Core/AVR8/Host_AVR8.o
 .bss           0x008003d9        0x1 ../../LUFA/Drivers/USB/Core/AVR8/USBController_AVR8.o
                0x008003d9                USB_CurrentMode
 .bss           0x008003da        0x2 /usr/lib/gcc/avr/4.5.3/../../../avr/lib/avr51/libc.a(strtok.o)
 *(.bss*)
 *(COMMON)
 COMMON         0x008003dc        0x6 Lib/uIPManagement.o
                0x008003dc                MACAddress
 COMMON         0x008003e2       0x21 Lib/DHCPServerApp.o
                0x008003e2                LeasedIPs
                0x00800401                BroadcastConnection
 COMMON         0x00800403      0x222 Lib/HTTPServerApp.o
                0x00800403                DiskFATState
 COMMON         0x00800625      0x784 Lib/uip/uip.o
                0x00800625                uip_len
                0x00800627                uip_sappdata
                0x00800629                uip_acc32
                0x0080062d                uip_flags
                0x0080062e                uip_udp_conn
                0x00800630                uip_appdata
                0x00800632                uip_conn
                0x00800634                uip_conns
                0x00800787                uip_listenports
                0x00800791                uip_draddr
                0x00800795                uip_netmask
                0x00800799                uip_hostaddr
                0x0080079d                uip_buf
                0x00800d89                uip_slen
                0x00800d8b                uip_udp_conns
 COMMON         0x00800da9        0x3 ../../LUFA/Drivers/USB/Core/DeviceStandardReq.o
                0x00800da9                USB_Device_ConfigurationNumber
                0x00800daa                USB_Device_CurrentlySelfPowered
                0x00800dab                USB_Device_RemoteWakeupEnabled
 COMMON         0x00800dac        0x1 ../../LUFA/Drivers/USB/Core/HostStandardReq.o
                0x00800dac                USB_Host_ConfigurationNumber
 COMMON         0x00800dad        0x9 ../../LUFA/Drivers/USB/Core/USBTask.o
                0x00800dad                USB_IsInitialized
                0x00800dae                USB_ControlRequest
                0x00800db6                PROVIDE (__bss_end, .)
                0x00008090                __data_load_start = LOADADDR (.data)
                0x000082e6                __data_load_end = (__data_load_start + SIZEOF (.data))

.noinit         0x00800db6        0x0
                0x00800db6                PROVIDE (__noinit_start, .)
 *(.noinit*)
                0x00800db6                PROVIDE (__noinit_end, .)
                0x00800db6                _end = .
                0x00800db6                PROVIDE (__heap_start, .)

.eeprom         0x00810000        0x0
 *(.eeprom*)
                0x00810000                __eeprom_end = .

.fuse
 *(.fuse)
 *(.lfuse)
 *(.hfuse)
 *(.efuse)

.lock
 *(.lock*)

.signature
 *(.signature*)

.stab           0x00000000     0x2ae4
 *(.stab)
 .stab          0x00000000      0x6cc /usr/lib/gcc/avr/4.5.3/../../../avr/lib/avr51/crtusb1286.o
 .stab          0x000006cc       0x84 /usr/lib/gcc/avr/4.5.3/../../../avr/lib/avr51/libc.a(memcpy_P.o)
                                 0x90 (size before relaxing)
 .stab          0x00000750       0x9c /usr/lib/gcc/avr/4.5.3/../../../avr/lib/avr51/libc.a(strcat_P.o)
                                 0xa8 (size before relaxing)
 .stab          0x000007ec       0x84 /usr/lib/gcc/avr/4.5.3/../../../avr/lib/avr51/libc.a(strcmp_P.o)
                                 0x90 (size before relaxing)
 .stab          0x00000870       0x6c /usr/lib/gcc/avr/4.5.3/../../../avr/lib/avr51/libc.a(strcpy_P.o)
                                 0x78 (size before relaxing)
 .stab          0x000008dc      0x120 /usr/lib/gcc/avr/4.5.3/../../../avr/lib/avr51/libc.a(strlcpy_P.o)
                                0x12c (size before relaxing)
 .stab          0x000009fc      0x198 /usr/lib/gcc/avr/4.5.3/../../../avr/lib/avr51/libc.a(strtok.o)
                                0x1a4 (size before relaxing)
 .stab          0x00000b94       0xb4 /usr/lib/gcc/avr/4.5.3/../../../avr/lib/avr51/libc.a(memcmp.o)
                                 0xc0 (size before relaxing)
 .stab          0x00000c48       0x84 /usr/lib/gcc/avr/4.5.3/../../../avr/lib/avr51/libc.a(memcpy.o)
                                 0x90 (size before relaxing)
 .stab          0x00000ccc       0xe4 /usr/lib/gcc/avr/4.5.3/../../../avr/lib/avr51/libc.a(memmove.o)
                                 0xf0 (size before relaxing)
 .stab          0x00000db0       0x6c /usr/lib/gcc/avr/4.5.3/../../../avr/lib/avr51/libc.a(memset.o)
                                 0x78 (size before relaxing)
 .stab          0x00000e1c       0x9c /usr/lib/gcc/avr/4.5.3/../../../avr/lib/avr51/libc.a(strcat.o)
                                 0xa8 (size before relaxing)
 .stab          0x00000eb8       0x9c /usr/lib/gcc/avr/4.5.3/../../../avr/lib/avr51/libc.a(strchr.o)
                                 0xa8 (size before relaxing)
 .stab          0x00000f54       0x84 /usr/lib/gcc/avr/4.5.3/../../../avr/lib/avr51/libc.a(strcmp.o)
                                 0x90 (size before relaxing)
 .stab          0x00000fd8      0x120 /usr/lib/gcc/avr/4.5.3/../../../avr/lib/avr51/libc.a(strlcpy.o)
                                0x12c (size before relaxing)
 .stab          0x000010f8      0x204 /usr/lib/gcc/avr/4.5.3/../../../avr/lib/avr51/libc.a(strtok_r.o)
                                0x210 (size before relaxing)
 .stab          0x000012fc      0x3b4 /usr/lib/gcc/avr/4.5.3/../../../avr/lib/avr51/libc.a(sprintf_p.o)
                                0x3d8 (size before relaxing)
 .stab          0x000016b0      0xaf8 /usr/lib/gcc/avr/4.5.3/../../../avr/lib/avr51/libc.a(vfprintf_std.o)
                                0xcd8 (size before relaxing)
 .stab          0x000021a8       0x90 /usr/lib/gcc/avr/4.5.3/../../../avr/lib/avr51/libc.a(eerd_byte_at90usb1287.o)
                                 0x9c (size before relaxing)
 .stab          0x00002238      0x114 /usr/lib/gcc/avr/4.5.3/../../../avr/lib/avr51/libc.a(eeupd_byte_at90usb1287.o)
                                0x120 (size before relaxing)
 .stab          0x0000234c       0x9c /usr/lib/gcc/avr/4.5.3/../../../avr/lib/avr51/libc.a(strnlen_P.o)
                                 0xa8 (size before relaxing)
 .stab          0x000023e8       0x9c /usr/lib/gcc/avr/4.5.3/../../../avr/lib/avr51/libc.a(strnlen.o)
                                 0xa8 (size before relaxing)
 .stab          0x00002484      0x1e0 /usr/lib/gcc/avr/4.5.3/../../../avr/lib/avr51/libc.a(fputc.o)
                                0x3c0 (size before relaxing)
 .stab          0x00002664      0x480 /usr/lib/gcc/avr/4.5.3/../../../avr/lib/avr51/libc.a(ultoa_invert.o)
                                0x48c (size before relaxing)

.stabstr        0x00000000     0x1004
 *(.stabstr)
 .stabstr       0x00000000     0x1004 /usr/lib/gcc/avr/4.5.3/../../../avr/lib/avr51/crtusb1286.o

.stab.excl
 *(.stab.excl)

.stab.exclstr
 *(.stab.exclstr)

.stab.index
 *(.stab.index)

.stab.indexstr
 *(.stab.indexstr)

.comment
 *(.comment)

.debug
 *(.debug)

.line
 *(.line)

.debug_srcinfo
 *(.debug_srcinfo)

.debug_sfnames
 *(.debug_sfnames)

.debug_aranges  0x00000000      0xe80
 *(.debug_aranges)
 .debug_aranges
                0x00000000       0x28 Webserver.o
 .debug_aranges
                0x00000028       0x20 Descriptors.o
 .debug_aranges
                0x00000048       0x50 USBDeviceMode.o
 .debug_aranges
                0x00000098       0x50 USBHostMode.o
 .debug_aranges
                0x000000e8       0x30 Lib/SCSI.o
 .debug_aranges
                0x00000118       0x68 Lib/DataflashManager.o
 .debug_aranges
                0x00000180       0x40 Lib/uIPManagement.o
 .debug_aranges
                0x000001c0       0x28 Lib/DHCPCommon.o
 .debug_aranges
                0x000001e8       0x30 Lib/DHCPClientApp.o
 .debug_aranges
                0x00000218       0x38 Lib/DHCPServerApp.o
 .debug_aranges
                0x00000250       0x28 Lib/HTTPServerApp.o
 .debug_aranges
                0x00000278       0x28 Lib/TELNETServerApp.o
 .debug_aranges
                0x000002a0       0x98 Lib/uip/uip.o
 .debug_aranges
                0x00000338       0x40 Lib/uip/uip_arp.o
 .debug_aranges
                0x00000378       0x38 Lib/uip/timer.o
 .debug_aranges
                0x000003b0       0x30 Lib/uip/clock.o
 .debug_aranges
                0x000003e0       0x20 Lib/uip/uip-split.o
 .debug_aranges
                0x00000400       0x38 Lib/FATFs/diskio.o
 .debug_aranges
                0x00000438       0x78 Lib/FATFs/ff.o
 .debug_aranges
                0x000004b0       0x38 ../../LUFA/Drivers/USB/Class/Common/HIDParser.o
 .debug_aranges
                0x000004e8       0x20 ../../LUFA/Drivers/USB/Core/AVR8/Device_AVR8.o
 .debug_aranges
                0x00000508       0xc8 ../../LUFA/Drivers/USB/Core/AVR8/EndpointStream_AVR8.o
 .debug_aranges
                0x000005d0       0x40 ../../LUFA/Drivers/USB/Core/AVR8/Endpoint_AVR8.o
 .debug_aranges
                0x00000610       0x30 ../../LUFA/Drivers/USB/Core/AVR8/Host_AVR8.o
 .debug_aranges
                0x00000640       0x78 ../../LUFA/Drivers/USB/Core/AVR8/PipeStream_AVR8.o
 .debug_aranges
                0x000006b8       0x40 ../../LUFA/Drivers/USB/Core/AVR8/Pipe_AVR8.o
 .debug_aranges
                0x000006f8       0x30 ../../LUFA/Drivers/USB/Core/AVR8/USBController_AVR8.o
 .debug_aranges
                0x00000728       0x38 ../../LUFA/Drivers/USB/Core/AVR8/USBInterrupt_AVR8.o
 .debug_aranges
                0x00000760       0x40 ../../LUFA/Drivers/USB/Core/ConfigDescriptors.o
 .debug_aranges
                0x000007a0       0x20 ../../LUFA/Drivers/USB/Core/DeviceStandardReq.o
 .debug_aranges
                0x000007c0       0x20 ../../LUFA/Drivers/USB/Core/Events.o
 .debug_aranges
                0x000007e0       0x60 ../../LUFA/Drivers/USB/Core/HostStandardReq.o
 .debug_aranges
                0x00000840       0x20 ../../LUFA/Drivers/USB/Core/USBTask.o
 .debug_aranges
                0x00000860       0x30 ../../LUFA/Drivers/USB/Class/Device/AudioClassDevice.o
 .debug_aranges
                0x00000890       0x98 ../../LUFA/Drivers/USB/Class/Device/CDCClassDevice.o
 .debug_aranges
                0x00000928       0x30 ../../LUFA/Drivers/USB/Class/Device/HIDClassDevice.o
 .debug_aranges
                0x00000958       0x30 ../../LUFA/Drivers/USB/Class/Device/MassStorageClassDevice.o
 .debug_aranges
                0x00000988       0x40 ../../LUFA/Drivers/USB/Class/Device/MIDIClassDevice.o
 .debug_aranges
                0x000009c8       0x48 ../../LUFA/Drivers/USB/Class/Device/RNDISClassDevice.o
 .debug_aranges
                0x00000a10       0xa0 ../../LUFA/Drivers/USB/Class/Host/AndroidAccessoryClassHost.o
 .debug_aranges
                0x00000ab0       0x48 ../../LUFA/Drivers/USB/Class/Host/AudioClassHost.o
 .debug_aranges
                0x00000af8       0xb8 ../../LUFA/Drivers/USB/Class/Host/CDCClassHost.o
 .debug_aranges
                0x00000bb0       0x70 ../../LUFA/Drivers/USB/Class/Host/HIDClassHost.o
 .debug_aranges
                0x00000c20       0x88 ../../LUFA/Drivers/USB/Class/Host/MassStorageClassHost.o
 .debug_aranges
                0x00000ca8       0x50 ../../LUFA/Drivers/USB/Class/Host/MIDIClassHost.o
 .debug_aranges
                0x00000cf8       0x88 ../../LUFA/Drivers/USB/Class/Host/PrinterClassHost.o
 .debug_aranges
                0x00000d80       0x80 ../../LUFA/Drivers/USB/Class/Host/RNDISClassHost.o
 .debug_aranges
                0x00000e00       0x80 ../../LUFA/Drivers/USB/Class/Host/StillImageClassHost.o

.debug_pubnames
                0x00000000     0x22d0
 *(.debug_pubnames)
 .debug_pubnames
                0x00000000       0x2d Webserver.o
 .debug_pubnames
                0x0000002d       0x9e Descriptors.o
 .debug_pubnames
                0x000000cb      0x11c USBDeviceMode.o
 .debug_pubnames
                0x000001e7      0x107 USBHostMode.o
 .debug_pubnames
                0x000002ee       0x2d Lib/SCSI.o
 .debug_pubnames
                0x0000031b       0xf8 Lib/DataflashManager.o
 .debug_pubnames
                0x00000413       0x94 Lib/uIPManagement.o
 .debug_pubnames
                0x000004a7       0x44 Lib/DHCPCommon.o
 .debug_pubnames
                0x000004eb       0x44 Lib/DHCPClientApp.o
 .debug_pubnames
                0x0000052f       0x6a Lib/DHCPServerApp.o
 .debug_pubnames
                0x00000599       0xb2 Lib/HTTPServerApp.o
 .debug_pubnames
                0x0000064b       0x86 Lib/TELNETServerApp.o
 .debug_pubnames
                0x000006d1      0x203 Lib/uip/uip.o
 .debug_pubnames
                0x000008d4       0x57 Lib/uip/uip_arp.o
 .debug_pubnames
                0x0000092b       0x54 Lib/uip/timer.o
 .debug_pubnames
                0x0000097f       0x53 Lib/uip/clock.o
 .debug_pubnames
                0x000009d2       0x27 Lib/uip/uip-split.o
 .debug_pubnames
                0x000009f9       0x53 Lib/FATFs/diskio.o
 .debug_pubnames
                0x00000a4c       0x67 Lib/FATFs/ff.o
 .debug_pubnames
                0x00000ab3       0x7e ../../LUFA/Drivers/USB/Class/Common/HIDParser.o
 .debug_pubnames
                0x00000b31       0x32 ../../LUFA/Drivers/USB/Core/AVR8/Device_AVR8.o
 .debug_pubnames
                0x00000b63      0x2df ../../LUFA/Drivers/USB/Core/AVR8/EndpointStream_AVR8.o
 .debug_pubnames
                0x00000e42       0xaf ../../LUFA/Drivers/USB/Core/AVR8/Endpoint_AVR8.o
 .debug_pubnames
                0x00000ef1       0x48 ../../LUFA/Drivers/USB/Core/AVR8/Host_AVR8.o
 .debug_pubnames
                0x00000f39      0x13b ../../LUFA/Drivers/USB/Core/AVR8/PipeStream_AVR8.o
 .debug_pubnames
                0x00001074       0xa7 ../../LUFA/Drivers/USB/Core/AVR8/Pipe_AVR8.o
 .debug_pubnames
                0x0000111b       0x5a ../../LUFA/Drivers/USB/Core/AVR8/USBController_AVR8.o
 .debug_pubnames
                0x00001175       0x72 ../../LUFA/Drivers/USB/Core/AVR8/USBInterrupt_AVR8.o
 .debug_pubnames
                0x000011e7       0xc2 ../../LUFA/Drivers/USB/Core/ConfigDescriptors.o
 .debug_pubnames
                0x000012a9       0xa1 ../../LUFA/Drivers/USB/Core/DeviceStandardReq.o
 .debug_pubnames
                0x0000134a       0x25 ../../LUFA/Drivers/USB/Core/Events.o
 .debug_pubnames
                0x0000136f      0x13b ../../LUFA/Drivers/USB/Core/HostStandardReq.o
 .debug_pubnames
                0x000014aa       0x4f ../../LUFA/Drivers/USB/Core/USBTask.o
 .debug_pubnames
                0x000014f9       0x79 ../../LUFA/Drivers/USB/Class/Device/AudioClassDevice.o
 .debug_pubnames
                0x00001572      0x18b ../../LUFA/Drivers/USB/Class/Device/CDCClassDevice.o
 .debug_pubnames
                0x000016fd       0x70 ../../LUFA/Drivers/USB/Class/Device/HIDClassDevice.o
 .debug_pubnames
                0x0000176d       0x6d ../../LUFA/Drivers/USB/Class/Device/MassStorageClassDevice.o
 .debug_pubnames
                0x000017da       0xa6 ../../LUFA/Drivers/USB/Class/Device/MIDIClassDevice.o
 .debug_pubnames
                0x00001880       0xd0 ../../LUFA/Drivers/USB/Class/Device/RNDISClassDevice.o
 .debug_pubnames
                0x00001950      0x14f ../../LUFA/Drivers/USB/Class/Host/AndroidAccessoryClassHost.o
 .debug_pubnames
                0x00001a9f       0x78 ../../LUFA/Drivers/USB/Class/Host/AudioClassHost.o
 .debug_pubnames
                0x00001b17      0x17e ../../LUFA/Drivers/USB/Class/Host/CDCClassHost.o
 .debug_pubnames
                0x00001c95       0xf9 ../../LUFA/Drivers/USB/Class/Host/HIDClassHost.o
 .debug_pubnames
                0x00001d8e      0x12e ../../LUFA/Drivers/USB/Class/Host/MassStorageClassHost.o
 .debug_pubnames
                0x00001ebc       0x98 ../../LUFA/Drivers/USB/Class/Host/MIDIClassHost.o
 .debug_pubnames
                0x00001f54      0x147 ../../LUFA/Drivers/USB/Class/Host/PrinterClassHost.o
 .debug_pubnames
                0x0000209b      0x103 ../../LUFA/Drivers/USB/Class/Host/RNDISClassHost.o
 .debug_pubnames
                0x0000219e      0x132 ../../LUFA/Drivers/USB/Class/Host/StillImageClassHost.o

.debug_info     0x00000000    0x1bc57
 *(.debug_info)
 .debug_info    0x00000000      0x273 Webserver.o
 .debug_info    0x00000273      0x8e0 Descriptors.o
 .debug_info    0x00000b53      0x547 USBDeviceMode.o
 .debug_info    0x0000109a      0x472 USBHostMode.o
 .debug_info    0x0000150c      0x9e0 Lib/SCSI.o
 .debug_info    0x00001eec     0x1cbe Lib/DataflashManager.o
 .debug_info    0x00003baa      0xcd0 Lib/uIPManagement.o
 .debug_info    0x0000487a      0x146 Lib/DHCPCommon.o
 .debug_info    0x000049c0      0x603 Lib/DHCPClientApp.o
 .debug_info    0x00004fc3      0xbb3 Lib/DHCPServerApp.o
 .debug_info    0x00005b76      0x942 Lib/HTTPServerApp.o
 .debug_info    0x000064b8      0x737 Lib/TELNETServerApp.o
 .debug_info    0x00006bef     0x114a Lib/uip/uip.o
 .debug_info    0x00007d39      0x571 Lib/uip/uip_arp.o
 .debug_info    0x000082aa      0x152 Lib/uip/timer.o
 .debug_info    0x000083fc      0x148 Lib/uip/clock.o
 .debug_info    0x00008544      0x61d Lib/uip/uip-split.o
 .debug_info    0x00008b61      0x27f Lib/FATFs/diskio.o
 .debug_info    0x00008de0      0xf1f Lib/FATFs/ff.o
 .debug_info    0x00009cff      0x6f9 ../../LUFA/Drivers/USB/Class/Common/HIDParser.o
 .debug_info    0x0000a3f8       0xd8 ../../LUFA/Drivers/USB/Core/AVR8/Device_AVR8.o
 .debug_info    0x0000a4d0     0x154c ../../LUFA/Drivers/USB/Core/AVR8/EndpointStream_AVR8.o
 .debug_info    0x0000ba1c      0x603 ../../LUFA/Drivers/USB/Core/AVR8/Endpoint_AVR8.o
 .debug_info    0x0000c01f      0xa60 ../../LUFA/Drivers/USB/Core/AVR8/Host_AVR8.o
 .debug_info    0x0000ca7f      0xac6 ../../LUFA/Drivers/USB/Core/AVR8/PipeStream_AVR8.o
 .debug_info    0x0000d545      0x649 ../../LUFA/Drivers/USB/Core/AVR8/Pipe_AVR8.o
 .debug_info    0x0000db8e      0x6cc ../../LUFA/Drivers/USB/Core/AVR8/USBController_AVR8.o
 .debug_info    0x0000e25a      0xabf ../../LUFA/Drivers/USB/Core/AVR8/USBInterrupt_AVR8.o
 .debug_info    0x0000ed19      0x63f ../../LUFA/Drivers/USB/Core/ConfigDescriptors.o
 .debug_info    0x0000f358      0x973 ../../LUFA/Drivers/USB/Core/DeviceStandardReq.o
 .debug_info    0x0000fccb       0x85 ../../LUFA/Drivers/USB/Core/Events.o
 .debug_info    0x0000fd50      0x969 ../../LUFA/Drivers/USB/Core/HostStandardReq.o
 .debug_info    0x000106b9      0x350 ../../LUFA/Drivers/USB/Core/USBTask.o
 .debug_info    0x00010a09      0x56c ../../LUFA/Drivers/USB/Class/Device/AudioClassDevice.o
 .debug_info    0x00010f75      0xc3b ../../LUFA/Drivers/USB/Class/Device/CDCClassDevice.o
 .debug_info    0x00011bb0      0x67a ../../LUFA/Drivers/USB/Class/Device/HIDClassDevice.o
 .debug_info    0x0001222a      0x7ca ../../LUFA/Drivers/USB/Class/Device/MassStorageClassDevice.o
 .debug_info    0x000129f4      0x4c1 ../../LUFA/Drivers/USB/Class/Device/MIDIClassDevice.o
 .debug_info    0x00012eb5      0xef3 ../../LUFA/Drivers/USB/Class/Device/RNDISClassDevice.o
 .debug_info    0x00013da8     0x1012 ../../LUFA/Drivers/USB/Class/Host/AndroidAccessoryClassHost.o
 .debug_info    0x00014dba      0x74b ../../LUFA/Drivers/USB/Class/Host/AudioClassHost.o
 .debug_info    0x00015505      0xfd0 ../../LUFA/Drivers/USB/Class/Host/CDCClassHost.o
 .debug_info    0x000164d5      0xf62 ../../LUFA/Drivers/USB/Class/Host/HIDClassHost.o
 .debug_info    0x00017437     0x13cd ../../LUFA/Drivers/USB/Class/Host/MassStorageClassHost.o
 .debug_info    0x00018804      0x899 ../../LUFA/Drivers/USB/Class/Host/MIDIClassHost.o
 .debug_info    0x0001909d      0xd75 ../../LUFA/Drivers/USB/Class/Host/PrinterClassHost.o
 .debug_info    0x00019e12     0x1132 ../../LUFA/Drivers/USB/Class/Host/RNDISClassHost.o
 .debug_info    0x0001af44      0xd13 ../../LUFA/Drivers/USB/Class/Host/StillImageClassHost.o
 *(.gnu.linkonce.wi.*)

.debug_abbrev   0x00000000     0x5ba2
 *(.debug_abbrev)
 .debug_abbrev  0x00000000      0x15c Webserver.o
 .debug_abbrev  0x0000015c      0x153 Descriptors.o
 .debug_abbrev  0x000002af      0x197 USBDeviceMode.o
 .debug_abbrev  0x00000446      0x189 USBHostMode.o
 .debug_abbrev  0x000005cf      0x287 Lib/SCSI.o
 .debug_abbrev  0x00000856      0x2c8 Lib/DataflashManager.o
 .debug_abbrev  0x00000b1e      0x283 Lib/uIPManagement.o
 .debug_abbrev  0x00000da1       0x78 Lib/DHCPCommon.o
 .debug_abbrev  0x00000e19      0x1be Lib/DHCPClientApp.o
 .debug_abbrev  0x00000fd7      0x2c4 Lib/DHCPServerApp.o
 .debug_abbrev  0x0000129b      0x26c Lib/HTTPServerApp.o
 .debug_abbrev  0x00001507      0x221 Lib/TELNETServerApp.o
 .debug_abbrev  0x00001728      0x303 Lib/uip/uip.o
 .debug_abbrev  0x00001a2b      0x1b7 Lib/uip/uip_arp.o
 .debug_abbrev  0x00001be2       0xac Lib/uip/timer.o
 .debug_abbrev  0x00001c8e       0xbd Lib/uip/clock.o
 .debug_abbrev  0x00001d4b      0x13d Lib/uip/uip-split.o
 .debug_abbrev  0x00001e88       0x96 Lib/FATFs/diskio.o
 .debug_abbrev  0x00001f1e      0x24c Lib/FATFs/ff.o
 .debug_abbrev  0x0000216a      0x1ec ../../LUFA/Drivers/USB/Class/Common/HIDParser.o
 .debug_abbrev  0x00002356       0x7d ../../LUFA/Drivers/USB/Core/AVR8/Device_AVR8.o
 .debug_abbrev  0x000023d3      0x18b ../../LUFA/Drivers/USB/Core/AVR8/EndpointStream_AVR8.o
 .debug_abbrev  0x0000255e      0x1ee ../../LUFA/Drivers/USB/Core/AVR8/Endpoint_AVR8.o
 .debug_abbrev  0x0000274c      0x294 ../../LUFA/Drivers/USB/Core/AVR8/Host_AVR8.o
 .debug_abbrev  0x000029e0      0x164 ../../LUFA/Drivers/USB/Core/AVR8/PipeStream_AVR8.o
 .debug_abbrev  0x00002b44      0x202 ../../LUFA/Drivers/USB/Core/AVR8/Pipe_AVR8.o
 .debug_abbrev  0x00002d46      0x1ad ../../LUFA/Drivers/USB/Core/AVR8/USBController_AVR8.o
 .debug_abbrev  0x00002ef3      0x1fa ../../LUFA/Drivers/USB/Core/AVR8/USBInterrupt_AVR8.o
 .debug_abbrev  0x000030ed      0x1ca ../../LUFA/Drivers/USB/Core/ConfigDescriptors.o
 .debug_abbrev  0x000032b7      0x20b ../../LUFA/Drivers/USB/Core/DeviceStandardReq.o
 .debug_abbrev  0x000034c2       0x41 ../../LUFA/Drivers/USB/Core/Events.o
 .debug_abbrev  0x00003503      0x271 ../../LUFA/Drivers/USB/Core/HostStandardReq.o
 .debug_abbrev  0x00003774      0x186 ../../LUFA/Drivers/USB/Core/USBTask.o
 .debug_abbrev  0x000038fa      0x160 ../../LUFA/Drivers/USB/Class/Device/AudioClassDevice.o
 .debug_abbrev  0x00003a5a      0x2ec ../../LUFA/Drivers/USB/Class/Device/CDCClassDevice.o
 .debug_abbrev  0x00003d46      0x1b5 ../../LUFA/Drivers/USB/Class/Device/HIDClassDevice.o
 .debug_abbrev  0x00003efb      0x205 ../../LUFA/Drivers/USB/Class/Device/MassStorageClassDevice.o
 .debug_abbrev  0x00004100      0x16c ../../LUFA/Drivers/USB/Class/Device/MIDIClassDevice.o
 .debug_abbrev  0x0000426c      0x2b2 ../../LUFA/Drivers/USB/Class/Device/RNDISClassDevice.o
 .debug_abbrev  0x0000451e      0x342 ../../LUFA/Drivers/USB/Class/Host/AndroidAccessoryClassHost.o
 .debug_abbrev  0x00004860      0x1aa ../../LUFA/Drivers/USB/Class/Host/AudioClassHost.o
 .debug_abbrev  0x00004a0a      0x306 ../../LUFA/Drivers/USB/Class/Host/CDCClassHost.o
 .debug_abbrev  0x00004d10      0x290 ../../LUFA/Drivers/USB/Class/Host/HIDClassHost.o
 .debug_abbrev  0x00004fa0      0x2f7 ../../LUFA/Drivers/USB/Class/Host/MassStorageClassHost.o
 .debug_abbrev  0x00005297      0x1b1 ../../LUFA/Drivers/USB/Class/Host/MIDIClassHost.o
 .debug_abbrev  0x00005448      0x2ae ../../LUFA/Drivers/USB/Class/Host/PrinterClassHost.o
 .debug_abbrev  0x000056f6      0x249 ../../LUFA/Drivers/USB/Class/Host/RNDISClassHost.o
 .debug_abbrev  0x0000593f      0x263 ../../LUFA/Drivers/USB/Class/Host/StillImageClassHost.o

.debug_line     0x00000000    0x14346
 *(.debug_line)
 .debug_line    0x00000000      0x30c Webserver.o
 .debug_line    0x0000030c      0x255 Descriptors.o
 .debug_line    0x00000561      0x3da USBDeviceMode.o
 .debug_line    0x0000093b      0x422 USBHostMode.o
 .debug_line    0x00000d5d      0x444 Lib/SCSI.o
 .debug_line    0x000011a1     0x122e Lib/DataflashManager.o
 .debug_line    0x000023cf      0x638 Lib/uIPManagement.o
 .debug_line    0x00002a07      0x130 Lib/DHCPCommon.o
 .debug_line    0x00002b37      0x35f Lib/DHCPClientApp.o
 .debug_line    0x00002e96      0x425 Lib/DHCPServerApp.o
 .debug_line    0x000032bb      0x33f Lib/HTTPServerApp.o
 .debug_line    0x000035fa      0x234 Lib/TELNETServerApp.o
 .debug_line    0x0000382e     0x141a Lib/uip/uip.o
 .debug_line    0x00004c48      0x4f1 Lib/uip/uip_arp.o
 .debug_line    0x00005139      0x12f Lib/uip/timer.o
 .debug_line    0x00005268      0x174 Lib/uip/clock.o
 .debug_line    0x000053dc      0x377 Lib/uip/uip-split.o
 .debug_line    0x00005753       0xed Lib/FATFs/diskio.o
 .debug_line    0x00005840      0xd0a Lib/FATFs/ff.o
 .debug_line    0x0000654a      0x752 ../../LUFA/Drivers/USB/Class/Common/HIDParser.o
 .debug_line    0x00006c9c      0x15f ../../LUFA/Drivers/USB/Core/AVR8/Device_AVR8.o
 .debug_line    0x00006dfb     0x1a80 ../../LUFA/Drivers/USB/Core/AVR8/EndpointStream_AVR8.o
 .debug_line    0x0000887b      0x5a1 ../../LUFA/Drivers/USB/Core/AVR8/Endpoint_AVR8.o
 .debug_line    0x00008e1c      0x7f9 ../../LUFA/Drivers/USB/Core/AVR8/Host_AVR8.o
 .debug_line    0x00009615      0xc89 ../../LUFA/Drivers/USB/Core/AVR8/PipeStream_AVR8.o
 .debug_line    0x0000a29e      0x57c ../../LUFA/Drivers/USB/Core/AVR8/Pipe_AVR8.o
 .debug_line    0x0000a81a      0x502 ../../LUFA/Drivers/USB/Core/AVR8/USBController_AVR8.o
 .debug_line    0x0000ad1c      0x87b ../../LUFA/Drivers/USB/Core/AVR8/USBInterrupt_AVR8.o
 .debug_line    0x0000b597      0x37d ../../LUFA/Drivers/USB/Core/ConfigDescriptors.o
 .debug_line    0x0000b914      0x5a2 ../../LUFA/Drivers/USB/Core/DeviceStandardReq.o
 .debug_line    0x0000beb6       0x80 ../../LUFA/Drivers/USB/Core/Events.o
 .debug_line    0x0000bf36      0x6db ../../LUFA/Drivers/USB/Core/HostStandardReq.o
 .debug_line    0x0000c611      0x289 ../../LUFA/Drivers/USB/Core/USBTask.o
 .debug_line    0x0000c89a      0x4ba ../../LUFA/Drivers/USB/Class/Device/AudioClassDevice.o
 .debug_line    0x0000cd54      0x9be ../../LUFA/Drivers/USB/Class/Device/CDCClassDevice.o
 .debug_line    0x0000d712      0x5e5 ../../LUFA/Drivers/USB/Class/Device/HIDClassDevice.o
 .debug_line    0x0000dcf7      0x5e8 ../../LUFA/Drivers/USB/Class/Device/MassStorageClassDevice.o
 .debug_line    0x0000e2df      0x3de ../../LUFA/Drivers/USB/Class/Device/MIDIClassDevice.o
 .debug_line    0x0000e6bd      0x7f6 ../../LUFA/Drivers/USB/Class/Device/RNDISClassDevice.o
 .debug_line    0x0000eeb3      0xaae ../../LUFA/Drivers/USB/Class/Host/AndroidAccessoryClassHost.o
 .debug_line    0x0000f961      0x600 ../../LUFA/Drivers/USB/Class/Host/AudioClassHost.o
 .debug_line    0x0000ff61      0xb50 ../../LUFA/Drivers/USB/Class/Host/CDCClassHost.o
 .debug_line    0x00010ab1      0x89e ../../LUFA/Drivers/USB/Class/Host/HIDClassHost.o
 .debug_line    0x0001134f      0xae0 ../../LUFA/Drivers/USB/Class/Host/MassStorageClassHost.o
 .debug_line    0x00011e2f      0x6de ../../LUFA/Drivers/USB/Class/Host/MIDIClassHost.o
 .debug_line    0x0001250d      0x9f3 ../../LUFA/Drivers/USB/Class/Host/PrinterClassHost.o
 .debug_line    0x00012f00      0x9ab ../../LUFA/Drivers/USB/Class/Host/RNDISClassHost.o
 .debug_line    0x000138ab      0xa9b ../../LUFA/Drivers/USB/Class/Host/StillImageClassHost.o

.debug_frame    0x00000000     0x1700
 *(.debug_frame)
 .debug_frame   0x00000000       0x30 Webserver.o
 .debug_frame   0x00000030       0x20 Descriptors.o
 .debug_frame   0x00000050       0x80 USBDeviceMode.o
 .debug_frame   0x000000d0       0x80 USBHostMode.o
 .debug_frame   0x00000150       0x40 Lib/SCSI.o
 .debug_frame   0x00000190       0xb0 Lib/DataflashManager.o
 .debug_frame   0x00000240       0x60 Lib/uIPManagement.o
 .debug_frame   0x000002a0       0x30 Lib/DHCPCommon.o
 .debug_frame   0x000002d0       0x40 Lib/DHCPClientApp.o
 .debug_frame   0x00000310       0x50 Lib/DHCPServerApp.o
 .debug_frame   0x00000360       0x30 Lib/HTTPServerApp.o
 .debug_frame   0x00000390       0x30 Lib/TELNETServerApp.o
 .debug_frame   0x000003c0      0x110 Lib/uip/uip.o
 .debug_frame   0x000004d0       0x60 Lib/uip/uip_arp.o
 .debug_frame   0x00000530       0x50 Lib/uip/timer.o
 .debug_frame   0x00000580       0x40 Lib/uip/clock.o
 .debug_frame   0x000005c0       0x20 Lib/uip/uip-split.o
 .debug_frame   0x000005e0       0x50 Lib/FATFs/diskio.o
 .debug_frame   0x00000630       0xd0 Lib/FATFs/ff.o
 .debug_frame   0x00000700       0x50 ../../LUFA/Drivers/USB/Class/Common/HIDParser.o
 .debug_frame   0x00000750       0x20 ../../LUFA/Drivers/USB/Core/AVR8/Device_AVR8.o
 .debug_frame   0x00000770      0x170 ../../LUFA/Drivers/USB/Core/AVR8/EndpointStream_AVR8.o
 .debug_frame   0x000008e0       0x60 ../../LUFA/Drivers/USB/Core/AVR8/Endpoint_AVR8.o
 .debug_frame   0x00000940       0x40 ../../LUFA/Drivers/USB/Core/AVR8/Host_AVR8.o
 .debug_frame   0x00000980       0xd0 ../../LUFA/Drivers/USB/Core/AVR8/PipeStream_AVR8.o
 .debug_frame   0x00000a50       0x60 ../../LUFA/Drivers/USB/Core/AVR8/Pipe_AVR8.o
 .debug_frame   0x00000ab0       0x40 ../../LUFA/Drivers/USB/Core/AVR8/USBController_AVR8.o
 .debug_frame   0x00000af0       0x50 ../../LUFA/Drivers/USB/Core/AVR8/USBInterrupt_AVR8.o
 .debug_frame   0x00000b40       0x60 ../../LUFA/Drivers/USB/Core/ConfigDescriptors.o
 .debug_frame   0x00000ba0       0x20 ../../LUFA/Drivers/USB/Core/DeviceStandardReq.o
 .debug_frame   0x00000bc0       0x20 ../../LUFA/Drivers/USB/Core/Events.o
 .debug_frame   0x00000be0       0xa0 ../../LUFA/Drivers/USB/Core/HostStandardReq.o
 .debug_frame   0x00000c80       0x20 ../../LUFA/Drivers/USB/Core/USBTask.o
 .debug_frame   0x00000ca0       0x40 ../../LUFA/Drivers/USB/Class/Device/AudioClassDevice.o
 .debug_frame   0x00000ce0      0x110 ../../LUFA/Drivers/USB/Class/Device/CDCClassDevice.o
 .debug_frame   0x00000df0       0x40 ../../LUFA/Drivers/USB/Class/Device/HIDClassDevice.o
 .debug_frame   0x00000e30       0x40 ../../LUFA/Drivers/USB/Class/Device/MassStorageClassDevice.o
 .debug_frame   0x00000e70       0x60 ../../LUFA/Drivers/USB/Class/Device/MIDIClassDevice.o
 .debug_frame   0x00000ed0       0x70 ../../LUFA/Drivers/USB/Class/Device/RNDISClassDevice.o
 .debug_frame   0x00000f40      0x120 ../../LUFA/Drivers/USB/Class/Host/AndroidAccessoryClassHost.o
 .debug_frame   0x00001060       0x70 ../../LUFA/Drivers/USB/Class/Host/AudioClassHost.o
 .debug_frame   0x000010d0      0x150 ../../LUFA/Drivers/USB/Class/Host/CDCClassHost.o
 .debug_frame   0x00001220       0xc0 ../../LUFA/Drivers/USB/Class/Host/HIDClassHost.o
 .debug_frame   0x000012e0       0xf0 ../../LUFA/Drivers/USB/Class/Host/MassStorageClassHost.o
 .debug_frame   0x000013d0       0x80 ../../LUFA/Drivers/USB/Class/Host/MIDIClassHost.o
 .debug_frame   0x00001450       0xf0 ../../LUFA/Drivers/USB/Class/Host/PrinterClassHost.o
 .debug_frame   0x00001540       0xe0 ../../LUFA/Drivers/USB/Class/Host/RNDISClassHost.o
 .debug_frame   0x00001620       0xe0 ../../LUFA/Drivers/USB/Class/Host/StillImageClassHost.o

.debug_str      0x00000000     0x7ec0
 *(.debug_str)
 .debug_str     0x00000000      0x22f Webserver.o
                                0x26d (size before relaxing)
 .debug_str     0x0000022f      0xb62 Descriptors.o
                                0xccd (size before relaxing)
 .debug_str     0x00000d91      0x2da USBDeviceMode.o
                                0x554 (size before relaxing)
 .debug_str     0x0000106b      0x44b USBHostMode.o
                                0x6d5 (size before relaxing)
 .debug_str     0x000014b6      0x312 Lib/SCSI.o
                                0x65c (size before relaxing)
 .debug_str     0x000017c8      0x2b5 Lib/DataflashManager.o
                                0x551 (size before relaxing)
 .debug_str     0x00001a7d      0x518 Lib/uIPManagement.o
                                0x9a1 (size before relaxing)
 .debug_str     0x00001f95       0x69 Lib/DHCPCommon.o
                                0x161 (size before relaxing)
 .debug_str     0x00001ffe      0x238 Lib/DHCPClientApp.o
                                0x49a (size before relaxing)
 .debug_str     0x00002236      0x125 Lib/DHCPServerApp.o
                                0x684 (size before relaxing)
 .debug_str     0x0000235b      0x30a Lib/HTTPServerApp.o
                                0x5e7 (size before relaxing)
 .debug_str     0x00002665      0x16c Lib/TELNETServerApp.o
                                0x452 (size before relaxing)
 .debug_str     0x000027d1      0x2cf Lib/uip/uip.o
                                0x6e1 (size before relaxing)
 .debug_str     0x00002aa0      0x102 Lib/uip/uip_arp.o
                                0x303 (size before relaxing)
 .debug_str     0x00002ba2       0x42 Lib/uip/timer.o
                                0x12e (size before relaxing)
 .debug_str     0x00002be4       0x58 Lib/uip/clock.o
                                0x163 (size before relaxing)
 .debug_str     0x00002c3c       0x36 Lib/uip/uip-split.o
                                0x468 (size before relaxing)
 .debug_str     0x00002c72       0x92 Lib/FATFs/diskio.o
                                0x2b4 (size before relaxing)
 .debug_str     0x00002d04      0x154 Lib/FATFs/ff.o
                                0x4f6 (size before relaxing)
 .debug_str     0x00002e58      0x456 ../../LUFA/Drivers/USB/Class/Common/HIDParser.o
                                0x5ef (size before relaxing)
 .debug_str     0x000032ae       0x77 ../../LUFA/Drivers/USB/Core/AVR8/Device_AVR8.o
                                0x152 (size before relaxing)
 .debug_str     0x00003325      0x53b ../../LUFA/Drivers/USB/Core/AVR8/EndpointStream_AVR8.o
                                0x768 (size before relaxing)
 .debug_str     0x00003860      0x2ee ../../LUFA/Drivers/USB/Core/AVR8/Endpoint_AVR8.o
                                0x564 (size before relaxing)
 .debug_str     0x00003b4e      0x5a9 ../../LUFA/Drivers/USB/Core/AVR8/Host_AVR8.o
                                0xa6c (size before relaxing)
 .debug_str     0x000040f7      0x23d ../../LUFA/Drivers/USB/Core/AVR8/PipeStream_AVR8.o
                                0x386 (size before relaxing)
 .debug_str     0x00004334      0x260 ../../LUFA/Drivers/USB/Core/AVR8/Pipe_AVR8.o
                                0x575 (size before relaxing)
 .debug_str     0x00004594      0x1ec ../../LUFA/Drivers/USB/Core/AVR8/USBController_AVR8.o
                                0x70f (size before relaxing)
 .debug_str     0x00004780      0x120 ../../LUFA/Drivers/USB/Core/AVR8/USBInterrupt_AVR8.o
                                0x782 (size before relaxing)
 .debug_str     0x000048a0      0x272 ../../LUFA/Drivers/USB/Core/ConfigDescriptors.o
                                0x7fe (size before relaxing)
 .debug_str     0x00004b12      0x347 ../../LUFA/Drivers/USB/Core/DeviceStandardReq.o
                                0x858 (size before relaxing)
 .debug_str     0x00004e59       0x34 ../../LUFA/Drivers/USB/Core/Events.o
                                0x101 (size before relaxing)
 .debug_str     0x00004e8d      0x249 ../../LUFA/Drivers/USB/Core/HostStandardReq.o
                                0x8f7 (size before relaxing)
 .debug_str     0x000050d6       0x64 ../../LUFA/Drivers/USB/Core/USBTask.o
                                0x34d (size before relaxing)
 .debug_str     0x0000513a      0x219 ../../LUFA/Drivers/USB/Class/Device/AudioClassDevice.o
                                0x528 (size before relaxing)
 .debug_str     0x00005353      0x392 ../../LUFA/Drivers/USB/Class/Device/CDCClassDevice.o
                                0x8dc (size before relaxing)
 .debug_str     0x000056e5      0x1ed ../../LUFA/Drivers/USB/Class/Device/HIDClassDevice.o
                                0x557 (size before relaxing)
 .debug_str     0x000058d2      0x172 ../../LUFA/Drivers/USB/Class/Device/MassStorageClassDevice.o
                                0x6b8 (size before relaxing)
 .debug_str     0x00005a44      0x118 ../../LUFA/Drivers/USB/Class/Device/MIDIClassDevice.o
                                0x53f (size before relaxing)
 .debug_str     0x00005b5c      0x615 ../../LUFA/Drivers/USB/Class/Device/RNDISClassDevice.o
                                0xc8b (size before relaxing)
 .debug_str     0x00006171      0x45e ../../LUFA/Drivers/USB/Class/Host/AndroidAccessoryClassHost.o
                                0xdc3 (size before relaxing)
 .debug_str     0x000065cf      0x30f ../../LUFA/Drivers/USB/Class/Host/AudioClassHost.o
                                0x950 (size before relaxing)
 .debug_str     0x000068de      0x2ea ../../LUFA/Drivers/USB/Class/Host/CDCClassHost.o
                                0xd63 (size before relaxing)
 .debug_str     0x00006bc8      0x405 ../../LUFA/Drivers/USB/Class/Host/HIDClassHost.o
                               0x116f (size before relaxing)
 .debug_str     0x00006fcd      0x328 ../../LUFA/Drivers/USB/Class/Host/MassStorageClassHost.o
                                0xf82 (size before relaxing)
 .debug_str     0x000072f5      0x1e8 ../../LUFA/Drivers/USB/Class/Host/MIDIClassHost.o
                                0xb30 (size before relaxing)
 .debug_str     0x000074dd      0x36d ../../LUFA/Drivers/USB/Class/Host/PrinterClassHost.o
                                0xc7d (size before relaxing)
 .debug_str     0x0000784a      0x2a8 ../../LUFA/Drivers/USB/Class/Host/RNDISClassHost.o
                               0x106a (size before relaxing)
 .debug_str     0x00007af2      0x3ce ../../LUFA/Drivers/USB/Class/Host/StillImageClassHost.o
                                0xb7f (size before relaxing)

.debug_loc      0x00000000     0xe05c
 *(.debug_loc)
 .debug_loc     0x00000000       0xd3 Descriptors.o
 .debug_loc     0x000000d3       0x83 USBDeviceMode.o
 .debug_loc     0x00000156       0x39 USBHostMode.o
 .debug_loc     0x0000018f      0x2d0 Lib/SCSI.o
 .debug_loc     0x0000045f     0x116a Lib/DataflashManager.o
 .debug_loc     0x000015c9       0x3c Lib/uIPManagement.o
 .debug_loc     0x00001605      0x145 Lib/DHCPCommon.o
 .debug_loc     0x0000174a      0x21f Lib/DHCPClientApp.o
 .debug_loc     0x00001969      0x325 Lib/DHCPServerApp.o
 .debug_loc     0x00001c8e      0x187 Lib/HTTPServerApp.o
 .debug_loc     0x00001e15       0xbb Lib/TELNETServerApp.o
 .debug_loc     0x00001ed0      0x57b Lib/uip/uip.o
 .debug_loc     0x0000244b      0x159 Lib/uip/uip_arp.o
 .debug_loc     0x000025a4       0xb8 Lib/uip/timer.o
 .debug_loc     0x0000265c       0x42 Lib/uip/uip-split.o
 .debug_loc     0x0000269e      0x12a Lib/FATFs/diskio.o
 .debug_loc     0x000027c8     0x1338 Lib/FATFs/ff.o
 .debug_loc     0x00003b00      0x8de ../../LUFA/Drivers/USB/Class/Common/HIDParser.o
 .debug_loc     0x000043de     0x19a2 ../../LUFA/Drivers/USB/Core/AVR8/EndpointStream_AVR8.o
 .debug_loc     0x00005d80      0x39b ../../LUFA/Drivers/USB/Core/AVR8/Endpoint_AVR8.o
 .debug_loc     0x0000611b      0x32e ../../LUFA/Drivers/USB/Core/AVR8/Host_AVR8.o
 .debug_loc     0x00006449      0xfe0 ../../LUFA/Drivers/USB/Core/AVR8/PipeStream_AVR8.o
 .debug_loc     0x00007429      0x3ba ../../LUFA/Drivers/USB/Core/AVR8/Pipe_AVR8.o
 .debug_loc     0x000077e3      0x142 ../../LUFA/Drivers/USB/Core/AVR8/USBController_AVR8.o
 .debug_loc     0x00007925      0x2f8 ../../LUFA/Drivers/USB/Core/AVR8/USBInterrupt_AVR8.o
 .debug_loc     0x00007c1d      0x365 ../../LUFA/Drivers/USB/Core/ConfigDescriptors.o
 .debug_loc     0x00007f82      0x22a ../../LUFA/Drivers/USB/Core/DeviceStandardReq.o
 .debug_loc     0x000081ac      0x43b ../../LUFA/Drivers/USB/Core/HostStandardReq.o
 .debug_loc     0x000085e7       0x3b ../../LUFA/Drivers/USB/Core/USBTask.o
 .debug_loc     0x00008622      0x16d ../../LUFA/Drivers/USB/Class/Device/AudioClassDevice.o
 .debug_loc     0x0000878f      0x52b ../../LUFA/Drivers/USB/Class/Device/CDCClassDevice.o
 .debug_loc     0x00008cba      0x249 ../../LUFA/Drivers/USB/Class/Device/HIDClassDevice.o
 .debug_loc     0x00008f03      0x152 ../../LUFA/Drivers/USB/Class/Device/MassStorageClassDevice.o
 .debug_loc     0x00009055      0x1e6 ../../LUFA/Drivers/USB/Class/Device/MIDIClassDevice.o
 .debug_loc     0x0000923b      0x754 ../../LUFA/Drivers/USB/Class/Device/RNDISClassDevice.o
 .debug_loc     0x0000998f      0x76d ../../LUFA/Drivers/USB/Class/Host/AndroidAccessoryClassHost.o
 .debug_loc     0x0000a0fc      0x586 ../../LUFA/Drivers/USB/Class/Host/AudioClassHost.o
 .debug_loc     0x0000a682      0x854 ../../LUFA/Drivers/USB/Class/Host/CDCClassHost.o
 .debug_loc     0x0000aed6      0x753 ../../LUFA/Drivers/USB/Class/Host/HIDClassHost.o
 .debug_loc     0x0000b629      0xba1 ../../LUFA/Drivers/USB/Class/Host/MassStorageClassHost.o
 .debug_loc     0x0000c1ca      0x4db ../../LUFA/Drivers/USB/Class/Host/MIDIClassHost.o
 .debug_loc     0x0000c6a5      0x7a4 ../../LUFA/Drivers/USB/Class/Host/PrinterClassHost.o
 .debug_loc     0x0000ce49      0x81b ../../LUFA/Drivers/USB/Class/Host/RNDISClassHost.o
 .debug_loc     0x0000d664      0x9f8 ../../LUFA/Drivers/USB/Class/Host/StillImageClassHost.o

.debug_macinfo
 *(.debug_macinfo)
OUTPUT(Webserver.elf elf32-avr)
LOAD linker stubs

.debug_pubtypes
                0x00000000     0x3817
 .debug_pubtypes
                0x00000000       0x4b Webserver.o
 .debug_pubtypes
                0x0000004b      0x283 Descriptors.o
 .debug_pubtypes
                0x000002ce       0xff USBDeviceMode.o
 .debug_pubtypes
                0x000003cd      0x12a USBHostMode.o
 .debug_pubtypes
                0x000004f7       0xfa Lib/SCSI.o
 .debug_pubtypes
                0x000005f1       0xaa Lib/DataflashManager.o
 .debug_pubtypes
                0x0000069b      0x206 Lib/uIPManagement.o
 .debug_pubtypes
                0x000008a1       0x1e Lib/DHCPCommon.o
 .debug_pubtypes
                0x000008bf       0xff Lib/DHCPClientApp.o
 .debug_pubtypes
                0x000009be      0x14a Lib/DHCPServerApp.o
 .debug_pubtypes
                0x00000b08       0xf9 Lib/HTTPServerApp.o
 .debug_pubtypes
                0x00000c01       0xe6 Lib/TELNETServerApp.o
 .debug_pubtypes
                0x00000ce7      0x167 Lib/uip/uip.o
 .debug_pubtypes
                0x00000e4e       0xbc Lib/uip/uip_arp.o
 .debug_pubtypes
                0x00000f0a       0x3a Lib/uip/timer.o
 .debug_pubtypes
                0x00000f44       0x3c Lib/uip/clock.o
 .debug_pubtypes
                0x00000f80      0x122 Lib/uip/uip-split.o
 .debug_pubtypes
                0x000010a2       0x3d Lib/FATFs/diskio.o
 .debug_pubtypes
                0x000010df       0x85 Lib/FATFs/ff.o
 .debug_pubtypes
                0x00001164      0x145 ../../LUFA/Drivers/USB/Class/Common/HIDParser.o
 .debug_pubtypes
                0x000012a9       0x1e ../../LUFA/Drivers/USB/Core/AVR8/Device_AVR8.o
 .debug_pubtypes
                0x000012c7       0xab ../../LUFA/Drivers/USB/Core/AVR8/EndpointStream_AVR8.o
 .debug_pubtypes
                0x00001372       0x9e ../../LUFA/Drivers/USB/Core/AVR8/Endpoint_AVR8.o
 .debug_pubtypes
                0x00001410      0x12a ../../LUFA/Drivers/USB/Core/AVR8/Host_AVR8.o
 .debug_pubtypes
                0x0000153a       0x4b ../../LUFA/Drivers/USB/Core/AVR8/PipeStream_AVR8.o
 .debug_pubtypes
                0x00001585       0x7b ../../LUFA/Drivers/USB/Core/AVR8/Pipe_AVR8.o
 .debug_pubtypes
                0x00001600       0x7e ../../LUFA/Drivers/USB/Core/AVR8/USBController_AVR8.o
 .debug_pubtypes
                0x0000167e       0xbd ../../LUFA/Drivers/USB/Core/AVR8/USBInterrupt_AVR8.o
 .debug_pubtypes
                0x0000173b      0x17e ../../LUFA/Drivers/USB/Core/ConfigDescriptors.o
 .debug_pubtypes
                0x000018b9       0xd7 ../../LUFA/Drivers/USB/Core/DeviceStandardReq.o
 .debug_pubtypes
                0x00001990       0x12 ../../LUFA/Drivers/USB/Core/Events.o
 .debug_pubtypes
                0x000019a2       0xec ../../LUFA/Drivers/USB/Core/HostStandardReq.o
 .debug_pubtypes
                0x00001a8e       0x6c ../../LUFA/Drivers/USB/Core/USBTask.o
 .debug_pubtypes
                0x00001afa       0xb2 ../../LUFA/Drivers/USB/Class/Device/AudioClassDevice.o
 .debug_pubtypes
                0x00001bac      0x151 ../../LUFA/Drivers/USB/Class/Device/CDCClassDevice.o
 .debug_pubtypes
                0x00001cfd       0xc6 ../../LUFA/Drivers/USB/Class/Device/HIDClassDevice.o
 .debug_pubtypes
                0x00001dc3      0x132 ../../LUFA/Drivers/USB/Class/Device/MassStorageClassDevice.o
 .debug_pubtypes
                0x00001ef5       0xe0 ../../LUFA/Drivers/USB/Class/Device/MIDIClassDevice.o
 .debug_pubtypes
                0x00001fd5      0x2ae ../../LUFA/Drivers/USB/Class/Device/RNDISClassDevice.o
 .debug_pubtypes
                0x00002283      0x252 ../../LUFA/Drivers/USB/Class/Host/AndroidAccessoryClassHost.o
 .debug_pubtypes
                0x000024d5      0x1b1 ../../LUFA/Drivers/USB/Class/Host/AudioClassHost.o
 .debug_pubtypes
                0x00002686      0x231 ../../LUFA/Drivers/USB/Class/Host/CDCClassHost.o
 .debug_pubtypes
                0x000028b7      0x374 ../../LUFA/Drivers/USB/Class/Host/HIDClassHost.o
 .debug_pubtypes
                0x00002c2b      0x2ab ../../LUFA/Drivers/USB/Class/Host/MassStorageClassHost.o
 .debug_pubtypes
                0x00002ed6      0x208 ../../LUFA/Drivers/USB/Class/Host/MIDIClassHost.o
 .debug_pubtypes
                0x000030de      0x22e ../../LUFA/Drivers/USB/Class/Host/PrinterClassHost.o
 .debug_pubtypes
                0x0000330c      0x32e ../../LUFA/Drivers/USB/Class/Host/RNDISClassHost.o
 .debug_pubtypes
                0x0000363a      0x1dd ../../LUFA/Drivers/USB/Class/Host/StillImageClassHost.o

.debug_ranges   0x00000000     0x13a8
 .debug_ranges  0x00000000       0x18 Webserver.o
 .debug_ranges  0x00000018       0x10 Descriptors.o
 .debug_ranges  0x00000028       0x40 USBDeviceMode.o
 .debug_ranges  0x00000068       0x40 USBHostMode.o
 .debug_ranges  0x000000a8       0x20 Lib/SCSI.o
 .debug_ranges  0x000000c8      0x100 Lib/DataflashManager.o
 .debug_ranges  0x000001c8       0x30 Lib/uIPManagement.o
 .debug_ranges  0x000001f8       0x18 Lib/DHCPCommon.o
 .debug_ranges  0x00000210       0x20 Lib/DHCPClientApp.o
 .debug_ranges  0x00000230       0x28 Lib/DHCPServerApp.o
 .debug_ranges  0x00000258       0x18 Lib/HTTPServerApp.o
 .debug_ranges  0x00000270       0x48 Lib/TELNETServerApp.o
 .debug_ranges  0x000002b8       0x88 Lib/uip/uip.o
 .debug_ranges  0x00000340       0x30 Lib/uip/uip_arp.o
 .debug_ranges  0x00000370       0x28 Lib/uip/timer.o
 .debug_ranges  0x00000398       0x20 Lib/uip/clock.o
 .debug_ranges  0x000003b8       0x10 Lib/uip/uip-split.o
 .debug_ranges  0x000003c8       0x28 Lib/FATFs/diskio.o
 .debug_ranges  0x000003f0      0x150 Lib/FATFs/ff.o
 .debug_ranges  0x00000540      0x100 ../../LUFA/Drivers/USB/Class/Common/HIDParser.o
 .debug_ranges  0x00000640       0x10 ../../LUFA/Drivers/USB/Core/AVR8/Device_AVR8.o
 .debug_ranges  0x00000650      0x298 ../../LUFA/Drivers/USB/Core/AVR8/EndpointStream_AVR8.o
 .debug_ranges  0x000008e8       0xa8 ../../LUFA/Drivers/USB/Core/AVR8/Endpoint_AVR8.o
 .debug_ranges  0x00000990       0x20 ../../LUFA/Drivers/USB/Core/AVR8/Host_AVR8.o
 .debug_ranges  0x000009b0       0x68 ../../LUFA/Drivers/USB/Core/AVR8/PipeStream_AVR8.o
 .debug_ranges  0x00000a18       0x78 ../../LUFA/Drivers/USB/Core/AVR8/Pipe_AVR8.o
 .debug_ranges  0x00000a90       0x20 ../../LUFA/Drivers/USB/Core/AVR8/USBController_AVR8.o
 .debug_ranges  0x00000ab0       0x28 ../../LUFA/Drivers/USB/Core/AVR8/USBInterrupt_AVR8.o
 .debug_ranges  0x00000ad8       0x30 ../../LUFA/Drivers/USB/Core/ConfigDescriptors.o
 .debug_ranges  0x00000b08       0x10 ../../LUFA/Drivers/USB/Core/DeviceStandardReq.o
 .debug_ranges  0x00000b18       0x10 ../../LUFA/Drivers/USB/Core/Events.o
 .debug_ranges  0x00000b28       0x98 ../../LUFA/Drivers/USB/Core/HostStandardReq.o
 .debug_ranges  0x00000bc0       0x10 ../../LUFA/Drivers/USB/Core/USBTask.o
 .debug_ranges  0x00000bd0       0x20 ../../LUFA/Drivers/USB/Class/Device/AudioClassDevice.o
 .debug_ranges  0x00000bf0       0x88 ../../LUFA/Drivers/USB/Class/Device/CDCClassDevice.o
 .debug_ranges  0x00000c78       0x20 ../../LUFA/Drivers/USB/Class/Device/HIDClassDevice.o
 .debug_ranges  0x00000c98       0x20 ../../LUFA/Drivers/USB/Class/Device/MassStorageClassDevice.o
 .debug_ranges  0x00000cb8       0x30 ../../LUFA/Drivers/USB/Class/Device/MIDIClassDevice.o
 .debug_ranges  0x00000ce8       0x80 ../../LUFA/Drivers/USB/Class/Device/RNDISClassDevice.o
 .debug_ranges  0x00000d68       0xc0 ../../LUFA/Drivers/USB/Class/Host/AndroidAccessoryClassHost.o
 .debug_ranges  0x00000e28       0xa0 ../../LUFA/Drivers/USB/Class/Host/AudioClassHost.o
 .debug_ranges  0x00000ec8       0xd8 ../../LUFA/Drivers/USB/Class/Host/CDCClassHost.o
 .debug_ranges  0x00000fa0       0xa8 ../../LUFA/Drivers/USB/Class/Host/HIDClassHost.o
 .debug_ranges  0x00001048       0xf0 ../../LUFA/Drivers/USB/Class/Host/MassStorageClassHost.o
 .debug_ranges  0x00001138       0x70 ../../LUFA/Drivers/USB/Class/Host/MIDIClassHost.o
 .debug_ranges  0x000011a8       0xa8 ../../LUFA/Drivers/USB/Class/Host/PrinterClassHost.o
 .debug_ranges  0x00001250       0xa0 ../../LUFA/Drivers/USB/Class/Host/RNDISClassHost.o
 .debug_ranges  0x000012f0       0xb8 ../../LUFA/Drivers/USB/Class/Host/StillImageClassHost.o

Cross Reference Table

Symbol                                            File
AOA_Host_BytesReceived                            ../../LUFA/Drivers/USB/Class/Host/AndroidAccessoryClassHost.o
AOA_Host_ConfigurePipes                           ../../LUFA/Drivers/USB/Class/Host/AndroidAccessoryClassHost.o
AOA_Host_CreateBlockingStream                     ../../LUFA/Drivers/USB/Class/Host/AndroidAccessoryClassHost.o
AOA_Host_CreateStream                             ../../LUFA/Drivers/USB/Class/Host/AndroidAccessoryClassHost.o
AOA_Host_Flush                                    ../../LUFA/Drivers/USB/Class/Host/AndroidAccessoryClassHost.o
AOA_Host_ReceiveByte                              ../../LUFA/Drivers/USB/Class/Host/AndroidAccessoryClassHost.o
AOA_Host_SendByte                                 ../../LUFA/Drivers/USB/Class/Host/AndroidAccessoryClassHost.o
AOA_Host_SendData                                 ../../LUFA/Drivers/USB/Class/Host/AndroidAccessoryClassHost.o
AOA_Host_SendString                               ../../LUFA/Drivers/USB/Class/Host/AndroidAccessoryClassHost.o
AOA_Host_StartAccessoryMode                       ../../LUFA/Drivers/USB/Class/Host/AndroidAccessoryClassHost.o
AOA_Host_USBTask                                  ../../LUFA/Drivers/USB/Class/Host/AndroidAccessoryClassHost.o
AOA_Host_ValidateAccessoryDevice                  ../../LUFA/Drivers/USB/Class/Host/AndroidAccessoryClassHost.o
Audio_Device_ConfigureEndpoints                   ../../LUFA/Drivers/USB/Class/Device/AudioClassDevice.o
Audio_Device_Event_Stub                           ../../LUFA/Drivers/USB/Class/Device/AudioClassDevice.o
Audio_Device_ProcessControlRequest                ../../LUFA/Drivers/USB/Class/Device/AudioClassDevice.o
Audio_Host_ConfigurePipes                         ../../LUFA/Drivers/USB/Class/Host/AudioClassHost.o
Audio_Host_GetSetEndpointProperty                 ../../LUFA/Drivers/USB/Class/Host/AudioClassHost.o
Audio_Host_StartStopStreaming                     ../../LUFA/Drivers/USB/Class/Host/AudioClassHost.o
BroadcastConnection                               Lib/DHCPServerApp.o
CALLBACK_Audio_Device_GetSetEndpointProperty      ../../LUFA/Drivers/USB/Class/Device/AudioClassDevice.o
CALLBACK_Audio_Device_GetSetInterfaceProperty     ../../LUFA/Drivers/USB/Class/Device/AudioClassDevice.o
CALLBACK_HIDParser_FilterHIDReportItem            ../../LUFA/Drivers/USB/Class/Common/HIDParser.o
CALLBACK_HID_Device_CreateHIDReport               ../../LUFA/Drivers/USB/Class/Device/HIDClassDevice.o
CALLBACK_HID_Device_ProcessHIDReport              ../../LUFA/Drivers/USB/Class/Device/HIDClassDevice.o
CALLBACK_MS_Device_SCSICommandReceived            USBDeviceMode.o
                                                  ../../LUFA/Drivers/USB/Class/Device/MassStorageClassDevice.o
CALLBACK_USB_GetDescriptor                        Descriptors.o
                                                  ../../LUFA/Drivers/USB/Core/DeviceStandardReq.o
CDC_Device_BytesReceived                          ../../LUFA/Drivers/USB/Class/Device/CDCClassDevice.o
CDC_Device_ConfigureEndpoints                     ../../LUFA/Drivers/USB/Class/Device/CDCClassDevice.o
CDC_Device_CreateBlockingStream                   ../../LUFA/Drivers/USB/Class/Device/CDCClassDevice.o
CDC_Device_CreateStream                           ../../LUFA/Drivers/USB/Class/Device/CDCClassDevice.o
CDC_Device_Event_Stub                             ../../LUFA/Drivers/USB/Class/Device/CDCClassDevice.o
CDC_Device_Flush                                  ../../LUFA/Drivers/USB/Class/Device/CDCClassDevice.o
CDC_Device_ProcessControlRequest                  ../../LUFA/Drivers/USB/Class/Device/CDCClassDevice.o
CDC_Device_ReceiveByte                            ../../LUFA/Drivers/USB/Class/Device/CDCClassDevice.o
CDC_Device_SendByte                               ../../LUFA/Drivers/USB/Class/Device/CDCClassDevice.o
CDC_Device_SendControlLineStateChange             ../../LUFA/Drivers/USB/Class/Device/CDCClassDevice.o
CDC_Device_SendData                               ../../LUFA/Drivers/USB/Class/Device/CDCClassDevice.o
CDC_Device_SendString                             ../../LUFA/Drivers/USB/Class/Device/CDCClassDevice.o
CDC_Device_USBTask                                ../../LUFA/Drivers/USB/Class/Device/CDCClassDevice.o
CDC_Host_BytesReceived                            ../../LUFA/Drivers/USB/Class/Host/CDCClassHost.o
CDC_Host_ConfigurePipes                           ../../LUFA/Drivers/USB/Class/Host/CDCClassHost.o
CDC_Host_CreateBlockingStream                     ../../LUFA/Drivers/USB/Class/Host/CDCClassHost.o
CDC_Host_CreateStream                             ../../LUFA/Drivers/USB/Class/Host/CDCClassHost.o
CDC_Host_Event_Stub                               ../../LUFA/Drivers/USB/Class/Host/CDCClassHost.o
CDC_Host_Flush                                    ../../LUFA/Drivers/USB/Class/Host/CDCClassHost.o
CDC_Host_ReceiveByte                              ../../LUFA/Drivers/USB/Class/Host/CDCClassHost.o
CDC_Host_SendBreak                                ../../LUFA/Drivers/USB/Class/Host/CDCClassHost.o
CDC_Host_SendByte                                 ../../LUFA/Drivers/USB/Class/Host/CDCClassHost.o
CDC_Host_SendControlLineStateChange               ../../LUFA/Drivers/USB/Class/Host/CDCClassHost.o
CDC_Host_SendData                                 ../../LUFA/Drivers/USB/Class/Host/CDCClassHost.o
CDC_Host_SendString                               ../../LUFA/Drivers/USB/Class/Host/CDCClassHost.o
CDC_Host_SetLineEncoding                          ../../LUFA/Drivers/USB/Class/Host/CDCClassHost.o
CDC_Host_USBTask                                  ../../LUFA/Drivers/USB/Class/Host/CDCClassHost.o
ConfigurationDescriptor                           Descriptors.o
CurrentConnectionsHeader                          Lib/TELNETServerApp.o
DHCPClientApp_Callback                            Lib/DHCPClientApp.o
                                                  Lib/uIPManagement.o
DHCPClientApp_Init                                Lib/DHCPClientApp.o
                                                  Lib/uIPManagement.o
DHCPCommon_GetOption                              Lib/DHCPCommon.o
                                                  Lib/DHCPServerApp.o
                                                  Lib/DHCPClientApp.o
DHCPCommon_SetOption                              Lib/DHCPCommon.o
                                                  Lib/DHCPServerApp.o
                                                  Lib/DHCPClientApp.o
DHCPServerApp_Callback                            Lib/DHCPServerApp.o
                                                  Lib/uIPManagement.o
DHCPServerApp_Init                                Lib/DHCPServerApp.o
                                                  Lib/uIPManagement.o
DataflashManager_CheckDataflashOperation          Lib/DataflashManager.o
                                                  Lib/SCSI.o
DataflashManager_ReadBlocks                       Lib/DataflashManager.o
                                                  Lib/SCSI.o
DataflashManager_ReadBlocks_RAM                   Lib/DataflashManager.o
                                                  Lib/FATFs/diskio.o
DataflashManager_ResetDataflashProtections        Lib/DataflashManager.o
DataflashManager_WriteBlocks                      Lib/DataflashManager.o
                                                  Lib/SCSI.o
DataflashManager_WriteBlocks_RAM                  Lib/DataflashManager.o
                                                  Lib/FATFs/diskio.o
DefaultDirFileName                                Lib/HTTPServerApp.o
DefaultMIMEType                                   Lib/HTTPServerApp.o
DeviceDescriptor                                  Descriptors.o
DiskFATState                                      Lib/HTTPServerApp.o
Disk_MS_Interface                                 USBDeviceMode.o
EVENT_Audio_Device_StreamStartStop                ../../LUFA/Drivers/USB/Class/Device/AudioClassDevice.o
EVENT_CDC_Device_BreakSent                        ../../LUFA/Drivers/USB/Class/Device/CDCClassDevice.o
EVENT_CDC_Device_ControLineStateChanged           ../../LUFA/Drivers/USB/Class/Device/CDCClassDevice.o
EVENT_CDC_Device_LineEncodingChanged              ../../LUFA/Drivers/USB/Class/Device/CDCClassDevice.o
EVENT_CDC_Host_ControLineStateChanged             ../../LUFA/Drivers/USB/Class/Host/CDCClassHost.o
EVENT_USB_Device_ConfigurationChanged             USBDeviceMode.o
                                                  ../../LUFA/Drivers/USB/Core/DeviceStandardReq.o
EVENT_USB_Device_Connect                          USBDeviceMode.o
                                                  ../../LUFA/Drivers/USB/Core/AVR8/USBInterrupt_AVR8.o
EVENT_USB_Device_ControlRequest                   USBDeviceMode.o
                                                  ../../LUFA/Drivers/USB/Core/DeviceStandardReq.o
EVENT_USB_Device_Disconnect                       USBDeviceMode.o
                                                  ../../LUFA/Drivers/USB/Core/AVR8/USBInterrupt_AVR8.o
EVENT_USB_Device_Reset                            ../../LUFA/Drivers/USB/Core/Events.o
                                                  ../../LUFA/Drivers/USB/Core/AVR8/USBInterrupt_AVR8.o
EVENT_USB_Device_StartOfFrame                     ../../LUFA/Drivers/USB/Core/Events.o